[32m2026-06-01 19:53:12 -0700[0m - dagster - [34mDEBUG[0m - __ASSET_JOB - 366f8e18-c03f-42ea-ae86-0fd43cc57db7 - 61722 - LOGS_CAPTURED - Started capturing logs in process (pid: 61722).
[32m2026-06-01 19:53:12 -0700[0m - dagster - [34mDEBUG[0m - __ASSET_JOB - 366f8e18-c03f-42ea-ae86-0fd43cc57db7 - 61722 - historical_relay_qualifying - STEP_START - Started execution of step "historical_relay_qualifying".
[32m2026-06-01 19:53:13 -0700[0m - dagster - [34mINFO[0m - __ASSET_JOB - 366f8e18-c03f-42ea-ae86-0fd43cc57db7 - historical_relay_qualifying -   2021 east M 4x100: 12 teams
[32m2026-06-01 19:53:13 -0700[0m - dagster - [34mINFO[0m - __ASSET_JOB - 366f8e18-c03f-42ea-ae86-0fd43cc57db7 - historical_relay_qualifying -   2021 east M 4x400: 12 teams
[32m2026-06-01 19:53:13 -0700[0m - dagster - [34mINFO[0m - __ASSET_JOB - 366f8e18-c03f-42ea-ae86-0fd43cc57db7 - historical_relay_qualifying -   2021 east W 4x100: 12 teams
[32m2026-06-01 19:53:14 -0700[0m - dagster - [34mINFO[0m - __ASSET_JOB - 366f8e18-c03f-42ea-ae86-0fd43cc57db7 - historical_relay_qualifying -   2021 east W 4x400: 12 teams
[32m2026-06-01 19:53:14 -0700[0m - dagster - [34mINFO[0m - __ASSET_JOB - 366f8e18-c03f-42ea-ae86-0fd43cc57db7 - historical_relay_qualifying -   2021 west M 4x100: 12 teams
[32m2026-06-01 19:53:14 -0700[0m - dagster - [34mINFO[0m - __ASSET_JOB - 366f8e18-c03f-42ea-ae86-0fd43cc57db7 - historical_relay_qualifying -   2021 west M 4x400: 12 teams
[32m2026-06-01 19:53:15 -0700[0m - dagster - [34mINFO[0m - __ASSET_JOB - 366f8e18-c03f-42ea-ae86-0fd43cc57db7 - historical_relay_qualifying -   2021 west W 4x100: 12 teams
[32m2026-06-01 19:53:15 -0700[0m - dagster - [34mINFO[0m - __ASSET_JOB - 366f8e18-c03f-42ea-ae86-0fd43cc57db7 - historical_relay_qualifying -   2021 west W 4x400: 12 teams
[32m2026-06-01 19:53:16 -0700[0m - dagster - [34mINFO[0m - __ASSET_JOB - 366f8e18-c03f-42ea-ae86-0fd43cc57db7 - historical_relay_qualifying -   2022 east M 4x100: 12 teams
[32m2026-06-01 19:53:16 -0700[0m - dagster - [34mINFO[0m - __ASSET_JOB - 366f8e18-c03f-42ea-ae86-0fd43cc57db7 - historical_relay_qualifying -   2022 east M 4x400: 12 teams
[32m2026-06-01 19:53:16 -0700[0m - dagster - [34mINFO[0m - __ASSET_JOB - 366f8e18-c03f-42ea-ae86-0fd43cc57db7 - historical_relay_qualifying -   2022 east W 4x100: 12 teams
[32m2026-06-01 19:53:17 -0700[0m - dagster - [34mINFO[0m - __ASSET_JOB - 366f8e18-c03f-42ea-ae86-0fd43cc57db7 - historical_relay_qualifying -   2022 east W 4x400: 12 teams
[32m2026-06-01 19:53:17 -0700[0m - dagster - [34mINFO[0m - __ASSET_JOB - 366f8e18-c03f-42ea-ae86-0fd43cc57db7 - historical_relay_qualifying -   2022 west M 4x100: 12 teams
[32m2026-06-01 19:53:17 -0700[0m - dagster - [34mINFO[0m - __ASSET_JOB - 366f8e18-c03f-42ea-ae86-0fd43cc57db7 - historical_relay_qualifying -   2022 west M 4x400: 12 teams
[32m2026-06-01 19:53:18 -0700[0m - dagster - [34mINFO[0m - __ASSET_JOB - 366f8e18-c03f-42ea-ae86-0fd43cc57db7 - historical_relay_qualifying -   2022 west W 4x100: 12 teams
[32m2026-06-01 19:53:18 -0700[0m - dagster - [34mINFO[0m - __ASSET_JOB - 366f8e18-c03f-42ea-ae86-0fd43cc57db7 - historical_relay_qualifying -   2022 west W 4x400: 12 teams
[32m2026-06-01 19:53:18 -0700[0m - dagster - [34mINFO[0m - __ASSET_JOB - 366f8e18-c03f-42ea-ae86-0fd43cc57db7 - historical_relay_qualifying -   2023 east M 4x100: 12 teams
[32m2026-06-01 19:53:19 -0700[0m - dagster - [34mINFO[0m - __ASSET_JOB - 366f8e18-c03f-42ea-ae86-0fd43cc57db7 - historical_relay_qualifying -   2023 east M 4x400: 12 teams
[32m2026-06-01 19:53:19 -0700[0m - dagster - [34mINFO[0m - __ASSET_JOB - 366f8e18-c03f-42ea-ae86-0fd43cc57db7 - historical_relay_qualifying -   2023 east W 4x100: 12 teams
[32m2026-06-01 19:53:19 -0700[0m - dagster - [34mINFO[0m - __ASSET_JOB - 366f8e18-c03f-42ea-ae86-0fd43cc57db7 - historical_relay_qualifying -   2023 east W 4x400: 12 teams
[32m2026-06-01 19:53:20 -0700[0m - dagster - [34mINFO[0m - __ASSET_JOB - 366f8e18-c03f-42ea-ae86-0fd43cc57db7 - historical_relay_qualifying -   2023 west M 4x100: 12 teams
[32m2026-06-01 19:53:20 -0700[0m - dagster - [34mINFO[0m - __ASSET_JOB - 366f8e18-c03f-42ea-ae86-0fd43cc57db7 - historical_relay_qualifying -   2023 west M 4x400: 12 teams
[32m2026-06-01 19:53:21 -0700[0m - dagster - [34mINFO[0m - __ASSET_JOB - 366f8e18-c03f-42ea-ae86-0fd43cc57db7 - historical_relay_qualifying -   2023 west W 4x100: 12 teams
[32m2026-06-01 19:53:21 -0700[0m - dagster - [34mINFO[0m - __ASSET_JOB - 366f8e18-c03f-42ea-ae86-0fd43cc57db7 - historical_relay_qualifying -   2023 west W 4x400: 12 teams
[32m2026-06-01 19:53:21 -0700[0m - dagster - [34mINFO[0m - __ASSET_JOB - 366f8e18-c03f-42ea-ae86-0fd43cc57db7 - historical_relay_qualifying -   2024 east M 4x100: 12 teams
[32m2026-06-01 19:53:22 -0700[0m - dagster - [34mINFO[0m - __ASSET_JOB - 366f8e18-c03f-42ea-ae86-0fd43cc57db7 - historical_relay_qualifying -   2024 east M 4x400: 12 teams
[32m2026-06-01 19:53:22 -0700[0m - dagster - [34mINFO[0m - __ASSET_JOB - 366f8e18-c03f-42ea-ae86-0fd43cc57db7 - historical_relay_qualifying -   2024 east W 4x100: 12 teams
[32m2026-06-01 19:53:22 -0700[0m - dagster - [34mINFO[0m - __ASSET_JOB - 366f8e18-c03f-42ea-ae86-0fd43cc57db7 - historical_relay_qualifying -   2024 east W 4x400: 12 teams
[32m2026-06-01 19:53:23 -0700[0m - dagster - [34mINFO[0m - __ASSET_JOB - 366f8e18-c03f-42ea-ae86-0fd43cc57db7 - historical_relay_qualifying -   2024 west M 4x100: 12 teams
[32m2026-06-01 19:53:23 -0700[0m - dagster - [34mINFO[0m - __ASSET_JOB - 366f8e18-c03f-42ea-ae86-0fd43cc57db7 - historical_relay_qualifying -   2024 west M 4x400: 12 teams
[32m2026-06-01 19:53:23 -0700[0m - dagster - [34mINFO[0m - __ASSET_JOB - 366f8e18-c03f-42ea-ae86-0fd43cc57db7 - historical_relay_qualifying -   2024 west W 4x100: 12 teams
[32m2026-06-01 19:53:24 -0700[0m - dagster - [34mINFO[0m - __ASSET_JOB - 366f8e18-c03f-42ea-ae86-0fd43cc57db7 - historical_relay_qualifying -   2024 west W 4x400: 12 teams
[32m2026-06-01 19:53:24 -0700[0m - dagster - [34mINFO[0m - __ASSET_JOB - 366f8e18-c03f-42ea-ae86-0fd43cc57db7 - historical_relay_qualifying -   2025 east M 4x100: 12 teams
[32m2026-06-01 19:53:25 -0700[0m - dagster - [34mINFO[0m - __ASSET_JOB - 366f8e18-c03f-42ea-ae86-0fd43cc57db7 - historical_relay_qualifying -   2025 east M 4x400: 12 teams
[32m2026-06-01 19:53:25 -0700[0m - dagster - [34mINFO[0m - __ASSET_JOB - 366f8e18-c03f-42ea-ae86-0fd43cc57db7 - historical_relay_qualifying -   2025 east W 4x100: 12 teams
[32m2026-06-01 19:53:25 -0700[0m - dagster - [34mINFO[0m - __ASSET_JOB - 366f8e18-c03f-42ea-ae86-0fd43cc57db7 - historical_relay_qualifying -   2025 east W 4x400: 12 teams
[32m2026-06-01 19:53:26 -0700[0m - dagster - [34mINFO[0m - __ASSET_JOB - 366f8e18-c03f-42ea-ae86-0fd43cc57db7 - historical_relay_qualifying -   2025 west M 4x100: 12 teams
[32m2026-06-01 19:53:26 -0700[0m - dagster - [34mINFO[0m - __ASSET_JOB - 366f8e18-c03f-42ea-ae86-0fd43cc57db7 - historical_relay_qualifying -   2025 west M 4x400: 12 teams
[32m2026-06-01 19:53:27 -0700[0m - dagster - [34mINFO[0m - __ASSET_JOB - 366f8e18-c03f-42ea-ae86-0fd43cc57db7 - historical_relay_qualifying -   2025 west W 4x100: 12 teams
[32m2026-06-01 19:53:27 -0700[0m - dagster - [34mINFO[0m - __ASSET_JOB - 366f8e18-c03f-42ea-ae86-0fd43cc57db7 - historical_relay_qualifying -   2025 west W 4x400: 12 teams
[32m2026-06-01 19:53:27 -0700[0m - dagster - [34mINFO[0m - __ASSET_JOB - 366f8e18-c03f-42ea-ae86-0fd43cc57db7 - historical_relay_qualifying -   2019 east M 4x100: 46 teams (TFRRS)
[32m2026-06-01 19:53:28 -0700[0m - dagster - [34mINFO[0m - __ASSET_JOB - 366f8e18-c03f-42ea-ae86-0fd43cc57db7 - historical_relay_qualifying -   2019 east M 4x400: 42 teams (TFRRS)
[32m2026-06-01 19:53:28 -0700[0m - dagster - [34mINFO[0m - __ASSET_JOB - 366f8e18-c03f-42ea-ae86-0fd43cc57db7 - historical_relay_qualifying -   2019 east W 4x100: 48 teams (TFRRS)
[32m2026-06-01 19:53:28 -0700[0m - dagster - [34mINFO[0m - __ASSET_JOB - 366f8e18-c03f-42ea-ae86-0fd43cc57db7 - historical_relay_qualifying -   2019 east W 4x400: 48 teams (TFRRS)
[32m2026-06-01 19:53:28 -0700[0m - dagster - [34mINFO[0m - __ASSET_JOB - 366f8e18-c03f-42ea-ae86-0fd43cc57db7 - historical_relay_qualifying -   2019 west M 4x100: 40 teams (TFRRS)
[32m2026-06-01 19:53:28 -0700[0m - dagster - [34mINFO[0m - __ASSET_JOB - 366f8e18-c03f-42ea-ae86-0fd43cc57db7 - historical_relay_qualifying -   2019 west M 4x400: 48 teams (TFRRS)
[32m2026-06-01 19:53:29 -0700[0m - dagster - [34mINFO[0m - __ASSET_JOB - 366f8e18-c03f-42ea-ae86-0fd43cc57db7 - historical_relay_qualifying -   2019 west W 4x100: 40 teams (TFRRS)
[32m2026-06-01 19:53:29 -0700[0m - dagster - [34mINFO[0m - __ASSET_JOB - 366f8e18-c03f-42ea-ae86-0fd43cc57db7 - historical_relay_qualifying -   2019 west W 4x400: 48 teams (TFRRS)
[32m2026-06-01 19:53:29 -0700[0m - dagster - [34mINFO[0m - __ASSET_JOB - 366f8e18-c03f-42ea-ae86-0fd43cc57db7 - historical_relay_qualifying - Saved 840 relay qualifying rows → data/training/historical_relay_qualifying.csv
[32m2026-06-01 19:53:29 -0700[0m - dagster - [34mDEBUG[0m - __ASSET_JOB - 366f8e18-c03f-42ea-ae86-0fd43cc57db7 - 61722 - historical_relay_qualifying - STEP_OUTPUT - Yielded output "result" of type "DataFrame". (Type check passed).
[32m2026-06-01 19:53:29 -0700[0m - dagster - [34mDEBUG[0m - __ASSET_JOB - 366f8e18-c03f-42ea-ae86-0fd43cc57db7 - historical_relay_qualifying - Writing file at: /Users/katelynvuong/Desktop/2026-ncaa-tf-predictions/.tmp_dagster_home_17skikmc/storage/historical_relay_qualifying using PickledObjectFilesystemIOManager...
[32m2026-06-01 19:53:29 -0700[0m - dagster - [34mDEBUG[0m - __ASSET_JOB - 366f8e18-c03f-42ea-ae86-0fd43cc57db7 - 61722 - historical_relay_qualifying - ASSET_MATERIALIZATION - Materialized value historical_relay_qualifying.
[32m2026-06-01 19:53:29 -0700[0m - dagster - [34mDEBUG[0m - __ASSET_JOB - 366f8e18-c03f-42ea-ae86-0fd43cc57db7 - 61722 - historical_relay_qualifying - HANDLED_OUTPUT - Handled output "result" using IO manager "io_manager"
[32m2026-06-01 19:53:29 -0700[0m - dagster - [34mDEBUG[0m - __ASSET_JOB - 366f8e18-c03f-42ea-ae86-0fd43cc57db7 - 61722 - historical_relay_qualifying - STEP_SUCCESS - Finished execution of step "historical_relay_qualifying" in 16.6s.
