[32m2026-06-01 19:53:12 -0700[0m - dagster - [34mDEBUG[0m - __ASSET_JOB - 366f8e18-c03f-42ea-ae86-0fd43cc57db7 - 61720 - LOGS_CAPTURED - Started capturing logs in process (pid: 61720).
[32m2026-06-01 19:53:12 -0700[0m - dagster - [34mDEBUG[0m - __ASSET_JOB - 366f8e18-c03f-42ea-ae86-0fd43cc57db7 - 61720 - championship_results - STEP_START - Started execution of step "championship_results".
[32m2026-06-01 19:53:13 -0700[0m - dagster - [34mINFO[0m - __ASSET_JOB - 366f8e18-c03f-42ea-ae86-0fd43cc57db7 - championship_results - 2025: 40 events found
[32m2026-06-01 19:53:13 -0700[0m - dagster - [34mINFO[0m - __ASSET_JOB - 366f8e18-c03f-42ea-ae86-0fd43cc57db7 - championship_results -   2025 M 100: 8 finalists
[32m2026-06-01 19:53:13 -0700[0m - dagster - [34mINFO[0m - __ASSET_JOB - 366f8e18-c03f-42ea-ae86-0fd43cc57db7 - championship_results -   2025 M 200: 8 finalists
[32m2026-06-01 19:53:13 -0700[0m - dagster - [34mINFO[0m - __ASSET_JOB - 366f8e18-c03f-42ea-ae86-0fd43cc57db7 - championship_results -   2025 M 400: 8 finalists
[32m2026-06-01 19:53:13 -0700[0m - dagster - [34mINFO[0m - __ASSET_JOB - 366f8e18-c03f-42ea-ae86-0fd43cc57db7 - championship_results -   2025 M 800: 8 finalists
[32m2026-06-01 19:53:14 -0700[0m - dagster - [34mINFO[0m - __ASSET_JOB - 366f8e18-c03f-42ea-ae86-0fd43cc57db7 - championship_results -   2025 M 1500: 8 finalists
[32m2026-06-01 19:53:14 -0700[0m - dagster - [34mINFO[0m - __ASSET_JOB - 366f8e18-c03f-42ea-ae86-0fd43cc57db7 - championship_results -   2025 M 5000: 8 finalists
[32m2026-06-01 19:53:14 -0700[0m - dagster - [34mINFO[0m - __ASSET_JOB - 366f8e18-c03f-42ea-ae86-0fd43cc57db7 - championship_results -   2025 M 10k: 8 finalists
[32m2026-06-01 19:53:14 -0700[0m - dagster - [34mINFO[0m - __ASSET_JOB - 366f8e18-c03f-42ea-ae86-0fd43cc57db7 - championship_results -   2025 M 110H: 8 finalists
[32m2026-06-01 19:53:15 -0700[0m - dagster - [34mINFO[0m - __ASSET_JOB - 366f8e18-c03f-42ea-ae86-0fd43cc57db7 - championship_results -   2025 M 400H: 8 finalists
[32m2026-06-01 19:53:15 -0700[0m - dagster - [34mINFO[0m - __ASSET_JOB - 366f8e18-c03f-42ea-ae86-0fd43cc57db7 - championship_results -   2025 M 3000S: 8 finalists
[32m2026-06-01 19:53:15 -0700[0m - dagster - [34mINFO[0m - __ASSET_JOB - 366f8e18-c03f-42ea-ae86-0fd43cc57db7 - championship_results -   2025 M 4x100: 8 finalists
[32m2026-06-01 19:53:15 -0700[0m - dagster - [34mINFO[0m - __ASSET_JOB - 366f8e18-c03f-42ea-ae86-0fd43cc57db7 - championship_results -   2025 M 4x400: 8 finalists
[32m2026-06-01 19:53:15 -0700[0m - dagster - [34mINFO[0m - __ASSET_JOB - 366f8e18-c03f-42ea-ae86-0fd43cc57db7 - championship_results -   2025 M HJ: 3 finalists
[32m2026-06-01 19:53:16 -0700[0m - dagster - [34mINFO[0m - __ASSET_JOB - 366f8e18-c03f-42ea-ae86-0fd43cc57db7 - championship_results -   2025 M PV: 4 finalists
[32m2026-06-01 19:53:16 -0700[0m - dagster - [34mINFO[0m - __ASSET_JOB - 366f8e18-c03f-42ea-ae86-0fd43cc57db7 - championship_results -   2025 M LJ: 8 finalists
[32m2026-06-01 19:53:16 -0700[0m - dagster - [34mWARNING[0m - __ASSET_JOB - 366f8e18-c03f-42ea-ae86-0fd43cc57db7 - championship_results -   https://tf.tfrrs.org/results/92668/5672528/NCAA_Division_I_Outdoor_Track__Field_Championships/Mens-Triple-Jump: failed — 502 Server Error: Bad Gateway for url: https://tf.tfrrs.org/results/92668/5672528/NCAA_Division_I_Outdoor_Track__Field_Championships/Mens-Triple-Jump
[32m2026-06-01 19:53:16 -0700[0m - dagster - [34mINFO[0m - __ASSET_JOB - 366f8e18-c03f-42ea-ae86-0fd43cc57db7 - championship_results -   2025 M SP: 8 finalists
[32m2026-06-01 19:53:16 -0700[0m - dagster - [34mINFO[0m - __ASSET_JOB - 366f8e18-c03f-42ea-ae86-0fd43cc57db7 - championship_results -   2025 M DT: 8 finalists
[32m2026-06-01 19:53:17 -0700[0m - dagster - [34mWARNING[0m - __ASSET_JOB - 366f8e18-c03f-42ea-ae86-0fd43cc57db7 - championship_results -   https://tf.tfrrs.org/results/92668/5672511/NCAA_Division_I_Outdoor_Track__Field_Championships/Mens-Hammer: failed — 502 Server Error: Bad Gateway for url: https://tf.tfrrs.org/results/92668/5672511/NCAA_Division_I_Outdoor_Track__Field_Championships/Mens-Hammer
[32m2026-06-01 19:53:17 -0700[0m - dagster - [34mINFO[0m - __ASSET_JOB - 366f8e18-c03f-42ea-ae86-0fd43cc57db7 - championship_results -   2025 M JT: 8 finalists
[32m2026-06-01 19:53:17 -0700[0m - dagster - [34mINFO[0m - __ASSET_JOB - 366f8e18-c03f-42ea-ae86-0fd43cc57db7 - championship_results -   2025 W 100: 8 finalists
[32m2026-06-01 19:53:17 -0700[0m - dagster - [34mINFO[0m - __ASSET_JOB - 366f8e18-c03f-42ea-ae86-0fd43cc57db7 - championship_results -   2025 W 200: 8 finalists
[32m2026-06-01 19:53:18 -0700[0m - dagster - [34mINFO[0m - __ASSET_JOB - 366f8e18-c03f-42ea-ae86-0fd43cc57db7 - championship_results -   2025 W 400: 8 finalists
[32m2026-06-01 19:53:18 -0700[0m - dagster - [34mINFO[0m - __ASSET_JOB - 366f8e18-c03f-42ea-ae86-0fd43cc57db7 - championship_results -   2025 W 800: 8 finalists
[32m2026-06-01 19:53:18 -0700[0m - dagster - [34mWARNING[0m - __ASSET_JOB - 366f8e18-c03f-42ea-ae86-0fd43cc57db7 - championship_results -   https://tf.tfrrs.org/results/92668/5672550/NCAA_Division_I_Outdoor_Track__Field_Championships/Womens-1500-Meters: failed — 502 Server Error: Bad Gateway for url: https://tf.tfrrs.org/results/92668/5672550/NCAA_Division_I_Outdoor_Track__Field_Championships/Womens-1500-Meters
[32m2026-06-01 19:53:18 -0700[0m - dagster - [34mINFO[0m - __ASSET_JOB - 366f8e18-c03f-42ea-ae86-0fd43cc57db7 - championship_results -   2025 W 5000: 8 finalists
[32m2026-06-01 19:53:18 -0700[0m - dagster - [34mINFO[0m - __ASSET_JOB - 366f8e18-c03f-42ea-ae86-0fd43cc57db7 - championship_results -   2025 W 10k: 8 finalists
[32m2026-06-01 19:53:18 -0700[0m - dagster - [34mINFO[0m - __ASSET_JOB - 366f8e18-c03f-42ea-ae86-0fd43cc57db7 - championship_results -   2025 W 100H: 6 finalists
[32m2026-06-01 19:53:19 -0700[0m - dagster - [34mINFO[0m - __ASSET_JOB - 366f8e18-c03f-42ea-ae86-0fd43cc57db7 - championship_results -   2025 W 400H: 8 finalists
[32m2026-06-01 19:53:19 -0700[0m - dagster - [34mINFO[0m - __ASSET_JOB - 366f8e18-c03f-42ea-ae86-0fd43cc57db7 - championship_results -   2025 W 3000S: 8 finalists
[32m2026-06-01 19:53:19 -0700[0m - dagster - [34mINFO[0m - __ASSET_JOB - 366f8e18-c03f-42ea-ae86-0fd43cc57db7 - championship_results -   2025 W 4x100: 8 finalists
[32m2026-06-01 19:53:19 -0700[0m - dagster - [34mINFO[0m - __ASSET_JOB - 366f8e18-c03f-42ea-ae86-0fd43cc57db7 - championship_results -   2025 W 4x400: 8 finalists
[32m2026-06-01 19:53:19 -0700[0m - dagster - [34mINFO[0m - __ASSET_JOB - 366f8e18-c03f-42ea-ae86-0fd43cc57db7 - championship_results -   2025 W HJ: 8 finalists
[32m2026-06-01 19:53:20 -0700[0m - dagster - [34mWARNING[0m - __ASSET_JOB - 366f8e18-c03f-42ea-ae86-0fd43cc57db7 - championship_results -   https://tf.tfrrs.org/results/92668/5672530/NCAA_Division_I_Outdoor_Track__Field_Championships/Womens-Pole-Vault: failed — 502 Server Error: Bad Gateway for url: https://tf.tfrrs.org/results/92668/5672530/NCAA_Division_I_Outdoor_Track__Field_Championships/Womens-Pole-Vault
[32m2026-06-01 19:53:20 -0700[0m - dagster - [34mINFO[0m - __ASSET_JOB - 366f8e18-c03f-42ea-ae86-0fd43cc57db7 - championship_results -   2025 W LJ: 8 finalists
[32m2026-06-01 19:53:20 -0700[0m - dagster - [34mINFO[0m - __ASSET_JOB - 366f8e18-c03f-42ea-ae86-0fd43cc57db7 - championship_results -   2025 W TJ: 8 finalists
[32m2026-06-01 19:53:20 -0700[0m - dagster - [34mINFO[0m - __ASSET_JOB - 366f8e18-c03f-42ea-ae86-0fd43cc57db7 - championship_results -   2025 W SP: 8 finalists
[32m2026-06-01 19:53:20 -0700[0m - dagster - [34mINFO[0m - __ASSET_JOB - 366f8e18-c03f-42ea-ae86-0fd43cc57db7 - championship_results -   2025 W DT: 8 finalists
[32m2026-06-01 19:53:21 -0700[0m - dagster - [34mINFO[0m - __ASSET_JOB - 366f8e18-c03f-42ea-ae86-0fd43cc57db7 - championship_results -   2025 W HT: 8 finalists
[32m2026-06-01 19:53:21 -0700[0m - dagster - [34mINFO[0m - __ASSET_JOB - 366f8e18-c03f-42ea-ae86-0fd43cc57db7 - championship_results -   2025 W JT: 8 finalists
[32m2026-06-01 19:53:21 -0700[0m - dagster - [34mINFO[0m - __ASSET_JOB - 366f8e18-c03f-42ea-ae86-0fd43cc57db7 - championship_results - 2024: 40 events found
[32m2026-06-01 19:53:21 -0700[0m - dagster - [34mINFO[0m - __ASSET_JOB - 366f8e18-c03f-42ea-ae86-0fd43cc57db7 - championship_results -   2024 M 100: 8 finalists
[32m2026-06-01 19:53:21 -0700[0m - dagster - [34mINFO[0m - __ASSET_JOB - 366f8e18-c03f-42ea-ae86-0fd43cc57db7 - championship_results -   2024 M 200: 8 finalists
[32m2026-06-01 19:53:22 -0700[0m - dagster - [34mWARNING[0m - __ASSET_JOB - 366f8e18-c03f-42ea-ae86-0fd43cc57db7 - championship_results -   https://tf.tfrrs.org/results/87017/5286169/NCAA_Division_I_Outdoor_Track__Field_Championships/Mens-400-Meters: failed — 502 Server Error: Bad Gateway for url: https://tf.tfrrs.org/results/87017/5286169/NCAA_Division_I_Outdoor_Track__Field_Championships/Mens-400-Meters
[32m2026-06-01 19:53:22 -0700[0m - dagster - [34mINFO[0m - __ASSET_JOB - 366f8e18-c03f-42ea-ae86-0fd43cc57db7 - championship_results -   2024 M 800: 8 finalists
[32m2026-06-01 19:53:32 -0700[0m - dagster - [34mWARNING[0m - __ASSET_JOB - 366f8e18-c03f-42ea-ae86-0fd43cc57db7 - championship_results -   https://tf.tfrrs.org/results/87017/5286200/NCAA_Division_I_Outdoor_Track__Field_Championships/Mens-1500-Meters: failed — 504 Server Error: Gateway Time-out for url: https://tf.tfrrs.org/results/87017/5286200/NCAA_Division_I_Outdoor_Track__Field_Championships/Mens-1500-Meters
[32m2026-06-01 19:53:32 -0700[0m - dagster - [34mINFO[0m - __ASSET_JOB - 366f8e18-c03f-42ea-ae86-0fd43cc57db7 - championship_results -   2024 M 5000: 8 finalists
[32m2026-06-01 19:53:32 -0700[0m - dagster - [34mINFO[0m - __ASSET_JOB - 366f8e18-c03f-42ea-ae86-0fd43cc57db7 - championship_results -   2024 M 10k: 8 finalists
[32m2026-06-01 19:53:32 -0700[0m - dagster - [34mINFO[0m - __ASSET_JOB - 366f8e18-c03f-42ea-ae86-0fd43cc57db7 - championship_results -   2024 M 110H: 8 finalists
[32m2026-06-01 19:53:33 -0700[0m - dagster - [34mINFO[0m - __ASSET_JOB - 366f8e18-c03f-42ea-ae86-0fd43cc57db7 - championship_results -   2024 M 400H: 8 finalists
[32m2026-06-01 19:53:33 -0700[0m - dagster - [34mINFO[0m - __ASSET_JOB - 366f8e18-c03f-42ea-ae86-0fd43cc57db7 - championship_results -   2024 M 3000S: 8 finalists
[32m2026-06-01 19:53:43 -0700[0m - dagster - [34mWARNING[0m - __ASSET_JOB - 366f8e18-c03f-42ea-ae86-0fd43cc57db7 - championship_results -   https://tf.tfrrs.org/results/87017/5286173/NCAA_Division_I_Outdoor_Track__Field_Championships/Mens-4-x-100-Relay: failed — 504 Server Error: Gateway Time-out for url: https://tf.tfrrs.org/results/87017/5286173/NCAA_Division_I_Outdoor_Track__Field_Championships/Mens-4-x-100-Relay
[32m2026-06-01 19:53:43 -0700[0m - dagster - [34mINFO[0m - __ASSET_JOB - 366f8e18-c03f-42ea-ae86-0fd43cc57db7 - championship_results -   2024 M 4x400: 8 finalists
[32m2026-06-01 19:53:44 -0700[0m - dagster - [34mINFO[0m - __ASSET_JOB - 366f8e18-c03f-42ea-ae86-0fd43cc57db7 - championship_results -   2024 M HJ: 8 finalists
[32m2026-06-01 19:53:44 -0700[0m - dagster - [34mINFO[0m - __ASSET_JOB - 366f8e18-c03f-42ea-ae86-0fd43cc57db7 - championship_results -   2024 M PV: 3 finalists
[32m2026-06-01 19:53:44 -0700[0m - dagster - [34mINFO[0m - __ASSET_JOB - 366f8e18-c03f-42ea-ae86-0fd43cc57db7 - championship_results -   2024 M LJ: 8 finalists
[32m2026-06-01 19:53:44 -0700[0m - dagster - [34mINFO[0m - __ASSET_JOB - 366f8e18-c03f-42ea-ae86-0fd43cc57db7 - championship_results -   2024 M TJ: 8 finalists
[32m2026-06-01 19:53:44 -0700[0m - dagster - [34mINFO[0m - __ASSET_JOB - 366f8e18-c03f-42ea-ae86-0fd43cc57db7 - championship_results -   2024 M SP: 8 finalists
[32m2026-06-01 19:53:45 -0700[0m - dagster - [34mINFO[0m - __ASSET_JOB - 366f8e18-c03f-42ea-ae86-0fd43cc57db7 - championship_results -   2024 M DT: 8 finalists
[32m2026-06-01 19:53:45 -0700[0m - dagster - [34mINFO[0m - __ASSET_JOB - 366f8e18-c03f-42ea-ae86-0fd43cc57db7 - championship_results -   2024 M HT: 8 finalists
[32m2026-06-01 19:53:45 -0700[0m - dagster - [34mINFO[0m - __ASSET_JOB - 366f8e18-c03f-42ea-ae86-0fd43cc57db7 - championship_results -   2024 M JT: 8 finalists
[32m2026-06-01 19:53:45 -0700[0m - dagster - [34mINFO[0m - __ASSET_JOB - 366f8e18-c03f-42ea-ae86-0fd43cc57db7 - championship_results -   2024 W 100: 0 finalists
[32m2026-06-01 19:53:45 -0700[0m - dagster - [34mINFO[0m - __ASSET_JOB - 366f8e18-c03f-42ea-ae86-0fd43cc57db7 - championship_results -   2024 W 200: 8 finalists
[32m2026-06-01 19:53:46 -0700[0m - dagster - [34mINFO[0m - __ASSET_JOB - 366f8e18-c03f-42ea-ae86-0fd43cc57db7 - championship_results -   2024 W 400: 8 finalists
[32m2026-06-01 19:53:46 -0700[0m - dagster - [34mINFO[0m - __ASSET_JOB - 366f8e18-c03f-42ea-ae86-0fd43cc57db7 - championship_results -   2024 W 800: 8 finalists
[32m2026-06-01 19:53:46 -0700[0m - dagster - [34mINFO[0m - __ASSET_JOB - 366f8e18-c03f-42ea-ae86-0fd43cc57db7 - championship_results -   2024 W 1500: 8 finalists
[32m2026-06-01 19:53:46 -0700[0m - dagster - [34mINFO[0m - __ASSET_JOB - 366f8e18-c03f-42ea-ae86-0fd43cc57db7 - championship_results -   2024 W 5000: 8 finalists
[32m2026-06-01 19:53:46 -0700[0m - dagster - [34mINFO[0m - __ASSET_JOB - 366f8e18-c03f-42ea-ae86-0fd43cc57db7 - championship_results -   2024 W 10k: 8 finalists
[32m2026-06-01 19:53:47 -0700[0m - dagster - [34mINFO[0m - __ASSET_JOB - 366f8e18-c03f-42ea-ae86-0fd43cc57db7 - championship_results -   2024 W 100H: 8 finalists
[32m2026-06-01 19:53:47 -0700[0m - dagster - [34mINFO[0m - __ASSET_JOB - 366f8e18-c03f-42ea-ae86-0fd43cc57db7 - championship_results -   2024 W 400H: 8 finalists
[32m2026-06-01 19:53:47 -0700[0m - dagster - [34mINFO[0m - __ASSET_JOB - 366f8e18-c03f-42ea-ae86-0fd43cc57db7 - championship_results -   2024 W 3000S: 8 finalists
[32m2026-06-01 19:53:47 -0700[0m - dagster - [34mINFO[0m - __ASSET_JOB - 366f8e18-c03f-42ea-ae86-0fd43cc57db7 - championship_results -   2024 W 4x100: 8 finalists
[32m2026-06-01 19:53:48 -0700[0m - dagster - [34mINFO[0m - __ASSET_JOB - 366f8e18-c03f-42ea-ae86-0fd43cc57db7 - championship_results -   2024 W 4x400: 8 finalists
[32m2026-06-01 19:53:48 -0700[0m - dagster - [34mINFO[0m - __ASSET_JOB - 366f8e18-c03f-42ea-ae86-0fd43cc57db7 - championship_results -   2024 W HJ: 2 finalists
[32m2026-06-01 19:53:48 -0700[0m - dagster - [34mINFO[0m - __ASSET_JOB - 366f8e18-c03f-42ea-ae86-0fd43cc57db7 - championship_results -   2024 W PV: 5 finalists
[32m2026-06-01 19:53:48 -0700[0m - dagster - [34mINFO[0m - __ASSET_JOB - 366f8e18-c03f-42ea-ae86-0fd43cc57db7 - championship_results -   2024 W LJ: 8 finalists
[32m2026-06-01 19:53:48 -0700[0m - dagster - [34mINFO[0m - __ASSET_JOB - 366f8e18-c03f-42ea-ae86-0fd43cc57db7 - championship_results -   2024 W TJ: 8 finalists
[32m2026-06-01 19:53:49 -0700[0m - dagster - [34mINFO[0m - __ASSET_JOB - 366f8e18-c03f-42ea-ae86-0fd43cc57db7 - championship_results -   2024 W SP: 8 finalists
[32m2026-06-01 19:53:49 -0700[0m - dagster - [34mINFO[0m - __ASSET_JOB - 366f8e18-c03f-42ea-ae86-0fd43cc57db7 - championship_results -   2024 W DT: 8 finalists
[32m2026-06-01 19:53:49 -0700[0m - dagster - [34mINFO[0m - __ASSET_JOB - 366f8e18-c03f-42ea-ae86-0fd43cc57db7 - championship_results -   2024 W HT: 8 finalists
[32m2026-06-01 19:53:49 -0700[0m - dagster - [34mINFO[0m - __ASSET_JOB - 366f8e18-c03f-42ea-ae86-0fd43cc57db7 - championship_results -   2024 W JT: 8 finalists
[32m2026-06-01 19:53:49 -0700[0m - dagster - [34mINFO[0m - __ASSET_JOB - 366f8e18-c03f-42ea-ae86-0fd43cc57db7 - championship_results - 2023: 40 events found
[32m2026-06-01 19:53:50 -0700[0m - dagster - [34mINFO[0m - __ASSET_JOB - 366f8e18-c03f-42ea-ae86-0fd43cc57db7 - championship_results -   2023 M 100: 8 finalists
[32m2026-06-01 19:53:50 -0700[0m - dagster - [34mINFO[0m - __ASSET_JOB - 366f8e18-c03f-42ea-ae86-0fd43cc57db7 - championship_results -   2023 M 200: 8 finalists
[32m2026-06-01 19:53:50 -0700[0m - dagster - [34mINFO[0m - __ASSET_JOB - 366f8e18-c03f-42ea-ae86-0fd43cc57db7 - championship_results -   2023 M 400: 8 finalists
[32m2026-06-01 19:53:50 -0700[0m - dagster - [34mINFO[0m - __ASSET_JOB - 366f8e18-c03f-42ea-ae86-0fd43cc57db7 - championship_results -   2023 M 800: 8 finalists
[32m2026-06-01 19:53:50 -0700[0m - dagster - [34mINFO[0m - __ASSET_JOB - 366f8e18-c03f-42ea-ae86-0fd43cc57db7 - championship_results -   2023 M 1500: 8 finalists
[32m2026-06-01 19:53:51 -0700[0m - dagster - [34mINFO[0m - __ASSET_JOB - 366f8e18-c03f-42ea-ae86-0fd43cc57db7 - championship_results -   2023 M 5000: 8 finalists
[32m2026-06-01 19:53:51 -0700[0m - dagster - [34mINFO[0m - __ASSET_JOB - 366f8e18-c03f-42ea-ae86-0fd43cc57db7 - championship_results -   2023 M 10k: 8 finalists
[32m2026-06-01 19:53:51 -0700[0m - dagster - [34mINFO[0m - __ASSET_JOB - 366f8e18-c03f-42ea-ae86-0fd43cc57db7 - championship_results -   2023 M 110H: 8 finalists
[32m2026-06-01 19:53:51 -0700[0m - dagster - [34mINFO[0m - __ASSET_JOB - 366f8e18-c03f-42ea-ae86-0fd43cc57db7 - championship_results -   2023 M 400H: 8 finalists
[32m2026-06-01 19:53:52 -0700[0m - dagster - [34mINFO[0m - __ASSET_JOB - 366f8e18-c03f-42ea-ae86-0fd43cc57db7 - championship_results -   2023 M 3000S: 8 finalists
[32m2026-06-01 19:53:52 -0700[0m - dagster - [34mINFO[0m - __ASSET_JOB - 366f8e18-c03f-42ea-ae86-0fd43cc57db7 - championship_results -   2023 M 4x100: 6 finalists
[32m2026-06-01 19:53:52 -0700[0m - dagster - [34mINFO[0m - __ASSET_JOB - 366f8e18-c03f-42ea-ae86-0fd43cc57db7 - championship_results -   2023 M 4x400: 8 finalists
[32m2026-06-01 19:53:52 -0700[0m - dagster - [34mINFO[0m - __ASSET_JOB - 366f8e18-c03f-42ea-ae86-0fd43cc57db7 - championship_results -   2023 M HJ: 8 finalists
[32m2026-06-01 19:53:52 -0700[0m - dagster - [34mINFO[0m - __ASSET_JOB - 366f8e18-c03f-42ea-ae86-0fd43cc57db7 - championship_results -   2023 M PV: 3 finalists
[32m2026-06-01 19:53:53 -0700[0m - dagster - [34mINFO[0m - __ASSET_JOB - 366f8e18-c03f-42ea-ae86-0fd43cc57db7 - championship_results -   2023 M LJ: 8 finalists
[32m2026-06-01 19:53:53 -0700[0m - dagster - [34mINFO[0m - __ASSET_JOB - 366f8e18-c03f-42ea-ae86-0fd43cc57db7 - championship_results -   2023 M TJ: 8 finalists
[32m2026-06-01 19:53:53 -0700[0m - dagster - [34mINFO[0m - __ASSET_JOB - 366f8e18-c03f-42ea-ae86-0fd43cc57db7 - championship_results -   2023 M SP: 8 finalists
[32m2026-06-01 19:53:53 -0700[0m - dagster - [34mINFO[0m - __ASSET_JOB - 366f8e18-c03f-42ea-ae86-0fd43cc57db7 - championship_results -   2023 M DT: 8 finalists
[32m2026-06-01 19:53:53 -0700[0m - dagster - [34mINFO[0m - __ASSET_JOB - 366f8e18-c03f-42ea-ae86-0fd43cc57db7 - championship_results -   2023 M HT: 8 finalists
[32m2026-06-01 19:53:54 -0700[0m - dagster - [34mINFO[0m - __ASSET_JOB - 366f8e18-c03f-42ea-ae86-0fd43cc57db7 - championship_results -   2023 M JT: 8 finalists
[32m2026-06-01 19:53:54 -0700[0m - dagster - [34mINFO[0m - __ASSET_JOB - 366f8e18-c03f-42ea-ae86-0fd43cc57db7 - championship_results -   2023 W 100: 8 finalists
[32m2026-06-01 19:53:54 -0700[0m - dagster - [34mINFO[0m - __ASSET_JOB - 366f8e18-c03f-42ea-ae86-0fd43cc57db7 - championship_results -   2023 W 200: 8 finalists
[32m2026-06-01 19:53:54 -0700[0m - dagster - [34mINFO[0m - __ASSET_JOB - 366f8e18-c03f-42ea-ae86-0fd43cc57db7 - championship_results -   2023 W 400: 8 finalists
[32m2026-06-01 19:53:55 -0700[0m - dagster - [34mINFO[0m - __ASSET_JOB - 366f8e18-c03f-42ea-ae86-0fd43cc57db7 - championship_results -   2023 W 800: 8 finalists
[32m2026-06-01 19:53:55 -0700[0m - dagster - [34mINFO[0m - __ASSET_JOB - 366f8e18-c03f-42ea-ae86-0fd43cc57db7 - championship_results -   2023 W 1500: 8 finalists
[32m2026-06-01 19:53:55 -0700[0m - dagster - [34mINFO[0m - __ASSET_JOB - 366f8e18-c03f-42ea-ae86-0fd43cc57db7 - championship_results -   2023 W 5000: 8 finalists
[32m2026-06-01 19:53:55 -0700[0m - dagster - [34mINFO[0m - __ASSET_JOB - 366f8e18-c03f-42ea-ae86-0fd43cc57db7 - championship_results -   2023 W 10k: 8 finalists
[32m2026-06-01 19:53:55 -0700[0m - dagster - [34mINFO[0m - __ASSET_JOB - 366f8e18-c03f-42ea-ae86-0fd43cc57db7 - championship_results -   2023 W 100H: 8 finalists
[32m2026-06-01 19:53:56 -0700[0m - dagster - [34mINFO[0m - __ASSET_JOB - 366f8e18-c03f-42ea-ae86-0fd43cc57db7 - championship_results -   2023 W 400H: 8 finalists
[32m2026-06-01 19:53:56 -0700[0m - dagster - [34mINFO[0m - __ASSET_JOB - 366f8e18-c03f-42ea-ae86-0fd43cc57db7 - championship_results -   2023 W 3000S: 8 finalists
[32m2026-06-01 19:53:56 -0700[0m - dagster - [34mINFO[0m - __ASSET_JOB - 366f8e18-c03f-42ea-ae86-0fd43cc57db7 - championship_results -   2023 W 4x100: 8 finalists
[32m2026-06-01 19:53:56 -0700[0m - dagster - [34mINFO[0m - __ASSET_JOB - 366f8e18-c03f-42ea-ae86-0fd43cc57db7 - championship_results -   2023 W 4x400: 8 finalists
[32m2026-06-01 19:53:57 -0700[0m - dagster - [34mINFO[0m - __ASSET_JOB - 366f8e18-c03f-42ea-ae86-0fd43cc57db7 - championship_results -   2023 W HJ: 6 finalists
[32m2026-06-01 19:53:57 -0700[0m - dagster - [34mINFO[0m - __ASSET_JOB - 366f8e18-c03f-42ea-ae86-0fd43cc57db7 - championship_results -   2023 W PV: 6 finalists
[32m2026-06-01 19:53:57 -0700[0m - dagster - [34mINFO[0m - __ASSET_JOB - 366f8e18-c03f-42ea-ae86-0fd43cc57db7 - championship_results -   2023 W LJ: 8 finalists
[32m2026-06-01 19:53:57 -0700[0m - dagster - [34mINFO[0m - __ASSET_JOB - 366f8e18-c03f-42ea-ae86-0fd43cc57db7 - championship_results -   2023 W TJ: 8 finalists
[32m2026-06-01 19:53:57 -0700[0m - dagster - [34mINFO[0m - __ASSET_JOB - 366f8e18-c03f-42ea-ae86-0fd43cc57db7 - championship_results -   2023 W SP: 8 finalists
[32m2026-06-01 19:53:58 -0700[0m - dagster - [34mINFO[0m - __ASSET_JOB - 366f8e18-c03f-42ea-ae86-0fd43cc57db7 - championship_results -   2023 W DT: 8 finalists
[32m2026-06-01 19:53:58 -0700[0m - dagster - [34mINFO[0m - __ASSET_JOB - 366f8e18-c03f-42ea-ae86-0fd43cc57db7 - championship_results -   2023 W HT: 8 finalists
[32m2026-06-01 19:53:58 -0700[0m - dagster - [34mINFO[0m - __ASSET_JOB - 366f8e18-c03f-42ea-ae86-0fd43cc57db7 - championship_results -   2023 W JT: 8 finalists
[32m2026-06-01 19:53:58 -0700[0m - dagster - [34mINFO[0m - __ASSET_JOB - 366f8e18-c03f-42ea-ae86-0fd43cc57db7 - championship_results - 2022: 40 events found
[32m2026-06-01 19:53:58 -0700[0m - dagster - [34mINFO[0m - __ASSET_JOB - 366f8e18-c03f-42ea-ae86-0fd43cc57db7 - championship_results -   2022 M 100: 8 finalists
[32m2026-06-01 19:53:59 -0700[0m - dagster - [34mINFO[0m - __ASSET_JOB - 366f8e18-c03f-42ea-ae86-0fd43cc57db7 - championship_results -   2022 M 200: 8 finalists
[32m2026-06-01 19:53:59 -0700[0m - dagster - [34mINFO[0m - __ASSET_JOB - 366f8e18-c03f-42ea-ae86-0fd43cc57db7 - championship_results -   2022 M 400: 8 finalists
[32m2026-06-01 19:53:59 -0700[0m - dagster - [34mINFO[0m - __ASSET_JOB - 366f8e18-c03f-42ea-ae86-0fd43cc57db7 - championship_results -   2022 M 800: 8 finalists
[32m2026-06-01 19:53:59 -0700[0m - dagster - [34mINFO[0m - __ASSET_JOB - 366f8e18-c03f-42ea-ae86-0fd43cc57db7 - championship_results -   2022 M 1500: 8 finalists
[32m2026-06-01 19:53:59 -0700[0m - dagster - [34mINFO[0m - __ASSET_JOB - 366f8e18-c03f-42ea-ae86-0fd43cc57db7 - championship_results -   2022 M 5000: 8 finalists
[32m2026-06-01 19:54:00 -0700[0m - dagster - [34mINFO[0m - __ASSET_JOB - 366f8e18-c03f-42ea-ae86-0fd43cc57db7 - championship_results -   2022 M 10k: 8 finalists
[32m2026-06-01 19:54:00 -0700[0m - dagster - [34mINFO[0m - __ASSET_JOB - 366f8e18-c03f-42ea-ae86-0fd43cc57db7 - championship_results -   2022 M 110H: 8 finalists
[32m2026-06-01 19:54:00 -0700[0m - dagster - [34mINFO[0m - __ASSET_JOB - 366f8e18-c03f-42ea-ae86-0fd43cc57db7 - championship_results -   2022 M 400H: 8 finalists
[32m2026-06-01 19:54:00 -0700[0m - dagster - [34mINFO[0m - __ASSET_JOB - 366f8e18-c03f-42ea-ae86-0fd43cc57db7 - championship_results -   2022 M 3000S: 8 finalists
[32m2026-06-01 19:54:00 -0700[0m - dagster - [34mINFO[0m - __ASSET_JOB - 366f8e18-c03f-42ea-ae86-0fd43cc57db7 - championship_results -   2022 M 4x100: 8 finalists
[32m2026-06-01 19:54:01 -0700[0m - dagster - [34mINFO[0m - __ASSET_JOB - 366f8e18-c03f-42ea-ae86-0fd43cc57db7 - championship_results -   2022 M 4x400: 8 finalists
[32m2026-06-01 19:54:01 -0700[0m - dagster - [34mINFO[0m - __ASSET_JOB - 366f8e18-c03f-42ea-ae86-0fd43cc57db7 - championship_results -   2022 M HJ: 8 finalists
[32m2026-06-01 19:54:01 -0700[0m - dagster - [34mINFO[0m - __ASSET_JOB - 366f8e18-c03f-42ea-ae86-0fd43cc57db7 - championship_results -   2022 M PV: 8 finalists
[32m2026-06-01 19:54:01 -0700[0m - dagster - [34mINFO[0m - __ASSET_JOB - 366f8e18-c03f-42ea-ae86-0fd43cc57db7 - championship_results -   2022 M LJ: 8 finalists
[32m2026-06-01 19:54:02 -0700[0m - dagster - [34mINFO[0m - __ASSET_JOB - 366f8e18-c03f-42ea-ae86-0fd43cc57db7 - championship_results -   2022 M TJ: 8 finalists
[32m2026-06-01 19:54:02 -0700[0m - dagster - [34mINFO[0m - __ASSET_JOB - 366f8e18-c03f-42ea-ae86-0fd43cc57db7 - championship_results -   2022 M SP: 8 finalists
[32m2026-06-01 19:54:02 -0700[0m - dagster - [34mINFO[0m - __ASSET_JOB - 366f8e18-c03f-42ea-ae86-0fd43cc57db7 - championship_results -   2022 M DT: 8 finalists
[32m2026-06-01 19:54:02 -0700[0m - dagster - [34mINFO[0m - __ASSET_JOB - 366f8e18-c03f-42ea-ae86-0fd43cc57db7 - championship_results -   2022 M HT: 8 finalists
[32m2026-06-01 19:54:03 -0700[0m - dagster - [34mINFO[0m - __ASSET_JOB - 366f8e18-c03f-42ea-ae86-0fd43cc57db7 - championship_results -   2022 M JT: 8 finalists
[32m2026-06-01 19:54:03 -0700[0m - dagster - [34mINFO[0m - __ASSET_JOB - 366f8e18-c03f-42ea-ae86-0fd43cc57db7 - championship_results -   2022 W 100: 8 finalists
[32m2026-06-01 19:54:03 -0700[0m - dagster - [34mINFO[0m - __ASSET_JOB - 366f8e18-c03f-42ea-ae86-0fd43cc57db7 - championship_results -   2022 W 200: 8 finalists
[32m2026-06-01 19:54:03 -0700[0m - dagster - [34mINFO[0m - __ASSET_JOB - 366f8e18-c03f-42ea-ae86-0fd43cc57db7 - championship_results -   2022 W 400: 8 finalists
[32m2026-06-01 19:54:04 -0700[0m - dagster - [34mINFO[0m - __ASSET_JOB - 366f8e18-c03f-42ea-ae86-0fd43cc57db7 - championship_results -   2022 W 800: 8 finalists
[32m2026-06-01 19:54:04 -0700[0m - dagster - [34mINFO[0m - __ASSET_JOB - 366f8e18-c03f-42ea-ae86-0fd43cc57db7 - championship_results -   2022 W 1500: 8 finalists
[32m2026-06-01 19:54:04 -0700[0m - dagster - [34mINFO[0m - __ASSET_JOB - 366f8e18-c03f-42ea-ae86-0fd43cc57db7 - championship_results -   2022 W 5000: 8 finalists
[32m2026-06-01 19:54:04 -0700[0m - dagster - [34mINFO[0m - __ASSET_JOB - 366f8e18-c03f-42ea-ae86-0fd43cc57db7 - championship_results -   2022 W 10k: 8 finalists
[32m2026-06-01 19:54:04 -0700[0m - dagster - [34mINFO[0m - __ASSET_JOB - 366f8e18-c03f-42ea-ae86-0fd43cc57db7 - championship_results -   2022 W 100H: 8 finalists
[32m2026-06-01 19:54:04 -0700[0m - dagster - [34mINFO[0m - __ASSET_JOB - 366f8e18-c03f-42ea-ae86-0fd43cc57db7 - championship_results -   2022 W 400H: 8 finalists
[32m2026-06-01 19:54:05 -0700[0m - dagster - [34mINFO[0m - __ASSET_JOB - 366f8e18-c03f-42ea-ae86-0fd43cc57db7 - championship_results -   2022 W 3000S: 8 finalists
[32m2026-06-01 19:54:05 -0700[0m - dagster - [34mINFO[0m - __ASSET_JOB - 366f8e18-c03f-42ea-ae86-0fd43cc57db7 - championship_results -   2022 W 4x100: 8 finalists
[32m2026-06-01 19:54:05 -0700[0m - dagster - [34mINFO[0m - __ASSET_JOB - 366f8e18-c03f-42ea-ae86-0fd43cc57db7 - championship_results -   2022 W 4x400: 8 finalists
[32m2026-06-01 19:54:05 -0700[0m - dagster - [34mINFO[0m - __ASSET_JOB - 366f8e18-c03f-42ea-ae86-0fd43cc57db7 - championship_results -   2022 W HJ: 8 finalists
[32m2026-06-01 19:54:06 -0700[0m - dagster - [34mINFO[0m - __ASSET_JOB - 366f8e18-c03f-42ea-ae86-0fd43cc57db7 - championship_results -   2022 W PV: 8 finalists
[32m2026-06-01 19:54:06 -0700[0m - dagster - [34mINFO[0m - __ASSET_JOB - 366f8e18-c03f-42ea-ae86-0fd43cc57db7 - championship_results -   2022 W LJ: 8 finalists
[32m2026-06-01 19:54:06 -0700[0m - dagster - [34mINFO[0m - __ASSET_JOB - 366f8e18-c03f-42ea-ae86-0fd43cc57db7 - championship_results -   2022 W TJ: 8 finalists
[32m2026-06-01 19:54:06 -0700[0m - dagster - [34mINFO[0m - __ASSET_JOB - 366f8e18-c03f-42ea-ae86-0fd43cc57db7 - championship_results -   2022 W SP: 8 finalists
[32m2026-06-01 19:54:06 -0700[0m - dagster - [34mINFO[0m - __ASSET_JOB - 366f8e18-c03f-42ea-ae86-0fd43cc57db7 - championship_results -   2022 W DT: 8 finalists
[32m2026-06-01 19:54:07 -0700[0m - dagster - [34mINFO[0m - __ASSET_JOB - 366f8e18-c03f-42ea-ae86-0fd43cc57db7 - championship_results -   2022 W HT: 8 finalists
[32m2026-06-01 19:54:07 -0700[0m - dagster - [34mINFO[0m - __ASSET_JOB - 366f8e18-c03f-42ea-ae86-0fd43cc57db7 - championship_results -   2022 W JT: 8 finalists
[32m2026-06-01 19:54:07 -0700[0m - dagster - [34mINFO[0m - __ASSET_JOB - 366f8e18-c03f-42ea-ae86-0fd43cc57db7 - championship_results - 2021: 40 events found
[32m2026-06-01 19:54:07 -0700[0m - dagster - [34mINFO[0m - __ASSET_JOB - 366f8e18-c03f-42ea-ae86-0fd43cc57db7 - championship_results -   2021 M 100: 8 finalists
[32m2026-06-01 19:54:08 -0700[0m - dagster - [34mINFO[0m - __ASSET_JOB - 366f8e18-c03f-42ea-ae86-0fd43cc57db7 - championship_results -   2021 M 200: 8 finalists
[32m2026-06-01 19:54:08 -0700[0m - dagster - [34mINFO[0m - __ASSET_JOB - 366f8e18-c03f-42ea-ae86-0fd43cc57db7 - championship_results -   2021 M 400: 8 finalists
[32m2026-06-01 19:54:08 -0700[0m - dagster - [34mINFO[0m - __ASSET_JOB - 366f8e18-c03f-42ea-ae86-0fd43cc57db7 - championship_results -   2021 M 800: 8 finalists
[32m2026-06-01 19:54:08 -0700[0m - dagster - [34mINFO[0m - __ASSET_JOB - 366f8e18-c03f-42ea-ae86-0fd43cc57db7 - championship_results -   2021 M 1500: 8 finalists
[32m2026-06-01 19:54:08 -0700[0m - dagster - [34mINFO[0m - __ASSET_JOB - 366f8e18-c03f-42ea-ae86-0fd43cc57db7 - championship_results -   2021 M 5000: 8 finalists
[32m2026-06-01 19:54:09 -0700[0m - dagster - [34mINFO[0m - __ASSET_JOB - 366f8e18-c03f-42ea-ae86-0fd43cc57db7 - championship_results -   2021 M 10k: 8 finalists
[32m2026-06-01 19:54:09 -0700[0m - dagster - [34mINFO[0m - __ASSET_JOB - 366f8e18-c03f-42ea-ae86-0fd43cc57db7 - championship_results -   2021 M 110H: 8 finalists
[32m2026-06-01 19:54:09 -0700[0m - dagster - [34mINFO[0m - __ASSET_JOB - 366f8e18-c03f-42ea-ae86-0fd43cc57db7 - championship_results -   2021 M 400H: 8 finalists
[32m2026-06-01 19:54:09 -0700[0m - dagster - [34mINFO[0m - __ASSET_JOB - 366f8e18-c03f-42ea-ae86-0fd43cc57db7 - championship_results -   2021 M 3000S: 8 finalists
[32m2026-06-01 19:54:09 -0700[0m - dagster - [34mINFO[0m - __ASSET_JOB - 366f8e18-c03f-42ea-ae86-0fd43cc57db7 - championship_results -   2021 M 4x100: 8 finalists
[32m2026-06-01 19:54:10 -0700[0m - dagster - [34mINFO[0m - __ASSET_JOB - 366f8e18-c03f-42ea-ae86-0fd43cc57db7 - championship_results -   2021 M 4x400: 8 finalists
[32m2026-06-01 19:54:10 -0700[0m - dagster - [34mINFO[0m - __ASSET_JOB - 366f8e18-c03f-42ea-ae86-0fd43cc57db7 - championship_results -   2021 M HJ: 5 finalists
[32m2026-06-01 19:54:10 -0700[0m - dagster - [34mINFO[0m - __ASSET_JOB - 366f8e18-c03f-42ea-ae86-0fd43cc57db7 - championship_results -   2021 M PV: 6 finalists
[32m2026-06-01 19:54:10 -0700[0m - dagster - [34mINFO[0m - __ASSET_JOB - 366f8e18-c03f-42ea-ae86-0fd43cc57db7 - championship_results -   2021 M LJ: 8 finalists
[32m2026-06-01 19:54:11 -0700[0m - dagster - [34mINFO[0m - __ASSET_JOB - 366f8e18-c03f-42ea-ae86-0fd43cc57db7 - championship_results -   2021 M TJ: 8 finalists
[32m2026-06-01 19:54:11 -0700[0m - dagster - [34mINFO[0m - __ASSET_JOB - 366f8e18-c03f-42ea-ae86-0fd43cc57db7 - championship_results -   2021 M SP: 8 finalists
[32m2026-06-01 19:54:11 -0700[0m - dagster - [34mINFO[0m - __ASSET_JOB - 366f8e18-c03f-42ea-ae86-0fd43cc57db7 - championship_results -   2021 M DT: 8 finalists
[32m2026-06-01 19:54:11 -0700[0m - dagster - [34mINFO[0m - __ASSET_JOB - 366f8e18-c03f-42ea-ae86-0fd43cc57db7 - championship_results -   2021 M HT: 8 finalists
[32m2026-06-01 19:54:12 -0700[0m - dagster - [34mINFO[0m - __ASSET_JOB - 366f8e18-c03f-42ea-ae86-0fd43cc57db7 - championship_results -   2021 M JT: 8 finalists
[32m2026-06-01 19:54:12 -0700[0m - dagster - [34mINFO[0m - __ASSET_JOB - 366f8e18-c03f-42ea-ae86-0fd43cc57db7 - championship_results -   2021 W 100: 8 finalists
[32m2026-06-01 19:54:12 -0700[0m - dagster - [34mINFO[0m - __ASSET_JOB - 366f8e18-c03f-42ea-ae86-0fd43cc57db7 - championship_results -   2021 W 200: 8 finalists
[32m2026-06-01 19:54:12 -0700[0m - dagster - [34mINFO[0m - __ASSET_JOB - 366f8e18-c03f-42ea-ae86-0fd43cc57db7 - championship_results -   2021 W 400: 8 finalists
[32m2026-06-01 19:54:13 -0700[0m - dagster - [34mINFO[0m - __ASSET_JOB - 366f8e18-c03f-42ea-ae86-0fd43cc57db7 - championship_results -   2021 W 800: 8 finalists
[32m2026-06-01 19:54:13 -0700[0m - dagster - [34mINFO[0m - __ASSET_JOB - 366f8e18-c03f-42ea-ae86-0fd43cc57db7 - championship_results -   2021 W 1500: 8 finalists
[32m2026-06-01 19:54:13 -0700[0m - dagster - [34mINFO[0m - __ASSET_JOB - 366f8e18-c03f-42ea-ae86-0fd43cc57db7 - championship_results -   2021 W 5000: 8 finalists
[32m2026-06-01 19:54:13 -0700[0m - dagster - [34mINFO[0m - __ASSET_JOB - 366f8e18-c03f-42ea-ae86-0fd43cc57db7 - championship_results -   2021 W 10k: 8 finalists
[32m2026-06-01 19:54:13 -0700[0m - dagster - [34mINFO[0m - __ASSET_JOB - 366f8e18-c03f-42ea-ae86-0fd43cc57db7 - championship_results -   2021 W 100H: 8 finalists
[32m2026-06-01 19:54:14 -0700[0m - dagster - [34mINFO[0m - __ASSET_JOB - 366f8e18-c03f-42ea-ae86-0fd43cc57db7 - championship_results -   2021 W 400H: 8 finalists
[32m2026-06-01 19:54:14 -0700[0m - dagster - [34mINFO[0m - __ASSET_JOB - 366f8e18-c03f-42ea-ae86-0fd43cc57db7 - championship_results -   2021 W 3000S: 8 finalists
[32m2026-06-01 19:54:14 -0700[0m - dagster - [34mINFO[0m - __ASSET_JOB - 366f8e18-c03f-42ea-ae86-0fd43cc57db7 - championship_results -   2021 W 4x100: 8 finalists
[32m2026-06-01 19:54:14 -0700[0m - dagster - [34mINFO[0m - __ASSET_JOB - 366f8e18-c03f-42ea-ae86-0fd43cc57db7 - championship_results -   2021 W 4x400: 8 finalists
[32m2026-06-01 19:54:15 -0700[0m - dagster - [34mINFO[0m - __ASSET_JOB - 366f8e18-c03f-42ea-ae86-0fd43cc57db7 - championship_results -   2021 W HJ: 6 finalists
[32m2026-06-01 19:54:15 -0700[0m - dagster - [34mINFO[0m - __ASSET_JOB - 366f8e18-c03f-42ea-ae86-0fd43cc57db7 - championship_results -   2021 W PV: 5 finalists
[32m2026-06-01 19:54:15 -0700[0m - dagster - [34mINFO[0m - __ASSET_JOB - 366f8e18-c03f-42ea-ae86-0fd43cc57db7 - championship_results -   2021 W LJ: 8 finalists
[32m2026-06-01 19:54:15 -0700[0m - dagster - [34mINFO[0m - __ASSET_JOB - 366f8e18-c03f-42ea-ae86-0fd43cc57db7 - championship_results -   2021 W TJ: 8 finalists
[32m2026-06-01 19:54:15 -0700[0m - dagster - [34mINFO[0m - __ASSET_JOB - 366f8e18-c03f-42ea-ae86-0fd43cc57db7 - championship_results -   2021 W SP: 8 finalists
[32m2026-06-01 19:54:15 -0700[0m - dagster - [34mINFO[0m - __ASSET_JOB - 366f8e18-c03f-42ea-ae86-0fd43cc57db7 - championship_results -   2021 W DT: 8 finalists
[32m2026-06-01 19:54:16 -0700[0m - dagster - [34mINFO[0m - __ASSET_JOB - 366f8e18-c03f-42ea-ae86-0fd43cc57db7 - championship_results -   2021 W HT: 8 finalists
[32m2026-06-01 19:54:16 -0700[0m - dagster - [34mINFO[0m - __ASSET_JOB - 366f8e18-c03f-42ea-ae86-0fd43cc57db7 - championship_results -   2021 W JT: 8 finalists
[32m2026-06-01 19:54:16 -0700[0m - dagster - [34mINFO[0m - __ASSET_JOB - 366f8e18-c03f-42ea-ae86-0fd43cc57db7 - championship_results - 2019: 40 events found
[32m2026-06-01 19:54:16 -0700[0m - dagster - [34mINFO[0m - __ASSET_JOB - 366f8e18-c03f-42ea-ae86-0fd43cc57db7 - championship_results -   2019 M 100: 8 finalists
[32m2026-06-01 19:54:16 -0700[0m - dagster - [34mINFO[0m - __ASSET_JOB - 366f8e18-c03f-42ea-ae86-0fd43cc57db7 - championship_results -   2019 M 200: 8 finalists
[32m2026-06-01 19:54:17 -0700[0m - dagster - [34mINFO[0m - __ASSET_JOB - 366f8e18-c03f-42ea-ae86-0fd43cc57db7 - championship_results -   2019 M 400: 7 finalists
[32m2026-06-01 19:54:17 -0700[0m - dagster - [34mINFO[0m - __ASSET_JOB - 366f8e18-c03f-42ea-ae86-0fd43cc57db7 - championship_results -   2019 M 800: 8 finalists
[32m2026-06-01 19:54:17 -0700[0m - dagster - [34mINFO[0m - __ASSET_JOB - 366f8e18-c03f-42ea-ae86-0fd43cc57db7 - championship_results -   2019 M 1500: 8 finalists
[32m2026-06-01 19:54:17 -0700[0m - dagster - [34mINFO[0m - __ASSET_JOB - 366f8e18-c03f-42ea-ae86-0fd43cc57db7 - championship_results -   2019 M 5000: 8 finalists
[32m2026-06-01 19:54:17 -0700[0m - dagster - [34mINFO[0m - __ASSET_JOB - 366f8e18-c03f-42ea-ae86-0fd43cc57db7 - championship_results -   2019 M 10k: 8 finalists
[32m2026-06-01 19:54:18 -0700[0m - dagster - [34mINFO[0m - __ASSET_JOB - 366f8e18-c03f-42ea-ae86-0fd43cc57db7 - championship_results -   2019 M 110H: 7 finalists
[32m2026-06-01 19:54:18 -0700[0m - dagster - [34mINFO[0m - __ASSET_JOB - 366f8e18-c03f-42ea-ae86-0fd43cc57db7 - championship_results -   2019 M 400H: 7 finalists
[32m2026-06-01 19:54:18 -0700[0m - dagster - [34mINFO[0m - __ASSET_JOB - 366f8e18-c03f-42ea-ae86-0fd43cc57db7 - championship_results -   2019 M 3000S: 8 finalists
[32m2026-06-01 19:54:18 -0700[0m - dagster - [34mINFO[0m - __ASSET_JOB - 366f8e18-c03f-42ea-ae86-0fd43cc57db7 - championship_results -   2019 M 4x100: 7 finalists
[32m2026-06-01 19:54:18 -0700[0m - dagster - [34mINFO[0m - __ASSET_JOB - 366f8e18-c03f-42ea-ae86-0fd43cc57db7 - championship_results -   2019 M 4x400: 8 finalists
[32m2026-06-01 19:54:19 -0700[0m - dagster - [34mINFO[0m - __ASSET_JOB - 366f8e18-c03f-42ea-ae86-0fd43cc57db7 - championship_results -   2019 M HJ: 6 finalists
[32m2026-06-01 19:54:19 -0700[0m - dagster - [34mINFO[0m - __ASSET_JOB - 366f8e18-c03f-42ea-ae86-0fd43cc57db7 - championship_results -   2019 M PV: 8 finalists
[32m2026-06-01 19:54:19 -0700[0m - dagster - [34mINFO[0m - __ASSET_JOB - 366f8e18-c03f-42ea-ae86-0fd43cc57db7 - championship_results -   2019 M LJ: 8 finalists
[32m2026-06-01 19:54:19 -0700[0m - dagster - [34mINFO[0m - __ASSET_JOB - 366f8e18-c03f-42ea-ae86-0fd43cc57db7 - championship_results -   2019 M TJ: 8 finalists
[32m2026-06-01 19:54:20 -0700[0m - dagster - [34mINFO[0m - __ASSET_JOB - 366f8e18-c03f-42ea-ae86-0fd43cc57db7 - championship_results -   2019 M SP: 8 finalists
[32m2026-06-01 19:54:20 -0700[0m - dagster - [34mINFO[0m - __ASSET_JOB - 366f8e18-c03f-42ea-ae86-0fd43cc57db7 - championship_results -   2019 M DT: 8 finalists
[32m2026-06-01 19:54:20 -0700[0m - dagster - [34mINFO[0m - __ASSET_JOB - 366f8e18-c03f-42ea-ae86-0fd43cc57db7 - championship_results -   2019 M HT: 8 finalists
[32m2026-06-01 19:54:20 -0700[0m - dagster - [34mINFO[0m - __ASSET_JOB - 366f8e18-c03f-42ea-ae86-0fd43cc57db7 - championship_results -   2019 M JT: 8 finalists
[32m2026-06-01 19:54:20 -0700[0m - dagster - [34mINFO[0m - __ASSET_JOB - 366f8e18-c03f-42ea-ae86-0fd43cc57db7 - championship_results -   2019 W 100: 8 finalists
[32m2026-06-01 19:54:21 -0700[0m - dagster - [34mWARNING[0m - __ASSET_JOB - 366f8e18-c03f-42ea-ae86-0fd43cc57db7 - championship_results -   https://tf.tfrrs.org/results/62668/3850662/NCAA_Division_I_Outdoor_Track__Field_Championships/Womens-200-Meters: failed — 502 Server Error: Bad Gateway for url: https://tf.tfrrs.org/results/62668/3850662/NCAA_Division_I_Outdoor_Track__Field_Championships/Womens-200-Meters
[32m2026-06-01 19:54:21 -0700[0m - dagster - [34mINFO[0m - __ASSET_JOB - 366f8e18-c03f-42ea-ae86-0fd43cc57db7 - championship_results -   2019 W 400: 8 finalists
[32m2026-06-01 19:54:21 -0700[0m - dagster - [34mINFO[0m - __ASSET_JOB - 366f8e18-c03f-42ea-ae86-0fd43cc57db7 - championship_results -   2019 W 800: 8 finalists
[32m2026-06-01 19:54:21 -0700[0m - dagster - [34mINFO[0m - __ASSET_JOB - 366f8e18-c03f-42ea-ae86-0fd43cc57db7 - championship_results -   2019 W 1500: 8 finalists
[32m2026-06-01 19:54:22 -0700[0m - dagster - [34mINFO[0m - __ASSET_JOB - 366f8e18-c03f-42ea-ae86-0fd43cc57db7 - championship_results -   2019 W 5000: 8 finalists
[32m2026-06-01 19:54:22 -0700[0m - dagster - [34mINFO[0m - __ASSET_JOB - 366f8e18-c03f-42ea-ae86-0fd43cc57db7 - championship_results -   2019 W 10k: 8 finalists
[32m2026-06-01 19:54:22 -0700[0m - dagster - [34mINFO[0m - __ASSET_JOB - 366f8e18-c03f-42ea-ae86-0fd43cc57db7 - championship_results -   2019 W 100H: 8 finalists
[32m2026-06-01 19:54:22 -0700[0m - dagster - [34mINFO[0m - __ASSET_JOB - 366f8e18-c03f-42ea-ae86-0fd43cc57db7 - championship_results -   2019 W 400H: 8 finalists
[32m2026-06-01 19:54:23 -0700[0m - dagster - [34mINFO[0m - __ASSET_JOB - 366f8e18-c03f-42ea-ae86-0fd43cc57db7 - championship_results -   2019 W 3000S: 8 finalists
[32m2026-06-01 19:54:23 -0700[0m - dagster - [34mINFO[0m - __ASSET_JOB - 366f8e18-c03f-42ea-ae86-0fd43cc57db7 - championship_results -   2019 W 4x100: 8 finalists
[32m2026-06-01 19:54:23 -0700[0m - dagster - [34mINFO[0m - __ASSET_JOB - 366f8e18-c03f-42ea-ae86-0fd43cc57db7 - championship_results -   2019 W 4x400: 8 finalists
[32m2026-06-01 19:54:23 -0700[0m - dagster - [34mINFO[0m - __ASSET_JOB - 366f8e18-c03f-42ea-ae86-0fd43cc57db7 - championship_results -   2019 W HJ: 6 finalists
[32m2026-06-01 19:54:24 -0700[0m - dagster - [34mINFO[0m - __ASSET_JOB - 366f8e18-c03f-42ea-ae86-0fd43cc57db7 - championship_results -   2019 W PV: 8 finalists
[32m2026-06-01 19:54:24 -0700[0m - dagster - [34mINFO[0m - __ASSET_JOB - 366f8e18-c03f-42ea-ae86-0fd43cc57db7 - championship_results -   2019 W LJ: 8 finalists
[32m2026-06-01 19:54:24 -0700[0m - dagster - [34mINFO[0m - __ASSET_JOB - 366f8e18-c03f-42ea-ae86-0fd43cc57db7 - championship_results -   2019 W TJ: 8 finalists
[32m2026-06-01 19:54:24 -0700[0m - dagster - [34mINFO[0m - __ASSET_JOB - 366f8e18-c03f-42ea-ae86-0fd43cc57db7 - championship_results -   2019 W SP: 8 finalists
[32m2026-06-01 19:54:25 -0700[0m - dagster - [34mINFO[0m - __ASSET_JOB - 366f8e18-c03f-42ea-ae86-0fd43cc57db7 - championship_results -   2019 W DT: 8 finalists
[32m2026-06-01 19:54:25 -0700[0m - dagster - [34mINFO[0m - __ASSET_JOB - 366f8e18-c03f-42ea-ae86-0fd43cc57db7 - championship_results -   2019 W HT: 8 finalists
[32m2026-06-01 19:54:25 -0700[0m - dagster - [34mINFO[0m - __ASSET_JOB - 366f8e18-c03f-42ea-ae86-0fd43cc57db7 - championship_results -   2019 W JT: 8 finalists
[32m2026-06-01 19:54:25 -0700[0m - dagster - [34mINFO[0m - __ASSET_JOB - 366f8e18-c03f-42ea-ae86-0fd43cc57db7 - championship_results - Saved 1794 rows → data/training/championship_results.csv
[32m2026-06-01 19:54:25 -0700[0m - dagster - [34mDEBUG[0m - __ASSET_JOB - 366f8e18-c03f-42ea-ae86-0fd43cc57db7 - 61720 - championship_results - STEP_OUTPUT - Yielded output "result" of type "DataFrame". (Type check passed).
[32m2026-06-01 19:54:25 -0700[0m - dagster - [34mDEBUG[0m - __ASSET_JOB - 366f8e18-c03f-42ea-ae86-0fd43cc57db7 - championship_results - Writing file at: /Users/katelynvuong/Desktop/2026-ncaa-tf-predictions/.tmp_dagster_home_17skikmc/storage/championship_results using PickledObjectFilesystemIOManager...
[32m2026-06-01 19:54:25 -0700[0m - dagster - [34mDEBUG[0m - __ASSET_JOB - 366f8e18-c03f-42ea-ae86-0fd43cc57db7 - 61720 - championship_results - ASSET_MATERIALIZATION - Materialized value championship_results.
[32m2026-06-01 19:54:25 -0700[0m - dagster - [34mDEBUG[0m - __ASSET_JOB - 366f8e18-c03f-42ea-ae86-0fd43cc57db7 - 61720 - championship_results - HANDLED_OUTPUT - Handled output "result" using IO manager "io_manager"
[32m2026-06-01 19:54:25 -0700[0m - dagster - [34mDEBUG[0m - __ASSET_JOB - 366f8e18-c03f-42ea-ae86-0fd43cc57db7 - 61720 - championship_results - STEP_SUCCESS - Finished execution of step "championship_results" in 1m13s.
