[32m2026-05-31 10:57:58 -0700[0m - dagster - [34mDEBUG[0m - __ASSET_JOB - d3cf9bea-f44f-44f0-9737-7302c334ed25 - 28535 - LOGS_CAPTURED - Started capturing logs in process (pid: 28535).
[32m2026-05-31 10:57:58 -0700[0m - dagster - [34mDEBUG[0m - __ASSET_JOB - d3cf9bea-f44f-44f0-9737-7302c334ed25 - 28535 - predictions - STEP_START - Started execution of step "predictions".
[32m2026-05-31 10:57:58 -0700[0m - dagster - [34mINFO[0m - __ASSET_JOB - d3cf9bea-f44f-44f0-9737-7302c334ed25 - predictions - ── 2025 holdout validation ──
[32m2026-05-31 10:57:58 -0700[0m - dagster - [34mINFO[0m - __ASSET_JOB - d3cf9bea-f44f-44f0-9737-7302c334ed25 - predictions -   MAE:  1.202 places
[32m2026-05-31 10:57:58 -0700[0m - dagster - [34mINFO[0m - __ASSET_JOB - d3cf9bea-f44f-44f0-9737-7302c334ed25 - predictions -   RMSE: 1.499 places
[32m2026-05-31 10:57:58 -0700[0m - dagster - [34mINFO[0m - __ASSET_JOB - d3cf9bea-f44f-44f0-9737-7302c334ed25 - predictions -   Top-8 recall: 242/242 (100.0%)
[32m2026-05-31 10:57:58 -0700[0m - dagster - [34mINFO[0m - __ASSET_JOB - d3cf9bea-f44f-44f0-9737-7302c334ed25 - predictions - Final model trained on 979 rows (4 years)
[32m2026-05-31 10:57:58 -0700[0m - dagster - [34mINFO[0m - __ASSET_JOB - d3cf9bea-f44f-44f0-9737-7302c334ed25 - predictions - Feature importances:
[32m2026-05-31 10:57:58 -0700[0m - dagster - [34mINFO[0m - __ASSET_JOB - d3cf9bea-f44f-44f0-9737-7302c334ed25 - predictions -   avg_place             : 0.4631
[32m2026-05-31 10:57:58 -0700[0m - dagster - [34mINFO[0m - __ASSET_JOB - d3cf9bea-f44f-44f0-9737-7302c334ed25 - predictions -   conf_champ_place      : 0.2973
[32m2026-05-31 10:57:58 -0700[0m - dagster - [34mINFO[0m - __ASSET_JOB - d3cf9bea-f44f-44f0-9737-7302c334ed25 - predictions -   season_best           : 0.1217
[32m2026-05-31 10:57:58 -0700[0m - dagster - [34mINFO[0m - __ASSET_JOB - d3cf9bea-f44f-44f0-9737-7302c334ed25 - predictions -   season_avg            : 0.1180
[32m2026-05-31 10:57:58 -0700[0m - dagster - [34mINFO[0m - __ASSET_JOB - d3cf9bea-f44f-44f0-9737-7302c334ed25 - predictions - Saved 860 predictions → data/predictions/predictions.csv
[32m2026-05-31 10:57:58 -0700[0m - dagster - [34mINFO[0m - __ASSET_JOB - d3cf9bea-f44f-44f0-9737-7302c334ed25 - predictions - Saved team scores → data/predictions/team_scores.csv
[32m2026-05-31 10:57:58 -0700[0m - dagster - [34mINFO[0m - __ASSET_JOB - d3cf9bea-f44f-44f0-9737-7302c334ed25 - predictions - ── Top 3 Men ──
[32m2026-05-31 10:57:58 -0700[0m - dagster - [34mINFO[0m - __ASSET_JOB - d3cf9bea-f44f-44f0-9737-7302c334ed25 - predictions -   1. Arkansas — 44 pts
[32m2026-05-31 10:57:58 -0700[0m - dagster - [34mINFO[0m - __ASSET_JOB - d3cf9bea-f44f-44f0-9737-7302c334ed25 - predictions -   2. Oregon — 42 pts
[32m2026-05-31 10:57:58 -0700[0m - dagster - [34mINFO[0m - __ASSET_JOB - d3cf9bea-f44f-44f0-9737-7302c334ed25 - predictions -   3. Air Force — 20 pts
[32m2026-05-31 10:57:58 -0700[0m - dagster - [34mINFO[0m - __ASSET_JOB - d3cf9bea-f44f-44f0-9737-7302c334ed25 - predictions - ── Top 3 Women ──
[32m2026-05-31 10:57:58 -0700[0m - dagster - [34mINFO[0m - __ASSET_JOB - d3cf9bea-f44f-44f0-9737-7302c334ed25 - predictions -   1. Georgia — 34 pts
[32m2026-05-31 10:57:58 -0700[0m - dagster - [34mINFO[0m - __ASSET_JOB - d3cf9bea-f44f-44f0-9737-7302c334ed25 - predictions -   2. South Carolina — 33 pts
[32m2026-05-31 10:57:58 -0700[0m - dagster - [34mINFO[0m - __ASSET_JOB - d3cf9bea-f44f-44f0-9737-7302c334ed25 - predictions -   3. Oregon — 30 pts
[32m2026-05-31 10:57:58 -0700[0m - dagster - [34mDEBUG[0m - __ASSET_JOB - d3cf9bea-f44f-44f0-9737-7302c334ed25 - 28535 - predictions - STEP_OUTPUT - Yielded output "result" of type "DataFrame". (Type check passed).
[32m2026-05-31 10:57:58 -0700[0m - dagster - [34mDEBUG[0m - __ASSET_JOB - d3cf9bea-f44f-44f0-9737-7302c334ed25 - predictions - Writing file at: /Users/katelynvuong/Desktop/2026-ncaa-tf-predictions/.tmp_dagster_home_17skikmc/storage/predictions using PickledObjectFilesystemIOManager...
[32m2026-05-31 10:57:58 -0700[0m - dagster - [34mDEBUG[0m - __ASSET_JOB - d3cf9bea-f44f-44f0-9737-7302c334ed25 - 28535 - predictions - ASSET_MATERIALIZATION - Materialized value predictions.
[32m2026-05-31 10:57:58 -0700[0m - dagster - [34mDEBUG[0m - __ASSET_JOB - d3cf9bea-f44f-44f0-9737-7302c334ed25 - 28535 - predictions - HANDLED_OUTPUT - Handled output "result" using IO manager "io_manager"
[32m2026-05-31 10:57:58 -0700[0m - dagster - [34mDEBUG[0m - __ASSET_JOB - d3cf9bea-f44f-44f0-9737-7302c334ed25 - 28535 - predictions - STEP_SUCCESS - Finished execution of step "predictions" in 542ms.
