[32m2026-06-01 11:32:32 -0700[0m - dagster - [34mDEBUG[0m - __ASSET_JOB - 6f2f2fea-f37c-459f-8456-4eb49708d6ac - 34257 - LOGS_CAPTURED - Started capturing logs in process (pid: 34257).
[32m2026-06-01 11:32:32 -0700[0m - dagster - [34mDEBUG[0m - __ASSET_JOB - 6f2f2fea-f37c-459f-8456-4eb49708d6ac - 34257 - predictions - STEP_START - Started execution of step "predictions".
[32m2026-06-01 11:32:32 -0700[0m - dagster - [34mINFO[0m - __ASSET_JOB - 6f2f2fea-f37c-459f-8456-4eb49708d6ac - predictions - ── 2025 holdout validation ──
[32m2026-06-01 11:32:32 -0700[0m - dagster - [34mINFO[0m - __ASSET_JOB - 6f2f2fea-f37c-459f-8456-4eb49708d6ac - predictions -   MAE:              1.319 places
[32m2026-06-01 11:32:32 -0700[0m - dagster - [34mINFO[0m - __ASSET_JOB - 6f2f2fea-f37c-459f-8456-4eb49708d6ac - predictions -   RMSE:             1.665 places
[32m2026-06-01 11:32:32 -0700[0m - dagster - [34mINFO[0m - __ASSET_JOB - 6f2f2fea-f37c-459f-8456-4eb49708d6ac - predictions -   Spearman (avg):   0.728
[32m2026-06-01 11:32:32 -0700[0m - dagster - [34mINFO[0m - __ASSET_JOB - 6f2f2fea-f37c-459f-8456-4eb49708d6ac - predictions -   Top-3 hit rate:   75/96 (78.1%)
[32m2026-06-01 11:32:33 -0700[0m - dagster - [34mINFO[0m - __ASSET_JOB - 6f2f2fea-f37c-459f-8456-4eb49708d6ac - predictions - Final model trained on 979 rows (4 years)
[32m2026-06-01 11:32:33 -0700[0m - dagster - [34mINFO[0m - __ASSET_JOB - 6f2f2fea-f37c-459f-8456-4eb49708d6ac - predictions - Feature importances:
[32m2026-06-01 11:32:33 -0700[0m - dagster - [34mINFO[0m - __ASSET_JOB - 6f2f2fea-f37c-459f-8456-4eb49708d6ac - predictions -   avg_place             : 0.3655
[32m2026-06-01 11:32:33 -0700[0m - dagster - [34mINFO[0m - __ASSET_JOB - 6f2f2fea-f37c-459f-8456-4eb49708d6ac - predictions -   conf_champ_place      : 0.1933
[32m2026-06-01 11:32:33 -0700[0m - dagster - [34mINFO[0m - __ASSET_JOB - 6f2f2fea-f37c-459f-8456-4eb49708d6ac - predictions -   conf_champ_place_any_event: 0.1129
[32m2026-06-01 11:32:33 -0700[0m - dagster - [34mINFO[0m - __ASSET_JOB - 6f2f2fea-f37c-459f-8456-4eb49708d6ac - predictions -   cross_event_avg_place : 0.0959
[32m2026-06-01 11:32:33 -0700[0m - dagster - [34mINFO[0m - __ASSET_JOB - 6f2f2fea-f37c-459f-8456-4eb49708d6ac - predictions -   pr                    : 0.0869
[32m2026-06-01 11:32:33 -0700[0m - dagster - [34mINFO[0m - __ASSET_JOB - 6f2f2fea-f37c-459f-8456-4eb49708d6ac - predictions -   season_best           : 0.0729
[32m2026-06-01 11:32:33 -0700[0m - dagster - [34mINFO[0m - __ASSET_JOB - 6f2f2fea-f37c-459f-8456-4eb49708d6ac - predictions -   season_avg            : 0.0727
[32m2026-06-01 11:32:33 -0700[0m - dagster - [34mINFO[0m - __ASSET_JOB - 6f2f2fea-f37c-459f-8456-4eb49708d6ac - predictions - Saved 860 predictions → data/predictions/predictions.csv
[32m2026-06-01 11:32:33 -0700[0m - dagster - [34mINFO[0m - __ASSET_JOB - 6f2f2fea-f37c-459f-8456-4eb49708d6ac - predictions - Saved team scores → data/predictions/team_scores.csv
[32m2026-06-01 11:32:33 -0700[0m - dagster - [34mINFO[0m - __ASSET_JOB - 6f2f2fea-f37c-459f-8456-4eb49708d6ac - predictions - ── Top 3 Men ──
[32m2026-06-01 11:32:33 -0700[0m - dagster - [34mINFO[0m - __ASSET_JOB - 6f2f2fea-f37c-459f-8456-4eb49708d6ac - predictions -   1. Oregon — 47 pts
[32m2026-06-01 11:32:33 -0700[0m - dagster - [34mINFO[0m - __ASSET_JOB - 6f2f2fea-f37c-459f-8456-4eb49708d6ac - predictions -   2. Arkansas — 37 pts
[32m2026-06-01 11:32:33 -0700[0m - dagster - [34mINFO[0m - __ASSET_JOB - 6f2f2fea-f37c-459f-8456-4eb49708d6ac - predictions -   3. Louisville — 36 pts
[32m2026-06-01 11:32:33 -0700[0m - dagster - [34mINFO[0m - __ASSET_JOB - 6f2f2fea-f37c-459f-8456-4eb49708d6ac - predictions - ── Top 3 Women ──
[32m2026-06-01 11:32:33 -0700[0m - dagster - [34mINFO[0m - __ASSET_JOB - 6f2f2fea-f37c-459f-8456-4eb49708d6ac - predictions -   1. Florida — 28 pts
[32m2026-06-01 11:32:33 -0700[0m - dagster - [34mINFO[0m - __ASSET_JOB - 6f2f2fea-f37c-459f-8456-4eb49708d6ac - predictions -   2. Georgia — 27 pts
[32m2026-06-01 11:32:33 -0700[0m - dagster - [34mINFO[0m - __ASSET_JOB - 6f2f2fea-f37c-459f-8456-4eb49708d6ac - predictions -   3. Princeton — 25 pts
[32m2026-06-01 11:32:33 -0700[0m - dagster - [34mDEBUG[0m - __ASSET_JOB - 6f2f2fea-f37c-459f-8456-4eb49708d6ac - 34257 - predictions - STEP_OUTPUT - Yielded output "result" of type "DataFrame". (Type check passed).
[32m2026-06-01 11:32:33 -0700[0m - dagster - [34mDEBUG[0m - __ASSET_JOB - 6f2f2fea-f37c-459f-8456-4eb49708d6ac - predictions - Writing file at: /Users/katelynvuong/Desktop/2026-ncaa-tf-predictions/.tmp_dagster_home_17skikmc/storage/predictions using PickledObjectFilesystemIOManager...
[32m2026-06-01 11:32:33 -0700[0m - dagster - [34mDEBUG[0m - __ASSET_JOB - 6f2f2fea-f37c-459f-8456-4eb49708d6ac - 34257 - predictions - ASSET_MATERIALIZATION - Materialized value predictions.
[32m2026-06-01 11:32:33 -0700[0m - dagster - [34mDEBUG[0m - __ASSET_JOB - 6f2f2fea-f37c-459f-8456-4eb49708d6ac - 34257 - predictions - HANDLED_OUTPUT - Handled output "result" using IO manager "io_manager"
[32m2026-06-01 11:32:33 -0700[0m - dagster - [34mDEBUG[0m - __ASSET_JOB - 6f2f2fea-f37c-459f-8456-4eb49708d6ac - 34257 - predictions - STEP_SUCCESS - Finished execution of step "predictions" in 636ms.
