[32m2026-05-31 16:10:49 -0700[0m - dagster - [34mDEBUG[0m - __ASSET_JOB - a0b5d00f-9678-4306-9faf-6f90d8b521cc - 76633 - LOGS_CAPTURED - Started capturing logs in process (pid: 76633).
[32m2026-05-31 16:10:49 -0700[0m - dagster - [34mDEBUG[0m - __ASSET_JOB - a0b5d00f-9678-4306-9faf-6f90d8b521cc - 76633 - predictions - STEP_START - Started execution of step "predictions".
[32m2026-05-31 16:10:49 -0700[0m - dagster - [34mERROR[0m - [31m__ASSET_JOB - a0b5d00f-9678-4306-9faf-6f90d8b521cc - 76633 - predictions - STEP_FAILURE - Execution of step "predictions" failed.

dagster._core.errors.DagsterExecutionStepExecutionError: Error occurred while executing op "predictions"::

KeyError: 'pr'

Stack Trace:
  File "/Users/katelynvuong/Desktop/2026-ncaa-tf-predictions/.venv/lib/python3.12/site-packages/dagster/_core/execution/plan/utils.py", line 57, in op_execution_error_boundary
    yield
  File "/Users/katelynvuong/Desktop/2026-ncaa-tf-predictions/.venv/lib/python3.12/site-packages/dagster/_utils/__init__.py", line 394, in iterate_with_context
    next_output = next(iterator)
                  ^^^^^^^^^^^^^^
  File "/Users/katelynvuong/Desktop/2026-ncaa-tf-predictions/.venv/lib/python3.12/site-packages/dagster/_core/execution/plan/compute_generator.py", line 135, in _coerce_op_compute_fn_to_iterator
    result = invoke_compute_fn(
             ^^^^^^^^^^^^^^^^^^
  File "/Users/katelynvuong/Desktop/2026-ncaa-tf-predictions/.venv/lib/python3.12/site-packages/dagster/_core/execution/plan/compute_generator.py", line 115, in invoke_compute_fn
    return fn(context, **args_to_pass) if context_arg_provided else fn(**args_to_pass)
                                                                    ^^^^^^^^^^^^^^^^^^
  File "/Users/katelynvuong/Desktop/2026-ncaa-tf-predictions/pipeline/assets/model.py", line 68, in predictions
    train_df = _load_training("data/training/training_dataset.csv")
               ^^^^^^^^^^^^^^^^^^^^^^^^^^^^^^^^^^^^^^^^^^^^^^^^^^^^
  File "/Users/katelynvuong/Desktop/2026-ncaa-tf-predictions/pipeline/assets/model.py", line 33, in _load_training
    df[col] = pd.to_numeric(df[col], errors="coerce")
                            ~~^^^^^
  File "/Users/katelynvuong/Desktop/2026-ncaa-tf-predictions/.venv/lib/python3.12/site-packages/pandas/core/frame.py", line 4378, in __getitem__
    indexer = self.columns.get_loc(key)
              ^^^^^^^^^^^^^^^^^^^^^^^^^
  File "/Users/katelynvuong/Desktop/2026-ncaa-tf-predictions/.venv/lib/python3.12/site-packages/pandas/core/indexes/base.py", line 3648, in get_loc
    raise KeyError(key) from err

The above exception was caused by the following exception:
KeyError: 'pr'

Stack Trace:
  File "/Users/katelynvuong/Desktop/2026-ncaa-tf-predictions/.venv/lib/python3.12/site-packages/pandas/core/indexes/base.py", line 3641, in get_loc
    return self._engine.get_loc(casted_key)
           ^^^^^^^^^^^^^^^^^^^^^^^^^^^^^^^^
  File "pandas/_libs/index.pyx", line 168, in pandas._libs.index.IndexEngine.get_loc
  File "pandas/_libs/index.pyx", line 197, in pandas._libs.index.IndexEngine.get_loc
  File "pandas/_libs/hashtable_class_helper.pxi", line 7668, in pandas._libs.hashtable.PyObjectHashTable.get_item
  File "pandas/_libs/hashtable_class_helper.pxi", line 7676, in pandas._libs.hashtable.PyObjectHashTable.get_item
[0m
