[32m2026-06-03 10:47:43 -0700[0m - dagster - [34mDEBUG[0m - __ASSET_JOB - 1135c3d1-e0b6-421e-aff2-24a40ee46e45 - 70834 - LOGS_CAPTURED - Started capturing logs in process (pid: 70834).
[32m2026-06-03 10:47:43 -0700[0m - dagster - [34mDEBUG[0m - __ASSET_JOB - 1135c3d1-e0b6-421e-aff2-24a40ee46e45 - 70834 - training_features - STEP_START - Started execution of step "training_features".
[32m2026-06-03 10:47:44 -0700[0m - dagster - [34mINFO[0m - __ASSET_JOB - 1135c3d1-e0b6-421e-aff2-24a40ee46e45 - training_features - Loaded 4841 profiles
[32m2026-06-03 10:47:44 -0700[0m - dagster - [34mINFO[0m - __ASSET_JOB - 1135c3d1-e0b6-421e-aff2-24a40ee46e45 - training_features - Built results table: 263189 rows across all profiles
[32m2026-06-03 10:47:44 -0700[0m - dagster - [34mERROR[0m - [31m__ASSET_JOB - 1135c3d1-e0b6-421e-aff2-24a40ee46e45 - 70834 - training_features - STEP_FAILURE - Execution of step "training_features" failed.

dagster._core.errors.DagsterExecutionStepExecutionError: Error occurred while executing op "training_features"::

pandas.errors.ParserError: Error tokenizing data. C error: EOF inside string starting at row 4675

Stack Trace:
  File "/Users/katelynvuong/Desktop/2026-ncaa-tf-predictions/.venv/lib/python3.12/site-packages/dagster/_core/execution/plan/utils.py", line 57, in op_execution_error_boundary
    yield
  File "/Users/katelynvuong/Desktop/2026-ncaa-tf-predictions/.venv/lib/python3.12/site-packages/dagster/_utils/__init__.py", line 394, in iterate_with_context
    next_output = next(iterator)
                  ^^^^^^^^^^^^^^
  File "/Users/katelynvuong/Desktop/2026-ncaa-tf-predictions/.venv/lib/python3.12/site-packages/dagster/_core/execution/plan/compute_generator.py", line 135, in _coerce_op_compute_fn_to_iterator
    result = invoke_compute_fn(
             ^^^^^^^^^^^^^^^^^^
  File "/Users/katelynvuong/Desktop/2026-ncaa-tf-predictions/.venv/lib/python3.12/site-packages/dagster/_core/execution/plan/compute_generator.py", line 115, in invoke_compute_fn
    return fn(context, **args_to_pass) if context_arg_provided else fn(**args_to_pass)
                                                                    ^^^^^^^^^^^^^^^^^^
  File "/Users/katelynvuong/Desktop/2026-ncaa-tf-predictions/pipeline/assets/training_data.py", line 489, in training_features
    prs = pd.read_csv("data/flattened_dataframes/athletes_prs.csv", dtype=str)
          ^^^^^^^^^^^^^^^^^^^^^^^^^^^^^^^^^^^^^^^^^^^^^^^^^^^^^^^^^^^^^^^^^^^^
  File "/Users/katelynvuong/Desktop/2026-ncaa-tf-predictions/.venv/lib/python3.12/site-packages/pandas/io/parsers/readers.py", line 873, in read_csv
    return _read(filepath_or_buffer, kwds)
           ^^^^^^^^^^^^^^^^^^^^^^^^^^^^^^^
  File "/Users/katelynvuong/Desktop/2026-ncaa-tf-predictions/.venv/lib/python3.12/site-packages/pandas/io/parsers/readers.py", line 306, in _read
    return parser.read(nrows)
           ^^^^^^^^^^^^^^^^^^
  File "/Users/katelynvuong/Desktop/2026-ncaa-tf-predictions/.venv/lib/python3.12/site-packages/pandas/io/parsers/readers.py", line 1947, in read
    ) = self._engine.read(  # type: ignore[attr-defined]
        ^^^^^^^^^^^^^^^^^^^^^^^^^^^^^^^^^^^^^^^^^^^^^^^^
  File "/Users/katelynvuong/Desktop/2026-ncaa-tf-predictions/.venv/lib/python3.12/site-packages/pandas/io/parsers/c_parser_wrapper.py", line 215, in read
    chunks = self._reader.read_low_memory(nrows)
             ^^^^^^^^^^^^^^^^^^^^^^^^^^^^^^^^^^^
  File "pandas/_libs/parsers.pyx", line 832, in pandas._libs.parsers.TextReader.read_low_memory
  File "pandas/_libs/parsers.pyx", line 897, in pandas._libs.parsers.TextReader._read_rows
  File "pandas/_libs/parsers.pyx", line 868, in pandas._libs.parsers.TextReader._tokenize_rows
  File "pandas/_libs/parsers.pyx", line 885, in pandas._libs.parsers.TextReader._check_tokenize_status
  File "pandas/_libs/parsers.pyx", line 2084, in pandas._libs.parsers.raise_parser_error
[0m
