[32m2026-06-01 20:15:44 -0700[0m - dagster - [34mDEBUG[0m - __ASSET_JOB - 57ba41be-5cca-4e75-ba63-6e14b40a8091 - 76410 - LOGS_CAPTURED - Started capturing logs in process (pid: 76410).
[32m2026-06-01 20:15:44 -0700[0m - dagster - [34mDEBUG[0m - __ASSET_JOB - 57ba41be-5cca-4e75-ba63-6e14b40a8091 - 76410 - historical_relay_qualifying - STEP_START - Started execution of step "historical_relay_qualifying".
[32m2026-06-01 20:15:44 -0700[0m - dagster - [34mINFO[0m - __ASSET_JOB - 57ba41be-5cca-4e75-ba63-6e14b40a8091 - historical_relay_qualifying -   2021 east M 4x100: 12 teams
[32m2026-06-01 20:15:45 -0700[0m - dagster - [34mINFO[0m - __ASSET_JOB - 57ba41be-5cca-4e75-ba63-6e14b40a8091 - historical_relay_qualifying -   2021 east M 4x400: 12 teams
[32m2026-06-01 20:15:45 -0700[0m - dagster - [34mINFO[0m - __ASSET_JOB - 57ba41be-5cca-4e75-ba63-6e14b40a8091 - historical_relay_qualifying -   2021 east W 4x100: 12 teams
[32m2026-06-01 20:15:45 -0700[0m - dagster - [34mINFO[0m - __ASSET_JOB - 57ba41be-5cca-4e75-ba63-6e14b40a8091 - historical_relay_qualifying -   2021 east W 4x400: 12 teams
[32m2026-06-01 20:15:46 -0700[0m - dagster - [34mINFO[0m - __ASSET_JOB - 57ba41be-5cca-4e75-ba63-6e14b40a8091 - historical_relay_qualifying -   2021 west M 4x100: 12 teams
[32m2026-06-01 20:15:46 -0700[0m - dagster - [34mINFO[0m - __ASSET_JOB - 57ba41be-5cca-4e75-ba63-6e14b40a8091 - historical_relay_qualifying -   2021 west M 4x400: 12 teams
[32m2026-06-01 20:15:46 -0700[0m - dagster - [34mINFO[0m - __ASSET_JOB - 57ba41be-5cca-4e75-ba63-6e14b40a8091 - historical_relay_qualifying -   2021 west W 4x100: 12 teams
[32m2026-06-01 20:15:47 -0700[0m - dagster - [34mINFO[0m - __ASSET_JOB - 57ba41be-5cca-4e75-ba63-6e14b40a8091 - historical_relay_qualifying -   2021 west W 4x400: 12 teams
[32m2026-06-01 20:15:47 -0700[0m - dagster - [34mINFO[0m - __ASSET_JOB - 57ba41be-5cca-4e75-ba63-6e14b40a8091 - historical_relay_qualifying -   2022 east M 4x100: 12 teams
[32m2026-06-01 20:15:47 -0700[0m - dagster - [34mINFO[0m - __ASSET_JOB - 57ba41be-5cca-4e75-ba63-6e14b40a8091 - historical_relay_qualifying -   2022 east M 4x400: 12 teams
[32m2026-06-01 20:15:48 -0700[0m - dagster - [34mINFO[0m - __ASSET_JOB - 57ba41be-5cca-4e75-ba63-6e14b40a8091 - historical_relay_qualifying -   2022 east W 4x100: 12 teams
[32m2026-06-01 20:15:48 -0700[0m - dagster - [34mINFO[0m - __ASSET_JOB - 57ba41be-5cca-4e75-ba63-6e14b40a8091 - historical_relay_qualifying -   2022 east W 4x400: 12 teams
[32m2026-06-01 20:15:48 -0700[0m - dagster - [34mINFO[0m - __ASSET_JOB - 57ba41be-5cca-4e75-ba63-6e14b40a8091 - historical_relay_qualifying -   2022 west M 4x100: 12 teams
[32m2026-06-01 20:15:49 -0700[0m - dagster - [34mINFO[0m - __ASSET_JOB - 57ba41be-5cca-4e75-ba63-6e14b40a8091 - historical_relay_qualifying -   2022 west M 4x400: 12 teams
[32m2026-06-01 20:15:49 -0700[0m - dagster - [34mINFO[0m - __ASSET_JOB - 57ba41be-5cca-4e75-ba63-6e14b40a8091 - historical_relay_qualifying -   2022 west W 4x100: 12 teams
[32m2026-06-01 20:15:49 -0700[0m - dagster - [34mINFO[0m - __ASSET_JOB - 57ba41be-5cca-4e75-ba63-6e14b40a8091 - historical_relay_qualifying -   2022 west W 4x400: 12 teams
[32m2026-06-01 20:15:50 -0700[0m - dagster - [34mINFO[0m - __ASSET_JOB - 57ba41be-5cca-4e75-ba63-6e14b40a8091 - historical_relay_qualifying -   2023 east M 4x100: 12 teams
[32m2026-06-01 20:15:50 -0700[0m - dagster - [34mINFO[0m - __ASSET_JOB - 57ba41be-5cca-4e75-ba63-6e14b40a8091 - historical_relay_qualifying -   2023 east M 4x400: 12 teams
[32m2026-06-01 20:15:50 -0700[0m - dagster - [34mINFO[0m - __ASSET_JOB - 57ba41be-5cca-4e75-ba63-6e14b40a8091 - historical_relay_qualifying -   2023 east W 4x100: 12 teams
[32m2026-06-01 20:15:51 -0700[0m - dagster - [34mINFO[0m - __ASSET_JOB - 57ba41be-5cca-4e75-ba63-6e14b40a8091 - historical_relay_qualifying -   2023 east W 4x400: 12 teams
[32m2026-06-01 20:15:51 -0700[0m - dagster - [34mINFO[0m - __ASSET_JOB - 57ba41be-5cca-4e75-ba63-6e14b40a8091 - historical_relay_qualifying -   2023 west M 4x100: 12 teams
[32m2026-06-01 20:15:52 -0700[0m - dagster - [34mINFO[0m - __ASSET_JOB - 57ba41be-5cca-4e75-ba63-6e14b40a8091 - historical_relay_qualifying -   2023 west M 4x400: 12 teams
[32m2026-06-01 20:15:52 -0700[0m - dagster - [34mINFO[0m - __ASSET_JOB - 57ba41be-5cca-4e75-ba63-6e14b40a8091 - historical_relay_qualifying -   2023 west W 4x100: 12 teams
[32m2026-06-01 20:15:52 -0700[0m - dagster - [34mINFO[0m - __ASSET_JOB - 57ba41be-5cca-4e75-ba63-6e14b40a8091 - historical_relay_qualifying -   2023 west W 4x400: 12 teams
[32m2026-06-01 20:15:53 -0700[0m - dagster - [34mINFO[0m - __ASSET_JOB - 57ba41be-5cca-4e75-ba63-6e14b40a8091 - historical_relay_qualifying -   2024 east M 4x100: 12 teams
[32m2026-06-01 20:15:53 -0700[0m - dagster - [34mINFO[0m - __ASSET_JOB - 57ba41be-5cca-4e75-ba63-6e14b40a8091 - historical_relay_qualifying -   2024 east M 4x400: 12 teams
[32m2026-06-01 20:15:53 -0700[0m - dagster - [34mINFO[0m - __ASSET_JOB - 57ba41be-5cca-4e75-ba63-6e14b40a8091 - historical_relay_qualifying -   2024 east W 4x100: 12 teams
[32m2026-06-01 20:15:54 -0700[0m - dagster - [34mINFO[0m - __ASSET_JOB - 57ba41be-5cca-4e75-ba63-6e14b40a8091 - historical_relay_qualifying -   2024 east W 4x400: 12 teams
[32m2026-06-01 20:15:54 -0700[0m - dagster - [34mINFO[0m - __ASSET_JOB - 57ba41be-5cca-4e75-ba63-6e14b40a8091 - historical_relay_qualifying -   2024 west M 4x100: 12 teams
[32m2026-06-01 20:15:54 -0700[0m - dagster - [34mINFO[0m - __ASSET_JOB - 57ba41be-5cca-4e75-ba63-6e14b40a8091 - historical_relay_qualifying -   2024 west M 4x400: 12 teams
[32m2026-06-01 20:15:55 -0700[0m - dagster - [34mINFO[0m - __ASSET_JOB - 57ba41be-5cca-4e75-ba63-6e14b40a8091 - historical_relay_qualifying -   2024 west W 4x100: 12 teams
[32m2026-06-01 20:15:55 -0700[0m - dagster - [34mINFO[0m - __ASSET_JOB - 57ba41be-5cca-4e75-ba63-6e14b40a8091 - historical_relay_qualifying -   2024 west W 4x400: 12 teams
[32m2026-06-01 20:15:55 -0700[0m - dagster - [34mINFO[0m - __ASSET_JOB - 57ba41be-5cca-4e75-ba63-6e14b40a8091 - historical_relay_qualifying -   2025 east M 4x100: 12 teams
[32m2026-06-01 20:15:56 -0700[0m - dagster - [34mINFO[0m - __ASSET_JOB - 57ba41be-5cca-4e75-ba63-6e14b40a8091 - historical_relay_qualifying -   2025 east M 4x400: 12 teams
[32m2026-06-01 20:15:56 -0700[0m - dagster - [34mINFO[0m - __ASSET_JOB - 57ba41be-5cca-4e75-ba63-6e14b40a8091 - historical_relay_qualifying -   2025 east W 4x100: 12 teams
[32m2026-06-01 20:15:56 -0700[0m - dagster - [34mINFO[0m - __ASSET_JOB - 57ba41be-5cca-4e75-ba63-6e14b40a8091 - historical_relay_qualifying -   2025 east W 4x400: 12 teams
[32m2026-06-01 20:15:57 -0700[0m - dagster - [34mINFO[0m - __ASSET_JOB - 57ba41be-5cca-4e75-ba63-6e14b40a8091 - historical_relay_qualifying -   2025 west M 4x100: 12 teams
[32m2026-06-01 20:15:57 -0700[0m - dagster - [34mINFO[0m - __ASSET_JOB - 57ba41be-5cca-4e75-ba63-6e14b40a8091 - historical_relay_qualifying -   2025 west M 4x400: 12 teams
[32m2026-06-01 20:15:57 -0700[0m - dagster - [34mINFO[0m - __ASSET_JOB - 57ba41be-5cca-4e75-ba63-6e14b40a8091 - historical_relay_qualifying -   2025 west W 4x100: 12 teams
[32m2026-06-01 20:15:58 -0700[0m - dagster - [34mINFO[0m - __ASSET_JOB - 57ba41be-5cca-4e75-ba63-6e14b40a8091 - historical_relay_qualifying -   2025 west W 4x400: 12 teams
[32m2026-06-01 20:15:58 -0700[0m - dagster - [34mINFO[0m - __ASSET_JOB - 57ba41be-5cca-4e75-ba63-6e14b40a8091 - historical_relay_qualifying -   2019 east M 4x100: 46 teams (TFRRS)
[32m2026-06-01 20:15:58 -0700[0m - dagster - [34mINFO[0m - __ASSET_JOB - 57ba41be-5cca-4e75-ba63-6e14b40a8091 - historical_relay_qualifying -   2019 east M 4x400: 42 teams (TFRRS)
[32m2026-06-01 20:15:58 -0700[0m - dagster - [34mINFO[0m - __ASSET_JOB - 57ba41be-5cca-4e75-ba63-6e14b40a8091 - historical_relay_qualifying -   2019 east W 4x100: 48 teams (TFRRS)
[32m2026-06-01 20:15:59 -0700[0m - dagster - [34mINFO[0m - __ASSET_JOB - 57ba41be-5cca-4e75-ba63-6e14b40a8091 - historical_relay_qualifying -   2019 east W 4x400: 48 teams (TFRRS)
[32m2026-06-01 20:15:59 -0700[0m - dagster - [34mINFO[0m - __ASSET_JOB - 57ba41be-5cca-4e75-ba63-6e14b40a8091 - historical_relay_qualifying -   2019 west M 4x100: 40 teams (TFRRS)
[32m2026-06-01 20:15:59 -0700[0m - dagster - [34mINFO[0m - __ASSET_JOB - 57ba41be-5cca-4e75-ba63-6e14b40a8091 - historical_relay_qualifying -   2019 west M 4x400: 48 teams (TFRRS)
[32m2026-06-01 20:15:59 -0700[0m - dagster - [34mINFO[0m - __ASSET_JOB - 57ba41be-5cca-4e75-ba63-6e14b40a8091 - historical_relay_qualifying -   2019 west W 4x100: 40 teams (TFRRS)
[32m2026-06-01 20:15:59 -0700[0m - dagster - [34mINFO[0m - __ASSET_JOB - 57ba41be-5cca-4e75-ba63-6e14b40a8091 - historical_relay_qualifying -   2019 west W 4x400: 48 teams (TFRRS)
[32m2026-06-01 20:15:59 -0700[0m - dagster - [34mINFO[0m - __ASSET_JOB - 57ba41be-5cca-4e75-ba63-6e14b40a8091 - historical_relay_qualifying - Saved 840 relay qualifying rows → data/training/historical_relay_qualifying.csv
[32m2026-06-01 20:15:59 -0700[0m - dagster - [34mDEBUG[0m - __ASSET_JOB - 57ba41be-5cca-4e75-ba63-6e14b40a8091 - 76410 - historical_relay_qualifying - STEP_OUTPUT - Yielded output "result" of type "DataFrame". (Type check passed).
[32m2026-06-01 20:15:59 -0700[0m - dagster - [34mDEBUG[0m - __ASSET_JOB - 57ba41be-5cca-4e75-ba63-6e14b40a8091 - historical_relay_qualifying - Writing file at: /Users/katelynvuong/Desktop/2026-ncaa-tf-predictions/.tmp_dagster_home_17skikmc/storage/historical_relay_qualifying using PickledObjectFilesystemIOManager...
[32m2026-06-01 20:16:00 -0700[0m - dagster - [34mDEBUG[0m - __ASSET_JOB - 57ba41be-5cca-4e75-ba63-6e14b40a8091 - 76410 - historical_relay_qualifying - ASSET_MATERIALIZATION - Materialized value historical_relay_qualifying.
[32m2026-06-01 20:16:00 -0700[0m - dagster - [34mDEBUG[0m - __ASSET_JOB - 57ba41be-5cca-4e75-ba63-6e14b40a8091 - 76410 - historical_relay_qualifying - HANDLED_OUTPUT - Handled output "result" using IO manager "io_manager"
[32m2026-06-01 20:16:00 -0700[0m - dagster - [34mDEBUG[0m - __ASSET_JOB - 57ba41be-5cca-4e75-ba63-6e14b40a8091 - 76410 - historical_relay_qualifying - STEP_SUCCESS - Finished execution of step "historical_relay_qualifying" in 15.85s.
