[32m2026-06-01 12:43:59 -0700[0m - dagster - [34mDEBUG[0m - __ASSET_JOB - 6a5010a3-2cae-4220-87d6-89388ec05478 - 80927 - LOGS_CAPTURED - Started capturing logs in process (pid: 80927).
[32m2026-06-01 12:43:59 -0700[0m - dagster - [34mDEBUG[0m - __ASSET_JOB - 6a5010a3-2cae-4220-87d6-89388ec05478 - 80927 - championship_results - STEP_START - Started execution of step "championship_results".
[32m2026-06-01 12:44:00 -0700[0m - dagster - [34mINFO[0m - __ASSET_JOB - 6a5010a3-2cae-4220-87d6-89388ec05478 - championship_results - 2025: 40 events found
[32m2026-06-01 12:44:00 -0700[0m - dagster - [34mINFO[0m - __ASSET_JOB - 6a5010a3-2cae-4220-87d6-89388ec05478 - championship_results -   2025 M 100: 8 finalists
[32m2026-06-01 12:44:00 -0700[0m - dagster - [34mINFO[0m - __ASSET_JOB - 6a5010a3-2cae-4220-87d6-89388ec05478 - championship_results -   2025 M 200: 8 finalists
[32m2026-06-01 12:44:00 -0700[0m - dagster - [34mINFO[0m - __ASSET_JOB - 6a5010a3-2cae-4220-87d6-89388ec05478 - championship_results -   2025 M 400: 8 finalists
[32m2026-06-01 12:44:01 -0700[0m - dagster - [34mINFO[0m - __ASSET_JOB - 6a5010a3-2cae-4220-87d6-89388ec05478 - championship_results -   2025 M 800: 8 finalists
[32m2026-06-01 12:44:01 -0700[0m - dagster - [34mINFO[0m - __ASSET_JOB - 6a5010a3-2cae-4220-87d6-89388ec05478 - championship_results -   2025 M 1500: 8 finalists
[32m2026-06-01 12:44:01 -0700[0m - dagster - [34mINFO[0m - __ASSET_JOB - 6a5010a3-2cae-4220-87d6-89388ec05478 - championship_results -   2025 M 5000: 8 finalists
[32m2026-06-01 12:44:01 -0700[0m - dagster - [34mINFO[0m - __ASSET_JOB - 6a5010a3-2cae-4220-87d6-89388ec05478 - championship_results -   2025 M 10k: 8 finalists
[32m2026-06-01 12:44:02 -0700[0m - dagster - [34mINFO[0m - __ASSET_JOB - 6a5010a3-2cae-4220-87d6-89388ec05478 - championship_results -   2025 M 110H: 8 finalists
[32m2026-06-01 12:44:02 -0700[0m - dagster - [34mINFO[0m - __ASSET_JOB - 6a5010a3-2cae-4220-87d6-89388ec05478 - championship_results -   2025 M 400H: 8 finalists
[32m2026-06-01 12:44:02 -0700[0m - dagster - [34mINFO[0m - __ASSET_JOB - 6a5010a3-2cae-4220-87d6-89388ec05478 - championship_results -   2025 M 3000S: 8 finalists
[32m2026-06-01 12:44:02 -0700[0m - dagster - [34mINFO[0m - __ASSET_JOB - 6a5010a3-2cae-4220-87d6-89388ec05478 - championship_results -   2025 M 4x100: 1 finalists
[32m2026-06-01 12:44:02 -0700[0m - dagster - [34mINFO[0m - __ASSET_JOB - 6a5010a3-2cae-4220-87d6-89388ec05478 - championship_results -   2025 M 4x400: 1 finalists
[32m2026-06-01 12:44:03 -0700[0m - dagster - [34mINFO[0m - __ASSET_JOB - 6a5010a3-2cae-4220-87d6-89388ec05478 - championship_results -   2025 M HJ: 3 finalists
[32m2026-06-01 12:44:03 -0700[0m - dagster - [34mINFO[0m - __ASSET_JOB - 6a5010a3-2cae-4220-87d6-89388ec05478 - championship_results -   2025 M PV: 4 finalists
[32m2026-06-01 12:44:03 -0700[0m - dagster - [34mINFO[0m - __ASSET_JOB - 6a5010a3-2cae-4220-87d6-89388ec05478 - championship_results -   2025 M LJ: 8 finalists
[32m2026-06-01 12:44:03 -0700[0m - dagster - [34mINFO[0m - __ASSET_JOB - 6a5010a3-2cae-4220-87d6-89388ec05478 - championship_results -   2025 M TJ: 8 finalists
[32m2026-06-01 12:44:03 -0700[0m - dagster - [34mINFO[0m - __ASSET_JOB - 6a5010a3-2cae-4220-87d6-89388ec05478 - championship_results -   2025 M SP: 8 finalists
[32m2026-06-01 12:44:04 -0700[0m - dagster - [34mINFO[0m - __ASSET_JOB - 6a5010a3-2cae-4220-87d6-89388ec05478 - championship_results -   2025 M DT: 8 finalists
[32m2026-06-01 12:44:04 -0700[0m - dagster - [34mINFO[0m - __ASSET_JOB - 6a5010a3-2cae-4220-87d6-89388ec05478 - championship_results -   2025 M HT: 8 finalists
[32m2026-06-01 12:44:04 -0700[0m - dagster - [34mINFO[0m - __ASSET_JOB - 6a5010a3-2cae-4220-87d6-89388ec05478 - championship_results -   2025 M JT: 8 finalists
[32m2026-06-01 12:44:04 -0700[0m - dagster - [34mINFO[0m - __ASSET_JOB - 6a5010a3-2cae-4220-87d6-89388ec05478 - championship_results -   2025 W 100: 8 finalists
[32m2026-06-01 12:44:05 -0700[0m - dagster - [34mINFO[0m - __ASSET_JOB - 6a5010a3-2cae-4220-87d6-89388ec05478 - championship_results -   2025 W 200: 8 finalists
[32m2026-06-01 12:44:06 -0700[0m - dagster - [34mINFO[0m - __ASSET_JOB - 6a5010a3-2cae-4220-87d6-89388ec05478 - championship_results -   2025 W 400: 8 finalists
[32m2026-06-01 12:44:06 -0700[0m - dagster - [34mINFO[0m - __ASSET_JOB - 6a5010a3-2cae-4220-87d6-89388ec05478 - championship_results -   2025 W 800: 8 finalists
[32m2026-06-01 12:44:06 -0700[0m - dagster - [34mINFO[0m - __ASSET_JOB - 6a5010a3-2cae-4220-87d6-89388ec05478 - championship_results -   2025 W 1500: 8 finalists
[32m2026-06-01 12:44:06 -0700[0m - dagster - [34mINFO[0m - __ASSET_JOB - 6a5010a3-2cae-4220-87d6-89388ec05478 - championship_results -   2025 W 5000: 8 finalists
[32m2026-06-01 12:44:07 -0700[0m - dagster - [34mINFO[0m - __ASSET_JOB - 6a5010a3-2cae-4220-87d6-89388ec05478 - championship_results -   2025 W 10k: 8 finalists
[32m2026-06-01 12:44:07 -0700[0m - dagster - [34mINFO[0m - __ASSET_JOB - 6a5010a3-2cae-4220-87d6-89388ec05478 - championship_results -   2025 W 100H: 6 finalists
[32m2026-06-01 12:44:07 -0700[0m - dagster - [34mINFO[0m - __ASSET_JOB - 6a5010a3-2cae-4220-87d6-89388ec05478 - championship_results -   2025 W 400H: 8 finalists
[32m2026-06-01 12:44:07 -0700[0m - dagster - [34mINFO[0m - __ASSET_JOB - 6a5010a3-2cae-4220-87d6-89388ec05478 - championship_results -   2025 W 3000S: 8 finalists
[32m2026-06-01 12:44:07 -0700[0m - dagster - [34mINFO[0m - __ASSET_JOB - 6a5010a3-2cae-4220-87d6-89388ec05478 - championship_results -   2025 W 4x100: 1 finalists
[32m2026-06-01 12:44:08 -0700[0m - dagster - [34mINFO[0m - __ASSET_JOB - 6a5010a3-2cae-4220-87d6-89388ec05478 - championship_results -   2025 W 4x400: 1 finalists
[32m2026-06-01 12:44:08 -0700[0m - dagster - [34mINFO[0m - __ASSET_JOB - 6a5010a3-2cae-4220-87d6-89388ec05478 - championship_results -   2025 W HJ: 8 finalists
[32m2026-06-01 12:44:08 -0700[0m - dagster - [34mINFO[0m - __ASSET_JOB - 6a5010a3-2cae-4220-87d6-89388ec05478 - championship_results -   2025 W PV: 5 finalists
[32m2026-06-01 12:44:08 -0700[0m - dagster - [34mINFO[0m - __ASSET_JOB - 6a5010a3-2cae-4220-87d6-89388ec05478 - championship_results -   2025 W LJ: 8 finalists
[32m2026-06-01 12:44:08 -0700[0m - dagster - [34mINFO[0m - __ASSET_JOB - 6a5010a3-2cae-4220-87d6-89388ec05478 - championship_results -   2025 W TJ: 8 finalists
[32m2026-06-01 12:44:09 -0700[0m - dagster - [34mINFO[0m - __ASSET_JOB - 6a5010a3-2cae-4220-87d6-89388ec05478 - championship_results -   2025 W SP: 8 finalists
[32m2026-06-01 12:44:09 -0700[0m - dagster - [34mINFO[0m - __ASSET_JOB - 6a5010a3-2cae-4220-87d6-89388ec05478 - championship_results -   2025 W DT: 8 finalists
[32m2026-06-01 12:44:09 -0700[0m - dagster - [34mINFO[0m - __ASSET_JOB - 6a5010a3-2cae-4220-87d6-89388ec05478 - championship_results -   2025 W HT: 8 finalists
[32m2026-06-01 12:44:09 -0700[0m - dagster - [34mINFO[0m - __ASSET_JOB - 6a5010a3-2cae-4220-87d6-89388ec05478 - championship_results -   2025 W JT: 8 finalists
[32m2026-06-01 12:44:09 -0700[0m - dagster - [34mINFO[0m - __ASSET_JOB - 6a5010a3-2cae-4220-87d6-89388ec05478 - championship_results - 2024: 40 events found
[32m2026-06-01 12:44:10 -0700[0m - dagster - [34mINFO[0m - __ASSET_JOB - 6a5010a3-2cae-4220-87d6-89388ec05478 - championship_results -   2024 M 100: 8 finalists
[32m2026-06-01 12:44:10 -0700[0m - dagster - [34mINFO[0m - __ASSET_JOB - 6a5010a3-2cae-4220-87d6-89388ec05478 - championship_results -   2024 M 200: 8 finalists
[32m2026-06-01 12:44:10 -0700[0m - dagster - [34mINFO[0m - __ASSET_JOB - 6a5010a3-2cae-4220-87d6-89388ec05478 - championship_results -   2024 M 400: 8 finalists
[32m2026-06-01 12:44:10 -0700[0m - dagster - [34mINFO[0m - __ASSET_JOB - 6a5010a3-2cae-4220-87d6-89388ec05478 - championship_results -   2024 M 800: 8 finalists
[32m2026-06-01 12:44:10 -0700[0m - dagster - [34mINFO[0m - __ASSET_JOB - 6a5010a3-2cae-4220-87d6-89388ec05478 - championship_results -   2024 M 1500: 8 finalists
[32m2026-06-01 12:44:11 -0700[0m - dagster - [34mINFO[0m - __ASSET_JOB - 6a5010a3-2cae-4220-87d6-89388ec05478 - championship_results -   2024 M 5000: 8 finalists
[32m2026-06-01 12:44:11 -0700[0m - dagster - [34mINFO[0m - __ASSET_JOB - 6a5010a3-2cae-4220-87d6-89388ec05478 - championship_results -   2024 M 10k: 8 finalists
[32m2026-06-01 12:44:11 -0700[0m - dagster - [34mINFO[0m - __ASSET_JOB - 6a5010a3-2cae-4220-87d6-89388ec05478 - championship_results -   2024 M 110H: 8 finalists
[32m2026-06-01 12:44:11 -0700[0m - dagster - [34mINFO[0m - __ASSET_JOB - 6a5010a3-2cae-4220-87d6-89388ec05478 - championship_results -   2024 M 400H: 8 finalists
[32m2026-06-01 12:44:11 -0700[0m - dagster - [34mINFO[0m - __ASSET_JOB - 6a5010a3-2cae-4220-87d6-89388ec05478 - championship_results -   2024 M 3000S: 8 finalists
[32m2026-06-01 12:44:11 -0700[0m - dagster - [34mINFO[0m - __ASSET_JOB - 6a5010a3-2cae-4220-87d6-89388ec05478 - championship_results -   2024 M 4x100: 1 finalists
[32m2026-06-01 12:44:12 -0700[0m - dagster - [34mINFO[0m - __ASSET_JOB - 6a5010a3-2cae-4220-87d6-89388ec05478 - championship_results -   2024 M 4x400: 1 finalists
[32m2026-06-01 12:44:12 -0700[0m - dagster - [34mINFO[0m - __ASSET_JOB - 6a5010a3-2cae-4220-87d6-89388ec05478 - championship_results -   2024 M HJ: 8 finalists
[32m2026-06-01 12:44:12 -0700[0m - dagster - [34mINFO[0m - __ASSET_JOB - 6a5010a3-2cae-4220-87d6-89388ec05478 - championship_results -   2024 M PV: 3 finalists
[32m2026-06-01 12:44:12 -0700[0m - dagster - [34mINFO[0m - __ASSET_JOB - 6a5010a3-2cae-4220-87d6-89388ec05478 - championship_results -   2024 M LJ: 8 finalists
[32m2026-06-01 12:44:12 -0700[0m - dagster - [34mINFO[0m - __ASSET_JOB - 6a5010a3-2cae-4220-87d6-89388ec05478 - championship_results -   2024 M TJ: 8 finalists
[32m2026-06-01 12:44:13 -0700[0m - dagster - [34mINFO[0m - __ASSET_JOB - 6a5010a3-2cae-4220-87d6-89388ec05478 - championship_results -   2024 M SP: 8 finalists
[32m2026-06-01 12:44:13 -0700[0m - dagster - [34mINFO[0m - __ASSET_JOB - 6a5010a3-2cae-4220-87d6-89388ec05478 - championship_results -   2024 M DT: 8 finalists
[32m2026-06-01 12:44:13 -0700[0m - dagster - [34mINFO[0m - __ASSET_JOB - 6a5010a3-2cae-4220-87d6-89388ec05478 - championship_results -   2024 M HT: 8 finalists
[32m2026-06-01 12:44:13 -0700[0m - dagster - [34mINFO[0m - __ASSET_JOB - 6a5010a3-2cae-4220-87d6-89388ec05478 - championship_results -   2024 M JT: 8 finalists
[32m2026-06-01 12:44:13 -0700[0m - dagster - [34mINFO[0m - __ASSET_JOB - 6a5010a3-2cae-4220-87d6-89388ec05478 - championship_results -   2024 W 100: 0 finalists
[32m2026-06-01 12:44:14 -0700[0m - dagster - [34mINFO[0m - __ASSET_JOB - 6a5010a3-2cae-4220-87d6-89388ec05478 - championship_results -   2024 W 200: 8 finalists
[32m2026-06-01 12:44:14 -0700[0m - dagster - [34mINFO[0m - __ASSET_JOB - 6a5010a3-2cae-4220-87d6-89388ec05478 - championship_results -   2024 W 400: 8 finalists
[32m2026-06-01 12:44:14 -0700[0m - dagster - [34mINFO[0m - __ASSET_JOB - 6a5010a3-2cae-4220-87d6-89388ec05478 - championship_results -   2024 W 800: 8 finalists
[32m2026-06-01 12:44:14 -0700[0m - dagster - [34mINFO[0m - __ASSET_JOB - 6a5010a3-2cae-4220-87d6-89388ec05478 - championship_results -   2024 W 1500: 8 finalists
[32m2026-06-01 12:44:14 -0700[0m - dagster - [34mINFO[0m - __ASSET_JOB - 6a5010a3-2cae-4220-87d6-89388ec05478 - championship_results -   2024 W 5000: 8 finalists
[32m2026-06-01 12:44:15 -0700[0m - dagster - [34mINFO[0m - __ASSET_JOB - 6a5010a3-2cae-4220-87d6-89388ec05478 - championship_results -   2024 W 10k: 8 finalists
[32m2026-06-01 12:44:15 -0700[0m - dagster - [34mINFO[0m - __ASSET_JOB - 6a5010a3-2cae-4220-87d6-89388ec05478 - championship_results -   2024 W 100H: 8 finalists
[32m2026-06-01 12:44:15 -0700[0m - dagster - [34mINFO[0m - __ASSET_JOB - 6a5010a3-2cae-4220-87d6-89388ec05478 - championship_results -   2024 W 400H: 8 finalists
[32m2026-06-01 12:44:15 -0700[0m - dagster - [34mINFO[0m - __ASSET_JOB - 6a5010a3-2cae-4220-87d6-89388ec05478 - championship_results -   2024 W 3000S: 8 finalists
[32m2026-06-01 12:44:15 -0700[0m - dagster - [34mINFO[0m - __ASSET_JOB - 6a5010a3-2cae-4220-87d6-89388ec05478 - championship_results -   2024 W 4x100: 1 finalists
[32m2026-06-01 12:44:16 -0700[0m - dagster - [34mINFO[0m - __ASSET_JOB - 6a5010a3-2cae-4220-87d6-89388ec05478 - championship_results -   2024 W 4x400: 1 finalists
[32m2026-06-01 12:44:16 -0700[0m - dagster - [34mINFO[0m - __ASSET_JOB - 6a5010a3-2cae-4220-87d6-89388ec05478 - championship_results -   2024 W HJ: 2 finalists
[32m2026-06-01 12:44:16 -0700[0m - dagster - [34mINFO[0m - __ASSET_JOB - 6a5010a3-2cae-4220-87d6-89388ec05478 - championship_results -   2024 W PV: 5 finalists
[32m2026-06-01 12:44:16 -0700[0m - dagster - [34mINFO[0m - __ASSET_JOB - 6a5010a3-2cae-4220-87d6-89388ec05478 - championship_results -   2024 W LJ: 8 finalists
[32m2026-06-01 12:44:16 -0700[0m - dagster - [34mINFO[0m - __ASSET_JOB - 6a5010a3-2cae-4220-87d6-89388ec05478 - championship_results -   2024 W TJ: 8 finalists
[32m2026-06-01 12:44:17 -0700[0m - dagster - [34mINFO[0m - __ASSET_JOB - 6a5010a3-2cae-4220-87d6-89388ec05478 - championship_results -   2024 W SP: 8 finalists
[32m2026-06-01 12:44:17 -0700[0m - dagster - [34mINFO[0m - __ASSET_JOB - 6a5010a3-2cae-4220-87d6-89388ec05478 - championship_results -   2024 W DT: 8 finalists
[32m2026-06-01 12:44:17 -0700[0m - dagster - [34mINFO[0m - __ASSET_JOB - 6a5010a3-2cae-4220-87d6-89388ec05478 - championship_results -   2024 W HT: 8 finalists
[32m2026-06-01 12:44:17 -0700[0m - dagster - [34mINFO[0m - __ASSET_JOB - 6a5010a3-2cae-4220-87d6-89388ec05478 - championship_results -   2024 W JT: 8 finalists
[32m2026-06-01 12:44:17 -0700[0m - dagster - [34mINFO[0m - __ASSET_JOB - 6a5010a3-2cae-4220-87d6-89388ec05478 - championship_results - 2023: 40 events found
[32m2026-06-01 12:44:18 -0700[0m - dagster - [34mINFO[0m - __ASSET_JOB - 6a5010a3-2cae-4220-87d6-89388ec05478 - championship_results -   2023 M 100: 8 finalists
[32m2026-06-01 12:44:18 -0700[0m - dagster - [34mINFO[0m - __ASSET_JOB - 6a5010a3-2cae-4220-87d6-89388ec05478 - championship_results -   2023 M 200: 8 finalists
[32m2026-06-01 12:44:18 -0700[0m - dagster - [34mINFO[0m - __ASSET_JOB - 6a5010a3-2cae-4220-87d6-89388ec05478 - championship_results -   2023 M 400: 8 finalists
[32m2026-06-01 12:44:18 -0700[0m - dagster - [34mINFO[0m - __ASSET_JOB - 6a5010a3-2cae-4220-87d6-89388ec05478 - championship_results -   2023 M 800: 8 finalists
[32m2026-06-01 12:44:18 -0700[0m - dagster - [34mINFO[0m - __ASSET_JOB - 6a5010a3-2cae-4220-87d6-89388ec05478 - championship_results -   2023 M 1500: 8 finalists
[32m2026-06-01 12:44:19 -0700[0m - dagster - [34mINFO[0m - __ASSET_JOB - 6a5010a3-2cae-4220-87d6-89388ec05478 - championship_results -   2023 M 5000: 8 finalists
[32m2026-06-01 12:44:19 -0700[0m - dagster - [34mINFO[0m - __ASSET_JOB - 6a5010a3-2cae-4220-87d6-89388ec05478 - championship_results -   2023 M 10k: 8 finalists
[32m2026-06-01 12:44:19 -0700[0m - dagster - [34mINFO[0m - __ASSET_JOB - 6a5010a3-2cae-4220-87d6-89388ec05478 - championship_results -   2023 M 110H: 8 finalists
[32m2026-06-01 12:44:19 -0700[0m - dagster - [34mINFO[0m - __ASSET_JOB - 6a5010a3-2cae-4220-87d6-89388ec05478 - championship_results -   2023 M 400H: 8 finalists
[32m2026-06-01 12:44:19 -0700[0m - dagster - [34mINFO[0m - __ASSET_JOB - 6a5010a3-2cae-4220-87d6-89388ec05478 - championship_results -   2023 M 3000S: 8 finalists
[32m2026-06-01 12:44:20 -0700[0m - dagster - [34mINFO[0m - __ASSET_JOB - 6a5010a3-2cae-4220-87d6-89388ec05478 - championship_results -   2023 M 4x100: 1 finalists
[32m2026-06-01 12:44:20 -0700[0m - dagster - [34mINFO[0m - __ASSET_JOB - 6a5010a3-2cae-4220-87d6-89388ec05478 - championship_results -   2023 M 4x400: 1 finalists
[32m2026-06-01 12:44:20 -0700[0m - dagster - [34mINFO[0m - __ASSET_JOB - 6a5010a3-2cae-4220-87d6-89388ec05478 - championship_results -   2023 M HJ: 8 finalists
[32m2026-06-01 12:44:20 -0700[0m - dagster - [34mINFO[0m - __ASSET_JOB - 6a5010a3-2cae-4220-87d6-89388ec05478 - championship_results -   2023 M PV: 3 finalists
[32m2026-06-01 12:44:20 -0700[0m - dagster - [34mINFO[0m - __ASSET_JOB - 6a5010a3-2cae-4220-87d6-89388ec05478 - championship_results -   2023 M LJ: 8 finalists
[32m2026-06-01 12:44:21 -0700[0m - dagster - [34mINFO[0m - __ASSET_JOB - 6a5010a3-2cae-4220-87d6-89388ec05478 - championship_results -   2023 M TJ: 8 finalists
[32m2026-06-01 12:44:21 -0700[0m - dagster - [34mINFO[0m - __ASSET_JOB - 6a5010a3-2cae-4220-87d6-89388ec05478 - championship_results -   2023 M SP: 8 finalists
[32m2026-06-01 12:44:21 -0700[0m - dagster - [34mINFO[0m - __ASSET_JOB - 6a5010a3-2cae-4220-87d6-89388ec05478 - championship_results -   2023 M DT: 8 finalists
[32m2026-06-01 12:44:21 -0700[0m - dagster - [34mINFO[0m - __ASSET_JOB - 6a5010a3-2cae-4220-87d6-89388ec05478 - championship_results -   2023 M HT: 8 finalists
[32m2026-06-01 12:44:21 -0700[0m - dagster - [34mINFO[0m - __ASSET_JOB - 6a5010a3-2cae-4220-87d6-89388ec05478 - championship_results -   2023 M JT: 8 finalists
[32m2026-06-01 12:44:21 -0700[0m - dagster - [34mINFO[0m - __ASSET_JOB - 6a5010a3-2cae-4220-87d6-89388ec05478 - championship_results -   2023 W 100: 8 finalists
[32m2026-06-01 12:44:22 -0700[0m - dagster - [34mINFO[0m - __ASSET_JOB - 6a5010a3-2cae-4220-87d6-89388ec05478 - championship_results -   2023 W 200: 8 finalists
[32m2026-06-01 12:44:22 -0700[0m - dagster - [34mINFO[0m - __ASSET_JOB - 6a5010a3-2cae-4220-87d6-89388ec05478 - championship_results -   2023 W 400: 8 finalists
[32m2026-06-01 12:44:22 -0700[0m - dagster - [34mINFO[0m - __ASSET_JOB - 6a5010a3-2cae-4220-87d6-89388ec05478 - championship_results -   2023 W 800: 8 finalists
[32m2026-06-01 12:44:22 -0700[0m - dagster - [34mINFO[0m - __ASSET_JOB - 6a5010a3-2cae-4220-87d6-89388ec05478 - championship_results -   2023 W 1500: 8 finalists
[32m2026-06-01 12:44:22 -0700[0m - dagster - [34mINFO[0m - __ASSET_JOB - 6a5010a3-2cae-4220-87d6-89388ec05478 - championship_results -   2023 W 5000: 8 finalists
[32m2026-06-01 12:44:23 -0700[0m - dagster - [34mINFO[0m - __ASSET_JOB - 6a5010a3-2cae-4220-87d6-89388ec05478 - championship_results -   2023 W 10k: 8 finalists
[32m2026-06-01 12:44:23 -0700[0m - dagster - [34mINFO[0m - __ASSET_JOB - 6a5010a3-2cae-4220-87d6-89388ec05478 - championship_results -   2023 W 100H: 8 finalists
[32m2026-06-01 12:44:23 -0700[0m - dagster - [34mINFO[0m - __ASSET_JOB - 6a5010a3-2cae-4220-87d6-89388ec05478 - championship_results -   2023 W 400H: 8 finalists
[32m2026-06-01 12:44:23 -0700[0m - dagster - [34mINFO[0m - __ASSET_JOB - 6a5010a3-2cae-4220-87d6-89388ec05478 - championship_results -   2023 W 3000S: 8 finalists
[32m2026-06-01 12:44:23 -0700[0m - dagster - [34mINFO[0m - __ASSET_JOB - 6a5010a3-2cae-4220-87d6-89388ec05478 - championship_results -   2023 W 4x100: 1 finalists
[32m2026-06-01 12:44:24 -0700[0m - dagster - [34mINFO[0m - __ASSET_JOB - 6a5010a3-2cae-4220-87d6-89388ec05478 - championship_results -   2023 W 4x400: 1 finalists
[32m2026-06-01 12:44:24 -0700[0m - dagster - [34mINFO[0m - __ASSET_JOB - 6a5010a3-2cae-4220-87d6-89388ec05478 - championship_results -   2023 W HJ: 6 finalists
[32m2026-06-01 12:44:24 -0700[0m - dagster - [34mINFO[0m - __ASSET_JOB - 6a5010a3-2cae-4220-87d6-89388ec05478 - championship_results -   2023 W PV: 6 finalists
[32m2026-06-01 12:44:24 -0700[0m - dagster - [34mINFO[0m - __ASSET_JOB - 6a5010a3-2cae-4220-87d6-89388ec05478 - championship_results -   2023 W LJ: 8 finalists
[32m2026-06-01 12:44:24 -0700[0m - dagster - [34mINFO[0m - __ASSET_JOB - 6a5010a3-2cae-4220-87d6-89388ec05478 - championship_results -   2023 W TJ: 8 finalists
[32m2026-06-01 12:44:24 -0700[0m - dagster - [34mINFO[0m - __ASSET_JOB - 6a5010a3-2cae-4220-87d6-89388ec05478 - championship_results -   2023 W SP: 8 finalists
[32m2026-06-01 12:44:25 -0700[0m - dagster - [34mINFO[0m - __ASSET_JOB - 6a5010a3-2cae-4220-87d6-89388ec05478 - championship_results -   2023 W DT: 8 finalists
[32m2026-06-01 12:44:25 -0700[0m - dagster - [34mINFO[0m - __ASSET_JOB - 6a5010a3-2cae-4220-87d6-89388ec05478 - championship_results -   2023 W HT: 8 finalists
[32m2026-06-01 12:44:25 -0700[0m - dagster - [34mINFO[0m - __ASSET_JOB - 6a5010a3-2cae-4220-87d6-89388ec05478 - championship_results -   2023 W JT: 8 finalists
[32m2026-06-01 12:44:25 -0700[0m - dagster - [34mINFO[0m - __ASSET_JOB - 6a5010a3-2cae-4220-87d6-89388ec05478 - championship_results - 2022: 40 events found
[32m2026-06-01 12:44:25 -0700[0m - dagster - [34mINFO[0m - __ASSET_JOB - 6a5010a3-2cae-4220-87d6-89388ec05478 - championship_results -   2022 M 100: 8 finalists
[32m2026-06-01 12:44:26 -0700[0m - dagster - [34mINFO[0m - __ASSET_JOB - 6a5010a3-2cae-4220-87d6-89388ec05478 - championship_results -   2022 M 200: 8 finalists
[32m2026-06-01 12:44:26 -0700[0m - dagster - [34mINFO[0m - __ASSET_JOB - 6a5010a3-2cae-4220-87d6-89388ec05478 - championship_results -   2022 M 400: 8 finalists
[32m2026-06-01 12:44:26 -0700[0m - dagster - [34mINFO[0m - __ASSET_JOB - 6a5010a3-2cae-4220-87d6-89388ec05478 - championship_results -   2022 M 800: 8 finalists
[32m2026-06-01 12:44:26 -0700[0m - dagster - [34mINFO[0m - __ASSET_JOB - 6a5010a3-2cae-4220-87d6-89388ec05478 - championship_results -   2022 M 1500: 8 finalists
[32m2026-06-01 12:44:26 -0700[0m - dagster - [34mINFO[0m - __ASSET_JOB - 6a5010a3-2cae-4220-87d6-89388ec05478 - championship_results -   2022 M 5000: 8 finalists
[32m2026-06-01 12:44:27 -0700[0m - dagster - [34mINFO[0m - __ASSET_JOB - 6a5010a3-2cae-4220-87d6-89388ec05478 - championship_results -   2022 M 10k: 8 finalists
[32m2026-06-01 12:44:27 -0700[0m - dagster - [34mINFO[0m - __ASSET_JOB - 6a5010a3-2cae-4220-87d6-89388ec05478 - championship_results -   2022 M 110H: 8 finalists
[32m2026-06-01 12:44:27 -0700[0m - dagster - [34mINFO[0m - __ASSET_JOB - 6a5010a3-2cae-4220-87d6-89388ec05478 - championship_results -   2022 M 400H: 8 finalists
[32m2026-06-01 12:44:27 -0700[0m - dagster - [34mINFO[0m - __ASSET_JOB - 6a5010a3-2cae-4220-87d6-89388ec05478 - championship_results -   2022 M 3000S: 8 finalists
[32m2026-06-01 12:44:27 -0700[0m - dagster - [34mINFO[0m - __ASSET_JOB - 6a5010a3-2cae-4220-87d6-89388ec05478 - championship_results -   2022 M 4x100: 1 finalists
[32m2026-06-01 12:44:28 -0700[0m - dagster - [34mINFO[0m - __ASSET_JOB - 6a5010a3-2cae-4220-87d6-89388ec05478 - championship_results -   2022 M 4x400: 1 finalists
[32m2026-06-01 12:44:28 -0700[0m - dagster - [34mINFO[0m - __ASSET_JOB - 6a5010a3-2cae-4220-87d6-89388ec05478 - championship_results -   2022 M HJ: 8 finalists
[32m2026-06-01 12:44:28 -0700[0m - dagster - [34mINFO[0m - __ASSET_JOB - 6a5010a3-2cae-4220-87d6-89388ec05478 - championship_results -   2022 M PV: 8 finalists
[32m2026-06-01 12:44:28 -0700[0m - dagster - [34mINFO[0m - __ASSET_JOB - 6a5010a3-2cae-4220-87d6-89388ec05478 - championship_results -   2022 M LJ: 8 finalists
[32m2026-06-01 12:44:28 -0700[0m - dagster - [34mINFO[0m - __ASSET_JOB - 6a5010a3-2cae-4220-87d6-89388ec05478 - championship_results -   2022 M TJ: 8 finalists
[32m2026-06-01 12:44:29 -0700[0m - dagster - [34mINFO[0m - __ASSET_JOB - 6a5010a3-2cae-4220-87d6-89388ec05478 - championship_results -   2022 M SP: 8 finalists
[32m2026-06-01 12:44:29 -0700[0m - dagster - [34mINFO[0m - __ASSET_JOB - 6a5010a3-2cae-4220-87d6-89388ec05478 - championship_results -   2022 M DT: 8 finalists
[32m2026-06-01 12:44:29 -0700[0m - dagster - [34mINFO[0m - __ASSET_JOB - 6a5010a3-2cae-4220-87d6-89388ec05478 - championship_results -   2022 M HT: 8 finalists
[32m2026-06-01 12:44:29 -0700[0m - dagster - [34mINFO[0m - __ASSET_JOB - 6a5010a3-2cae-4220-87d6-89388ec05478 - championship_results -   2022 M JT: 8 finalists
[32m2026-06-01 12:44:29 -0700[0m - dagster - [34mINFO[0m - __ASSET_JOB - 6a5010a3-2cae-4220-87d6-89388ec05478 - championship_results -   2022 W 100: 8 finalists
[32m2026-06-01 12:44:29 -0700[0m - dagster - [34mINFO[0m - __ASSET_JOB - 6a5010a3-2cae-4220-87d6-89388ec05478 - championship_results -   2022 W 200: 8 finalists
[32m2026-06-01 12:44:30 -0700[0m - dagster - [34mINFO[0m - __ASSET_JOB - 6a5010a3-2cae-4220-87d6-89388ec05478 - championship_results -   2022 W 400: 8 finalists
[32m2026-06-01 12:44:30 -0700[0m - dagster - [34mINFO[0m - __ASSET_JOB - 6a5010a3-2cae-4220-87d6-89388ec05478 - championship_results -   2022 W 800: 8 finalists
[32m2026-06-01 12:44:30 -0700[0m - dagster - [34mINFO[0m - __ASSET_JOB - 6a5010a3-2cae-4220-87d6-89388ec05478 - championship_results -   2022 W 1500: 8 finalists
[32m2026-06-01 12:44:30 -0700[0m - dagster - [34mINFO[0m - __ASSET_JOB - 6a5010a3-2cae-4220-87d6-89388ec05478 - championship_results -   2022 W 5000: 8 finalists
[32m2026-06-01 12:44:31 -0700[0m - dagster - [34mINFO[0m - __ASSET_JOB - 6a5010a3-2cae-4220-87d6-89388ec05478 - championship_results -   2022 W 10k: 8 finalists
[32m2026-06-01 12:44:31 -0700[0m - dagster - [34mINFO[0m - __ASSET_JOB - 6a5010a3-2cae-4220-87d6-89388ec05478 - championship_results -   2022 W 100H: 8 finalists
[32m2026-06-01 12:44:31 -0700[0m - dagster - [34mINFO[0m - __ASSET_JOB - 6a5010a3-2cae-4220-87d6-89388ec05478 - championship_results -   2022 W 400H: 8 finalists
[32m2026-06-01 12:44:31 -0700[0m - dagster - [34mINFO[0m - __ASSET_JOB - 6a5010a3-2cae-4220-87d6-89388ec05478 - championship_results -   2022 W 3000S: 8 finalists
[32m2026-06-01 12:44:31 -0700[0m - dagster - [34mINFO[0m - __ASSET_JOB - 6a5010a3-2cae-4220-87d6-89388ec05478 - championship_results -   2022 W 4x100: 1 finalists
[32m2026-06-01 12:44:31 -0700[0m - dagster - [34mINFO[0m - __ASSET_JOB - 6a5010a3-2cae-4220-87d6-89388ec05478 - championship_results -   2022 W 4x400: 1 finalists
[32m2026-06-01 12:44:32 -0700[0m - dagster - [34mINFO[0m - __ASSET_JOB - 6a5010a3-2cae-4220-87d6-89388ec05478 - championship_results -   2022 W HJ: 8 finalists
[32m2026-06-01 12:44:32 -0700[0m - dagster - [34mINFO[0m - __ASSET_JOB - 6a5010a3-2cae-4220-87d6-89388ec05478 - championship_results -   2022 W PV: 8 finalists
[32m2026-06-01 12:44:32 -0700[0m - dagster - [34mINFO[0m - __ASSET_JOB - 6a5010a3-2cae-4220-87d6-89388ec05478 - championship_results -   2022 W LJ: 8 finalists
[32m2026-06-01 12:44:32 -0700[0m - dagster - [34mINFO[0m - __ASSET_JOB - 6a5010a3-2cae-4220-87d6-89388ec05478 - championship_results -   2022 W TJ: 8 finalists
[32m2026-06-01 12:44:32 -0700[0m - dagster - [34mINFO[0m - __ASSET_JOB - 6a5010a3-2cae-4220-87d6-89388ec05478 - championship_results -   2022 W SP: 8 finalists
[32m2026-06-01 12:44:33 -0700[0m - dagster - [34mINFO[0m - __ASSET_JOB - 6a5010a3-2cae-4220-87d6-89388ec05478 - championship_results -   2022 W DT: 8 finalists
[32m2026-06-01 12:44:33 -0700[0m - dagster - [34mINFO[0m - __ASSET_JOB - 6a5010a3-2cae-4220-87d6-89388ec05478 - championship_results -   2022 W HT: 8 finalists
[32m2026-06-01 12:44:33 -0700[0m - dagster - [34mINFO[0m - __ASSET_JOB - 6a5010a3-2cae-4220-87d6-89388ec05478 - championship_results -   2022 W JT: 8 finalists
[32m2026-06-01 12:44:33 -0700[0m - dagster - [34mINFO[0m - __ASSET_JOB - 6a5010a3-2cae-4220-87d6-89388ec05478 - championship_results - Saved 1123 rows → data/training/championship_results.csv
[32m2026-06-01 12:44:33 -0700[0m - dagster - [34mDEBUG[0m - __ASSET_JOB - 6a5010a3-2cae-4220-87d6-89388ec05478 - 80927 - championship_results - STEP_OUTPUT - Yielded output "result" of type "DataFrame". (Type check passed).
[32m2026-06-01 12:44:33 -0700[0m - dagster - [34mDEBUG[0m - __ASSET_JOB - 6a5010a3-2cae-4220-87d6-89388ec05478 - championship_results - Writing file at: /Users/katelynvuong/Desktop/2026-ncaa-tf-predictions/.tmp_dagster_home_17skikmc/storage/championship_results using PickledObjectFilesystemIOManager...
[32m2026-06-01 12:44:33 -0700[0m - dagster - [34mDEBUG[0m - __ASSET_JOB - 6a5010a3-2cae-4220-87d6-89388ec05478 - 80927 - championship_results - ASSET_MATERIALIZATION - Materialized value championship_results.
[32m2026-06-01 12:44:33 -0700[0m - dagster - [34mDEBUG[0m - __ASSET_JOB - 6a5010a3-2cae-4220-87d6-89388ec05478 - 80927 - championship_results - HANDLED_OUTPUT - Handled output "result" using IO manager "io_manager"
[32m2026-06-01 12:44:33 -0700[0m - dagster - [34mDEBUG[0m - __ASSET_JOB - 6a5010a3-2cae-4220-87d6-89388ec05478 - 80927 - championship_results - STEP_SUCCESS - Finished execution of step "championship_results" in 33.57s.
