[32m2026-06-01 15:34:37 -0700[0m - dagster - [34mDEBUG[0m - __ASSET_JOB - ef1a47e8-f451-4482-abe4-0c50900ee79e - 96114 - LOGS_CAPTURED - Started capturing logs in process (pid: 96114).
[32m2026-06-01 15:34:37 -0700[0m - dagster - [34mDEBUG[0m - __ASSET_JOB - ef1a47e8-f451-4482-abe4-0c50900ee79e - 96114 - predictions - STEP_START - Started execution of step "predictions".
[32m2026-06-01 15:34:37 -0700[0m - dagster - [34mINFO[0m - __ASSET_JOB - ef1a47e8-f451-4482-abe4-0c50900ee79e - predictions - ── 2025 holdout validation ──
[32m2026-06-01 15:34:37 -0700[0m - dagster - [34mINFO[0m - __ASSET_JOB - ef1a47e8-f451-4482-abe4-0c50900ee79e - predictions -   MAE:              1.367 places
[32m2026-06-01 15:34:37 -0700[0m - dagster - [34mINFO[0m - __ASSET_JOB - ef1a47e8-f451-4482-abe4-0c50900ee79e - predictions -   RMSE:             1.679 places
[32m2026-06-01 15:34:37 -0700[0m - dagster - [34mINFO[0m - __ASSET_JOB - ef1a47e8-f451-4482-abe4-0c50900ee79e - predictions -   Spearman (avg):   0.702
[32m2026-06-01 15:34:37 -0700[0m - dagster - [34mINFO[0m - __ASSET_JOB - ef1a47e8-f451-4482-abe4-0c50900ee79e - predictions -   Top-3 hit rate:   79/108 (73.1%)
[32m2026-06-01 15:34:37 -0700[0m - dagster - [34mINFO[0m - __ASSET_JOB - ef1a47e8-f451-4482-abe4-0c50900ee79e - predictions - Final model trained on 1107 rows (4 years)
[32m2026-06-01 15:34:37 -0700[0m - dagster - [34mINFO[0m - __ASSET_JOB - ef1a47e8-f451-4482-abe4-0c50900ee79e - predictions - Feature importances:
[32m2026-06-01 15:34:37 -0700[0m - dagster - [34mINFO[0m - __ASSET_JOB - ef1a47e8-f451-4482-abe4-0c50900ee79e - predictions -   avg_place                     : 0.3601
[32m2026-06-01 15:34:37 -0700[0m - dagster - [34mINFO[0m - __ASSET_JOB - ef1a47e8-f451-4482-abe4-0c50900ee79e - predictions -   conf_champ_place              : 0.1910
[32m2026-06-01 15:34:37 -0700[0m - dagster - [34mINFO[0m - __ASSET_JOB - ef1a47e8-f451-4482-abe4-0c50900ee79e - predictions -   conf_champ_place_any_event    : 0.1203
[32m2026-06-01 15:34:37 -0700[0m - dagster - [34mINFO[0m - __ASSET_JOB - ef1a47e8-f451-4482-abe4-0c50900ee79e - predictions -   cross_event_avg_place         : 0.0956
[32m2026-06-01 15:34:37 -0700[0m - dagster - [34mINFO[0m - __ASSET_JOB - ef1a47e8-f451-4482-abe4-0c50900ee79e - predictions -   pr                            : 0.0820
[32m2026-06-01 15:34:37 -0700[0m - dagster - [34mINFO[0m - __ASSET_JOB - ef1a47e8-f451-4482-abe4-0c50900ee79e - predictions -   season_best                   : 0.0796
[32m2026-06-01 15:34:37 -0700[0m - dagster - [34mINFO[0m - __ASSET_JOB - ef1a47e8-f451-4482-abe4-0c50900ee79e - predictions -   season_avg                    : 0.0714
[32m2026-06-01 15:34:37 -0700[0m - dagster - [34mINFO[0m - __ASSET_JOB - ef1a47e8-f451-4482-abe4-0c50900ee79e - predictions - Saved 860 predictions → data/predictions/predictions.csv
[32m2026-06-01 15:34:37 -0700[0m - dagster - [34mINFO[0m - __ASSET_JOB - ef1a47e8-f451-4482-abe4-0c50900ee79e - predictions - ── Top 3 Men ──
[32m2026-06-01 15:34:37 -0700[0m - dagster - [34mINFO[0m - __ASSET_JOB - ef1a47e8-f451-4482-abe4-0c50900ee79e - predictions -   1. Oregon — 47 pts
[32m2026-06-01 15:34:37 -0700[0m - dagster - [34mINFO[0m - __ASSET_JOB - ef1a47e8-f451-4482-abe4-0c50900ee79e - predictions -   2. Arkansas — 27 pts
[32m2026-06-01 15:34:37 -0700[0m - dagster - [34mINFO[0m - __ASSET_JOB - ef1a47e8-f451-4482-abe4-0c50900ee79e - predictions -   3. Auburn — 25 pts
[32m2026-06-01 15:34:37 -0700[0m - dagster - [34mINFO[0m - __ASSET_JOB - ef1a47e8-f451-4482-abe4-0c50900ee79e - predictions - ── Top 3 Women ──
[32m2026-06-01 15:34:37 -0700[0m - dagster - [34mINFO[0m - __ASSET_JOB - ef1a47e8-f451-4482-abe4-0c50900ee79e - predictions -   1. South Carolina — 31 pts
[32m2026-06-01 15:34:37 -0700[0m - dagster - [34mINFO[0m - __ASSET_JOB - ef1a47e8-f451-4482-abe4-0c50900ee79e - predictions -   2. Florida — 29 pts
[32m2026-06-01 15:34:37 -0700[0m - dagster - [34mINFO[0m - __ASSET_JOB - ef1a47e8-f451-4482-abe4-0c50900ee79e - predictions -   3. BYU — 28 pts
[32m2026-06-01 15:34:37 -0700[0m - dagster - [34mDEBUG[0m - __ASSET_JOB - ef1a47e8-f451-4482-abe4-0c50900ee79e - 96114 - predictions - STEP_OUTPUT - Yielded output "result" of type "DataFrame". (Type check passed).
[32m2026-06-01 15:34:37 -0700[0m - dagster - [34mDEBUG[0m - __ASSET_JOB - ef1a47e8-f451-4482-abe4-0c50900ee79e - predictions - Writing file at: /Users/katelynvuong/Desktop/2026-ncaa-tf-predictions/.tmp_dagster_home_17skikmc/storage/predictions using PickledObjectFilesystemIOManager...
[32m2026-06-01 15:34:37 -0700[0m - dagster - [34mDEBUG[0m - __ASSET_JOB - ef1a47e8-f451-4482-abe4-0c50900ee79e - 96114 - predictions - ASSET_MATERIALIZATION - Materialized value predictions.
[32m2026-06-01 15:34:37 -0700[0m - dagster - [34mDEBUG[0m - __ASSET_JOB - ef1a47e8-f451-4482-abe4-0c50900ee79e - 96114 - predictions - HANDLED_OUTPUT - Handled output "result" using IO manager "io_manager"
[32m2026-06-01 15:34:37 -0700[0m - dagster - [34mDEBUG[0m - __ASSET_JOB - ef1a47e8-f451-4482-abe4-0c50900ee79e - 96114 - predictions - STEP_SUCCESS - Finished execution of step "predictions" in 687ms.
