[32m2026-05-31 09:29:58 -0700[0m - dagster - [34mDEBUG[0m - __ASSET_JOB - 18003424-af65-4333-b9e2-d193bfeb88f6 - 64267 - LOGS_CAPTURED - Started capturing logs in process (pid: 64267).
[32m2026-05-31 09:29:58 -0700[0m - dagster - [34mDEBUG[0m - __ASSET_JOB - 18003424-af65-4333-b9e2-d193bfeb88f6 - 64267 - championship_results - STEP_START - Started execution of step "championship_results".
[32m2026-05-31 09:29:58 -0700[0m - dagster - [34mINFO[0m - __ASSET_JOB - 18003424-af65-4333-b9e2-d193bfeb88f6 - championship_results - 2025: 40 events found
[32m2026-05-31 09:29:58 -0700[0m - dagster - [34mINFO[0m - __ASSET_JOB - 18003424-af65-4333-b9e2-d193bfeb88f6 - championship_results -   2025 M 100: 8 finalists
[32m2026-05-31 09:29:59 -0700[0m - dagster - [34mINFO[0m - __ASSET_JOB - 18003424-af65-4333-b9e2-d193bfeb88f6 - championship_results -   2025 M 200: 8 finalists
[32m2026-05-31 09:29:59 -0700[0m - dagster - [34mINFO[0m - __ASSET_JOB - 18003424-af65-4333-b9e2-d193bfeb88f6 - championship_results -   2025 M 400: 8 finalists
[32m2026-05-31 09:29:59 -0700[0m - dagster - [34mINFO[0m - __ASSET_JOB - 18003424-af65-4333-b9e2-d193bfeb88f6 - championship_results -   2025 M 800: 8 finalists
[32m2026-05-31 09:29:59 -0700[0m - dagster - [34mINFO[0m - __ASSET_JOB - 18003424-af65-4333-b9e2-d193bfeb88f6 - championship_results -   2025 M 1500: 8 finalists
[32m2026-05-31 09:30:00 -0700[0m - dagster - [34mINFO[0m - __ASSET_JOB - 18003424-af65-4333-b9e2-d193bfeb88f6 - championship_results -   2025 M 5000: 8 finalists
[32m2026-05-31 09:30:00 -0700[0m - dagster - [34mINFO[0m - __ASSET_JOB - 18003424-af65-4333-b9e2-d193bfeb88f6 - championship_results -   2025 M 10k: 8 finalists
[32m2026-05-31 09:30:00 -0700[0m - dagster - [34mINFO[0m - __ASSET_JOB - 18003424-af65-4333-b9e2-d193bfeb88f6 - championship_results -   2025 M 110H: 8 finalists
[32m2026-05-31 09:30:00 -0700[0m - dagster - [34mINFO[0m - __ASSET_JOB - 18003424-af65-4333-b9e2-d193bfeb88f6 - championship_results -   2025 M 400H: 8 finalists
[32m2026-05-31 09:30:00 -0700[0m - dagster - [34mINFO[0m - __ASSET_JOB - 18003424-af65-4333-b9e2-d193bfeb88f6 - championship_results -   2025 M 3000S: 8 finalists
[32m2026-05-31 09:30:01 -0700[0m - dagster - [34mINFO[0m - __ASSET_JOB - 18003424-af65-4333-b9e2-d193bfeb88f6 - championship_results -   2025 M 4x100: 8 finalists
[32m2026-05-31 09:30:01 -0700[0m - dagster - [34mINFO[0m - __ASSET_JOB - 18003424-af65-4333-b9e2-d193bfeb88f6 - championship_results -   2025 M 4x400: 8 finalists
[32m2026-05-31 09:30:01 -0700[0m - dagster - [34mINFO[0m - __ASSET_JOB - 18003424-af65-4333-b9e2-d193bfeb88f6 - championship_results -   2025 M HJ: 3 finalists
[32m2026-05-31 09:30:01 -0700[0m - dagster - [34mINFO[0m - __ASSET_JOB - 18003424-af65-4333-b9e2-d193bfeb88f6 - championship_results -   2025 M PV: 4 finalists
[32m2026-05-31 09:30:02 -0700[0m - dagster - [34mINFO[0m - __ASSET_JOB - 18003424-af65-4333-b9e2-d193bfeb88f6 - championship_results -   2025 M LJ: 0 finalists
[32m2026-05-31 09:30:02 -0700[0m - dagster - [34mINFO[0m - __ASSET_JOB - 18003424-af65-4333-b9e2-d193bfeb88f6 - championship_results -   2025 M TJ: 0 finalists
[32m2026-05-31 09:30:02 -0700[0m - dagster - [34mINFO[0m - __ASSET_JOB - 18003424-af65-4333-b9e2-d193bfeb88f6 - championship_results -   2025 M SP: 16 finalists
[32m2026-05-31 09:30:02 -0700[0m - dagster - [34mINFO[0m - __ASSET_JOB - 18003424-af65-4333-b9e2-d193bfeb88f6 - championship_results -   2025 M DT: 16 finalists
[32m2026-05-31 09:30:03 -0700[0m - dagster - [34mINFO[0m - __ASSET_JOB - 18003424-af65-4333-b9e2-d193bfeb88f6 - championship_results -   2025 M HT: 16 finalists
[32m2026-05-31 09:30:03 -0700[0m - dagster - [34mINFO[0m - __ASSET_JOB - 18003424-af65-4333-b9e2-d193bfeb88f6 - championship_results -   2025 M JT: 16 finalists
[32m2026-05-31 09:30:03 -0700[0m - dagster - [34mINFO[0m - __ASSET_JOB - 18003424-af65-4333-b9e2-d193bfeb88f6 - championship_results -   2025 W 100: 8 finalists
[32m2026-05-31 09:30:03 -0700[0m - dagster - [34mINFO[0m - __ASSET_JOB - 18003424-af65-4333-b9e2-d193bfeb88f6 - championship_results -   2025 W 200: 8 finalists
[32m2026-05-31 09:30:04 -0700[0m - dagster - [34mINFO[0m - __ASSET_JOB - 18003424-af65-4333-b9e2-d193bfeb88f6 - championship_results -   2025 W 400: 8 finalists
[32m2026-05-31 09:30:04 -0700[0m - dagster - [34mINFO[0m - __ASSET_JOB - 18003424-af65-4333-b9e2-d193bfeb88f6 - championship_results -   2025 W 800: 8 finalists
[32m2026-05-31 09:30:04 -0700[0m - dagster - [34mINFO[0m - __ASSET_JOB - 18003424-af65-4333-b9e2-d193bfeb88f6 - championship_results -   2025 W 1500: 8 finalists
[32m2026-05-31 09:30:05 -0700[0m - dagster - [34mINFO[0m - __ASSET_JOB - 18003424-af65-4333-b9e2-d193bfeb88f6 - championship_results -   2025 W 5000: 8 finalists
[32m2026-05-31 09:30:05 -0700[0m - dagster - [34mINFO[0m - __ASSET_JOB - 18003424-af65-4333-b9e2-d193bfeb88f6 - championship_results -   2025 W 10k: 8 finalists
[32m2026-05-31 09:30:05 -0700[0m - dagster - [34mINFO[0m - __ASSET_JOB - 18003424-af65-4333-b9e2-d193bfeb88f6 - championship_results -   2025 W 100H: 6 finalists
[32m2026-05-31 09:30:05 -0700[0m - dagster - [34mINFO[0m - __ASSET_JOB - 18003424-af65-4333-b9e2-d193bfeb88f6 - championship_results -   2025 W 400H: 8 finalists
[32m2026-05-31 09:30:06 -0700[0m - dagster - [34mINFO[0m - __ASSET_JOB - 18003424-af65-4333-b9e2-d193bfeb88f6 - championship_results -   2025 W 3000S: 8 finalists
[32m2026-05-31 09:30:06 -0700[0m - dagster - [34mINFO[0m - __ASSET_JOB - 18003424-af65-4333-b9e2-d193bfeb88f6 - championship_results -   2025 W 4x100: 8 finalists
[32m2026-05-31 09:30:06 -0700[0m - dagster - [34mINFO[0m - __ASSET_JOB - 18003424-af65-4333-b9e2-d193bfeb88f6 - championship_results -   2025 W 4x400: 8 finalists
[32m2026-05-31 09:30:06 -0700[0m - dagster - [34mINFO[0m - __ASSET_JOB - 18003424-af65-4333-b9e2-d193bfeb88f6 - championship_results -   2025 W HJ: 8 finalists
[32m2026-05-31 09:30:07 -0700[0m - dagster - [34mINFO[0m - __ASSET_JOB - 18003424-af65-4333-b9e2-d193bfeb88f6 - championship_results -   2025 W PV: 5 finalists
[32m2026-05-31 09:30:08 -0700[0m - dagster - [34mINFO[0m - __ASSET_JOB - 18003424-af65-4333-b9e2-d193bfeb88f6 - championship_results -   2025 W LJ: 0 finalists
[32m2026-05-31 09:30:08 -0700[0m - dagster - [34mINFO[0m - __ASSET_JOB - 18003424-af65-4333-b9e2-d193bfeb88f6 - championship_results -   2025 W TJ: 0 finalists
[32m2026-05-31 09:30:08 -0700[0m - dagster - [34mINFO[0m - __ASSET_JOB - 18003424-af65-4333-b9e2-d193bfeb88f6 - championship_results -   2025 W SP: 16 finalists
[32m2026-05-31 09:30:08 -0700[0m - dagster - [34mINFO[0m - __ASSET_JOB - 18003424-af65-4333-b9e2-d193bfeb88f6 - championship_results -   2025 W DT: 16 finalists
[32m2026-05-31 09:30:09 -0700[0m - dagster - [34mINFO[0m - __ASSET_JOB - 18003424-af65-4333-b9e2-d193bfeb88f6 - championship_results -   2025 W HT: 16 finalists
[32m2026-05-31 09:30:09 -0700[0m - dagster - [34mINFO[0m - __ASSET_JOB - 18003424-af65-4333-b9e2-d193bfeb88f6 - championship_results -   2025 W JT: 16 finalists
[32m2026-05-31 09:30:09 -0700[0m - dagster - [34mINFO[0m - __ASSET_JOB - 18003424-af65-4333-b9e2-d193bfeb88f6 - championship_results - 2024: 40 events found
[32m2026-05-31 09:30:09 -0700[0m - dagster - [34mINFO[0m - __ASSET_JOB - 18003424-af65-4333-b9e2-d193bfeb88f6 - championship_results -   2024 M 100: 8 finalists
[32m2026-05-31 09:30:10 -0700[0m - dagster - [34mINFO[0m - __ASSET_JOB - 18003424-af65-4333-b9e2-d193bfeb88f6 - championship_results -   2024 M 200: 8 finalists
[32m2026-05-31 09:30:10 -0700[0m - dagster - [34mINFO[0m - __ASSET_JOB - 18003424-af65-4333-b9e2-d193bfeb88f6 - championship_results -   2024 M 400: 8 finalists
[32m2026-05-31 09:30:10 -0700[0m - dagster - [34mINFO[0m - __ASSET_JOB - 18003424-af65-4333-b9e2-d193bfeb88f6 - championship_results -   2024 M 800: 8 finalists
[32m2026-05-31 09:30:10 -0700[0m - dagster - [34mINFO[0m - __ASSET_JOB - 18003424-af65-4333-b9e2-d193bfeb88f6 - championship_results -   2024 M 1500: 8 finalists
[32m2026-05-31 09:30:11 -0700[0m - dagster - [34mINFO[0m - __ASSET_JOB - 18003424-af65-4333-b9e2-d193bfeb88f6 - championship_results -   2024 M 5000: 8 finalists
[32m2026-05-31 09:30:11 -0700[0m - dagster - [34mINFO[0m - __ASSET_JOB - 18003424-af65-4333-b9e2-d193bfeb88f6 - championship_results -   2024 M 10k: 8 finalists
[32m2026-05-31 09:30:11 -0700[0m - dagster - [34mINFO[0m - __ASSET_JOB - 18003424-af65-4333-b9e2-d193bfeb88f6 - championship_results -   2024 M 110H: 8 finalists
[32m2026-05-31 09:30:11 -0700[0m - dagster - [34mINFO[0m - __ASSET_JOB - 18003424-af65-4333-b9e2-d193bfeb88f6 - championship_results -   2024 M 400H: 8 finalists
[32m2026-05-31 09:30:12 -0700[0m - dagster - [34mINFO[0m - __ASSET_JOB - 18003424-af65-4333-b9e2-d193bfeb88f6 - championship_results -   2024 M 3000S: 8 finalists
[32m2026-05-31 09:30:12 -0700[0m - dagster - [34mINFO[0m - __ASSET_JOB - 18003424-af65-4333-b9e2-d193bfeb88f6 - championship_results -   2024 M 4x100: 5 finalists
[32m2026-05-31 09:30:12 -0700[0m - dagster - [34mINFO[0m - __ASSET_JOB - 18003424-af65-4333-b9e2-d193bfeb88f6 - championship_results -   2024 M 4x400: 8 finalists
[32m2026-05-31 09:30:12 -0700[0m - dagster - [34mINFO[0m - __ASSET_JOB - 18003424-af65-4333-b9e2-d193bfeb88f6 - championship_results -   2024 M HJ: 8 finalists
[32m2026-05-31 09:30:13 -0700[0m - dagster - [34mINFO[0m - __ASSET_JOB - 18003424-af65-4333-b9e2-d193bfeb88f6 - championship_results -   2024 M PV: 3 finalists
[32m2026-05-31 09:30:13 -0700[0m - dagster - [34mINFO[0m - __ASSET_JOB - 18003424-af65-4333-b9e2-d193bfeb88f6 - championship_results -   2024 M LJ: 0 finalists
[32m2026-05-31 09:30:13 -0700[0m - dagster - [34mINFO[0m - __ASSET_JOB - 18003424-af65-4333-b9e2-d193bfeb88f6 - championship_results -   2024 M TJ: 0 finalists
[32m2026-05-31 09:30:13 -0700[0m - dagster - [34mINFO[0m - __ASSET_JOB - 18003424-af65-4333-b9e2-d193bfeb88f6 - championship_results -   2024 M SP: 16 finalists
[32m2026-05-31 09:30:14 -0700[0m - dagster - [34mINFO[0m - __ASSET_JOB - 18003424-af65-4333-b9e2-d193bfeb88f6 - championship_results -   2024 M DT: 16 finalists
[32m2026-05-31 09:30:14 -0700[0m - dagster - [34mINFO[0m - __ASSET_JOB - 18003424-af65-4333-b9e2-d193bfeb88f6 - championship_results -   2024 M HT: 16 finalists
[32m2026-05-31 09:30:14 -0700[0m - dagster - [34mINFO[0m - __ASSET_JOB - 18003424-af65-4333-b9e2-d193bfeb88f6 - championship_results -   2024 M JT: 16 finalists
[32m2026-05-31 09:30:14 -0700[0m - dagster - [34mINFO[0m - __ASSET_JOB - 18003424-af65-4333-b9e2-d193bfeb88f6 - championship_results -   2024 W 100: 0 finalists
[32m2026-05-31 09:30:14 -0700[0m - dagster - [34mINFO[0m - __ASSET_JOB - 18003424-af65-4333-b9e2-d193bfeb88f6 - championship_results -   2024 W 200: 8 finalists
[32m2026-05-31 09:30:14 -0700[0m - dagster - [34mINFO[0m - __ASSET_JOB - 18003424-af65-4333-b9e2-d193bfeb88f6 - championship_results -   2024 W 400: 8 finalists
[32m2026-05-31 09:30:15 -0700[0m - dagster - [34mINFO[0m - __ASSET_JOB - 18003424-af65-4333-b9e2-d193bfeb88f6 - championship_results -   2024 W 800: 8 finalists
[32m2026-05-31 09:30:15 -0700[0m - dagster - [34mINFO[0m - __ASSET_JOB - 18003424-af65-4333-b9e2-d193bfeb88f6 - championship_results -   2024 W 1500: 8 finalists
[32m2026-05-31 09:30:16 -0700[0m - dagster - [34mINFO[0m - __ASSET_JOB - 18003424-af65-4333-b9e2-d193bfeb88f6 - championship_results -   2024 W 5000: 8 finalists
[32m2026-05-31 09:30:16 -0700[0m - dagster - [34mINFO[0m - __ASSET_JOB - 18003424-af65-4333-b9e2-d193bfeb88f6 - championship_results -   2024 W 10k: 8 finalists
[32m2026-05-31 09:30:16 -0700[0m - dagster - [34mINFO[0m - __ASSET_JOB - 18003424-af65-4333-b9e2-d193bfeb88f6 - championship_results -   2024 W 100H: 8 finalists
[32m2026-05-31 09:30:16 -0700[0m - dagster - [34mINFO[0m - __ASSET_JOB - 18003424-af65-4333-b9e2-d193bfeb88f6 - championship_results -   2024 W 400H: 8 finalists
[32m2026-05-31 09:30:16 -0700[0m - dagster - [34mINFO[0m - __ASSET_JOB - 18003424-af65-4333-b9e2-d193bfeb88f6 - championship_results -   2024 W 3000S: 8 finalists
[32m2026-05-31 09:30:17 -0700[0m - dagster - [34mINFO[0m - __ASSET_JOB - 18003424-af65-4333-b9e2-d193bfeb88f6 - championship_results -   2024 W 4x100: 8 finalists
[32m2026-05-31 09:30:17 -0700[0m - dagster - [34mINFO[0m - __ASSET_JOB - 18003424-af65-4333-b9e2-d193bfeb88f6 - championship_results -   2024 W 4x400: 8 finalists
[32m2026-05-31 09:30:17 -0700[0m - dagster - [34mINFO[0m - __ASSET_JOB - 18003424-af65-4333-b9e2-d193bfeb88f6 - championship_results -   2024 W HJ: 2 finalists
[32m2026-05-31 09:30:17 -0700[0m - dagster - [34mINFO[0m - __ASSET_JOB - 18003424-af65-4333-b9e2-d193bfeb88f6 - championship_results -   2024 W PV: 5 finalists
[32m2026-05-31 09:30:17 -0700[0m - dagster - [34mINFO[0m - __ASSET_JOB - 18003424-af65-4333-b9e2-d193bfeb88f6 - championship_results -   2024 W LJ: 0 finalists
[32m2026-05-31 09:30:18 -0700[0m - dagster - [34mINFO[0m - __ASSET_JOB - 18003424-af65-4333-b9e2-d193bfeb88f6 - championship_results -   2024 W TJ: 0 finalists
[32m2026-05-31 09:30:18 -0700[0m - dagster - [34mINFO[0m - __ASSET_JOB - 18003424-af65-4333-b9e2-d193bfeb88f6 - championship_results -   2024 W SP: 16 finalists
[32m2026-05-31 09:30:18 -0700[0m - dagster - [34mINFO[0m - __ASSET_JOB - 18003424-af65-4333-b9e2-d193bfeb88f6 - championship_results -   2024 W DT: 16 finalists
[32m2026-05-31 09:30:18 -0700[0m - dagster - [34mINFO[0m - __ASSET_JOB - 18003424-af65-4333-b9e2-d193bfeb88f6 - championship_results -   2024 W HT: 16 finalists
[32m2026-05-31 09:30:18 -0700[0m - dagster - [34mINFO[0m - __ASSET_JOB - 18003424-af65-4333-b9e2-d193bfeb88f6 - championship_results -   2024 W JT: 16 finalists
[32m2026-05-31 09:30:19 -0700[0m - dagster - [34mINFO[0m - __ASSET_JOB - 18003424-af65-4333-b9e2-d193bfeb88f6 - championship_results - 2023: 40 events found
[32m2026-05-31 09:30:19 -0700[0m - dagster - [34mINFO[0m - __ASSET_JOB - 18003424-af65-4333-b9e2-d193bfeb88f6 - championship_results -   2023 M 100: 8 finalists
[32m2026-05-31 09:30:19 -0700[0m - dagster - [34mINFO[0m - __ASSET_JOB - 18003424-af65-4333-b9e2-d193bfeb88f6 - championship_results -   2023 M 200: 8 finalists
[32m2026-05-31 09:30:19 -0700[0m - dagster - [34mINFO[0m - __ASSET_JOB - 18003424-af65-4333-b9e2-d193bfeb88f6 - championship_results -   2023 M 400: 8 finalists
[32m2026-05-31 09:30:19 -0700[0m - dagster - [34mINFO[0m - __ASSET_JOB - 18003424-af65-4333-b9e2-d193bfeb88f6 - championship_results -   2023 M 800: 8 finalists
[32m2026-05-31 09:30:20 -0700[0m - dagster - [34mINFO[0m - __ASSET_JOB - 18003424-af65-4333-b9e2-d193bfeb88f6 - championship_results -   2023 M 1500: 8 finalists
[32m2026-05-31 09:30:20 -0700[0m - dagster - [34mINFO[0m - __ASSET_JOB - 18003424-af65-4333-b9e2-d193bfeb88f6 - championship_results -   2023 M 5000: 8 finalists
[32m2026-05-31 09:30:20 -0700[0m - dagster - [34mINFO[0m - __ASSET_JOB - 18003424-af65-4333-b9e2-d193bfeb88f6 - championship_results -   2023 M 10k: 8 finalists
[32m2026-05-31 09:30:20 -0700[0m - dagster - [34mINFO[0m - __ASSET_JOB - 18003424-af65-4333-b9e2-d193bfeb88f6 - championship_results -   2023 M 110H: 8 finalists
[32m2026-05-31 09:30:21 -0700[0m - dagster - [34mINFO[0m - __ASSET_JOB - 18003424-af65-4333-b9e2-d193bfeb88f6 - championship_results -   2023 M 400H: 8 finalists
[32m2026-05-31 09:30:21 -0700[0m - dagster - [34mINFO[0m - __ASSET_JOB - 18003424-af65-4333-b9e2-d193bfeb88f6 - championship_results -   2023 M 3000S: 8 finalists
[32m2026-05-31 09:30:21 -0700[0m - dagster - [34mINFO[0m - __ASSET_JOB - 18003424-af65-4333-b9e2-d193bfeb88f6 - championship_results -   2023 M 4x100: 6 finalists
[32m2026-05-31 09:30:21 -0700[0m - dagster - [34mINFO[0m - __ASSET_JOB - 18003424-af65-4333-b9e2-d193bfeb88f6 - championship_results -   2023 M 4x400: 8 finalists
[32m2026-05-31 09:30:21 -0700[0m - dagster - [34mINFO[0m - __ASSET_JOB - 18003424-af65-4333-b9e2-d193bfeb88f6 - championship_results -   2023 M HJ: 8 finalists
[32m2026-05-31 09:30:22 -0700[0m - dagster - [34mINFO[0m - __ASSET_JOB - 18003424-af65-4333-b9e2-d193bfeb88f6 - championship_results -   2023 M PV: 3 finalists
[32m2026-05-31 09:30:22 -0700[0m - dagster - [34mINFO[0m - __ASSET_JOB - 18003424-af65-4333-b9e2-d193bfeb88f6 - championship_results -   2023 M LJ: 0 finalists
[32m2026-05-31 09:30:22 -0700[0m - dagster - [34mINFO[0m - __ASSET_JOB - 18003424-af65-4333-b9e2-d193bfeb88f6 - championship_results -   2023 M TJ: 0 finalists
[32m2026-05-31 09:30:22 -0700[0m - dagster - [34mINFO[0m - __ASSET_JOB - 18003424-af65-4333-b9e2-d193bfeb88f6 - championship_results -   2023 M SP: 16 finalists
[32m2026-05-31 09:30:22 -0700[0m - dagster - [34mINFO[0m - __ASSET_JOB - 18003424-af65-4333-b9e2-d193bfeb88f6 - championship_results -   2023 M DT: 16 finalists
[32m2026-05-31 09:30:22 -0700[0m - dagster - [34mINFO[0m - __ASSET_JOB - 18003424-af65-4333-b9e2-d193bfeb88f6 - championship_results -   2023 M HT: 16 finalists
[32m2026-05-31 09:30:23 -0700[0m - dagster - [34mINFO[0m - __ASSET_JOB - 18003424-af65-4333-b9e2-d193bfeb88f6 - championship_results -   2023 M JT: 16 finalists
[32m2026-05-31 09:30:23 -0700[0m - dagster - [34mINFO[0m - __ASSET_JOB - 18003424-af65-4333-b9e2-d193bfeb88f6 - championship_results -   2023 W 100: 8 finalists
[32m2026-05-31 09:30:23 -0700[0m - dagster - [34mINFO[0m - __ASSET_JOB - 18003424-af65-4333-b9e2-d193bfeb88f6 - championship_results -   2023 W 200: 8 finalists
[32m2026-05-31 09:30:23 -0700[0m - dagster - [34mINFO[0m - __ASSET_JOB - 18003424-af65-4333-b9e2-d193bfeb88f6 - championship_results -   2023 W 400: 8 finalists
[32m2026-05-31 09:30:23 -0700[0m - dagster - [34mINFO[0m - __ASSET_JOB - 18003424-af65-4333-b9e2-d193bfeb88f6 - championship_results -   2023 W 800: 8 finalists
[32m2026-05-31 09:30:24 -0700[0m - dagster - [34mINFO[0m - __ASSET_JOB - 18003424-af65-4333-b9e2-d193bfeb88f6 - championship_results -   2023 W 1500: 8 finalists
[32m2026-05-31 09:30:24 -0700[0m - dagster - [34mINFO[0m - __ASSET_JOB - 18003424-af65-4333-b9e2-d193bfeb88f6 - championship_results -   2023 W 5000: 8 finalists
[32m2026-05-31 09:30:24 -0700[0m - dagster - [34mINFO[0m - __ASSET_JOB - 18003424-af65-4333-b9e2-d193bfeb88f6 - championship_results -   2023 W 10k: 8 finalists
[32m2026-05-31 09:30:24 -0700[0m - dagster - [34mINFO[0m - __ASSET_JOB - 18003424-af65-4333-b9e2-d193bfeb88f6 - championship_results -   2023 W 100H: 8 finalists
[32m2026-05-31 09:30:24 -0700[0m - dagster - [34mINFO[0m - __ASSET_JOB - 18003424-af65-4333-b9e2-d193bfeb88f6 - championship_results -   2023 W 400H: 8 finalists
[32m2026-05-31 09:30:25 -0700[0m - dagster - [34mINFO[0m - __ASSET_JOB - 18003424-af65-4333-b9e2-d193bfeb88f6 - championship_results -   2023 W 3000S: 8 finalists
[32m2026-05-31 09:30:25 -0700[0m - dagster - [34mINFO[0m - __ASSET_JOB - 18003424-af65-4333-b9e2-d193bfeb88f6 - championship_results -   2023 W 4x100: 8 finalists
[32m2026-05-31 09:30:25 -0700[0m - dagster - [34mINFO[0m - __ASSET_JOB - 18003424-af65-4333-b9e2-d193bfeb88f6 - championship_results -   2023 W 4x400: 8 finalists
[32m2026-05-31 09:30:25 -0700[0m - dagster - [34mINFO[0m - __ASSET_JOB - 18003424-af65-4333-b9e2-d193bfeb88f6 - championship_results -   2023 W HJ: 6 finalists
[32m2026-05-31 09:30:25 -0700[0m - dagster - [34mINFO[0m - __ASSET_JOB - 18003424-af65-4333-b9e2-d193bfeb88f6 - championship_results -   2023 W PV: 6 finalists
[32m2026-05-31 09:30:26 -0700[0m - dagster - [34mINFO[0m - __ASSET_JOB - 18003424-af65-4333-b9e2-d193bfeb88f6 - championship_results -   2023 W LJ: 0 finalists
[32m2026-05-31 09:30:26 -0700[0m - dagster - [34mINFO[0m - __ASSET_JOB - 18003424-af65-4333-b9e2-d193bfeb88f6 - championship_results -   2023 W TJ: 0 finalists
[32m2026-05-31 09:30:26 -0700[0m - dagster - [34mINFO[0m - __ASSET_JOB - 18003424-af65-4333-b9e2-d193bfeb88f6 - championship_results -   2023 W SP: 16 finalists
[32m2026-05-31 09:30:26 -0700[0m - dagster - [34mINFO[0m - __ASSET_JOB - 18003424-af65-4333-b9e2-d193bfeb88f6 - championship_results -   2023 W DT: 16 finalists
[32m2026-05-31 09:30:27 -0700[0m - dagster - [34mINFO[0m - __ASSET_JOB - 18003424-af65-4333-b9e2-d193bfeb88f6 - championship_results -   2023 W HT: 16 finalists
[32m2026-05-31 09:30:27 -0700[0m - dagster - [34mINFO[0m - __ASSET_JOB - 18003424-af65-4333-b9e2-d193bfeb88f6 - championship_results -   2023 W JT: 16 finalists
[32m2026-05-31 09:30:27 -0700[0m - dagster - [34mINFO[0m - __ASSET_JOB - 18003424-af65-4333-b9e2-d193bfeb88f6 - championship_results - 2022: 40 events found
[32m2026-05-31 09:30:27 -0700[0m - dagster - [34mINFO[0m - __ASSET_JOB - 18003424-af65-4333-b9e2-d193bfeb88f6 - championship_results -   2022 M 100: 8 finalists
[32m2026-05-31 09:30:27 -0700[0m - dagster - [34mINFO[0m - __ASSET_JOB - 18003424-af65-4333-b9e2-d193bfeb88f6 - championship_results -   2022 M 200: 8 finalists
[32m2026-05-31 09:30:28 -0700[0m - dagster - [34mINFO[0m - __ASSET_JOB - 18003424-af65-4333-b9e2-d193bfeb88f6 - championship_results -   2022 M 400: 8 finalists
[32m2026-05-31 09:30:28 -0700[0m - dagster - [34mINFO[0m - __ASSET_JOB - 18003424-af65-4333-b9e2-d193bfeb88f6 - championship_results -   2022 M 800: 8 finalists
[32m2026-05-31 09:30:28 -0700[0m - dagster - [34mINFO[0m - __ASSET_JOB - 18003424-af65-4333-b9e2-d193bfeb88f6 - championship_results -   2022 M 1500: 8 finalists
[32m2026-05-31 09:30:28 -0700[0m - dagster - [34mINFO[0m - __ASSET_JOB - 18003424-af65-4333-b9e2-d193bfeb88f6 - championship_results -   2022 M 5000: 8 finalists
[32m2026-05-31 09:30:28 -0700[0m - dagster - [34mINFO[0m - __ASSET_JOB - 18003424-af65-4333-b9e2-d193bfeb88f6 - championship_results -   2022 M 10k: 8 finalists
[32m2026-05-31 09:30:28 -0700[0m - dagster - [34mINFO[0m - __ASSET_JOB - 18003424-af65-4333-b9e2-d193bfeb88f6 - championship_results -   2022 M 110H: 8 finalists
[32m2026-05-31 09:30:29 -0700[0m - dagster - [34mINFO[0m - __ASSET_JOB - 18003424-af65-4333-b9e2-d193bfeb88f6 - championship_results -   2022 M 400H: 8 finalists
[32m2026-05-31 09:30:29 -0700[0m - dagster - [34mINFO[0m - __ASSET_JOB - 18003424-af65-4333-b9e2-d193bfeb88f6 - championship_results -   2022 M 3000S: 8 finalists
[32m2026-05-31 09:30:29 -0700[0m - dagster - [34mINFO[0m - __ASSET_JOB - 18003424-af65-4333-b9e2-d193bfeb88f6 - championship_results -   2022 M 4x100: 8 finalists
[32m2026-05-31 09:30:29 -0700[0m - dagster - [34mINFO[0m - __ASSET_JOB - 18003424-af65-4333-b9e2-d193bfeb88f6 - championship_results -   2022 M 4x400: 8 finalists
[32m2026-05-31 09:30:29 -0700[0m - dagster - [34mINFO[0m - __ASSET_JOB - 18003424-af65-4333-b9e2-d193bfeb88f6 - championship_results -   2022 M HJ: 8 finalists
[32m2026-05-31 09:30:30 -0700[0m - dagster - [34mINFO[0m - __ASSET_JOB - 18003424-af65-4333-b9e2-d193bfeb88f6 - championship_results -   2022 M PV: 8 finalists
[32m2026-05-31 09:30:30 -0700[0m - dagster - [34mINFO[0m - __ASSET_JOB - 18003424-af65-4333-b9e2-d193bfeb88f6 - championship_results -   2022 M LJ: 0 finalists
[32m2026-05-31 09:30:30 -0700[0m - dagster - [34mINFO[0m - __ASSET_JOB - 18003424-af65-4333-b9e2-d193bfeb88f6 - championship_results -   2022 M TJ: 0 finalists
[32m2026-05-31 09:30:30 -0700[0m - dagster - [34mINFO[0m - __ASSET_JOB - 18003424-af65-4333-b9e2-d193bfeb88f6 - championship_results -   2022 M SP: 16 finalists
[32m2026-05-31 09:30:31 -0700[0m - dagster - [34mINFO[0m - __ASSET_JOB - 18003424-af65-4333-b9e2-d193bfeb88f6 - championship_results -   2022 M DT: 16 finalists
[32m2026-05-31 09:30:31 -0700[0m - dagster - [34mINFO[0m - __ASSET_JOB - 18003424-af65-4333-b9e2-d193bfeb88f6 - championship_results -   2022 M HT: 16 finalists
[32m2026-05-31 09:30:31 -0700[0m - dagster - [34mINFO[0m - __ASSET_JOB - 18003424-af65-4333-b9e2-d193bfeb88f6 - championship_results -   2022 M JT: 16 finalists
[32m2026-05-31 09:30:31 -0700[0m - dagster - [34mINFO[0m - __ASSET_JOB - 18003424-af65-4333-b9e2-d193bfeb88f6 - championship_results -   2022 W 100: 8 finalists
[32m2026-05-31 09:30:31 -0700[0m - dagster - [34mINFO[0m - __ASSET_JOB - 18003424-af65-4333-b9e2-d193bfeb88f6 - championship_results -   2022 W 200: 8 finalists
[32m2026-05-31 09:30:32 -0700[0m - dagster - [34mINFO[0m - __ASSET_JOB - 18003424-af65-4333-b9e2-d193bfeb88f6 - championship_results -   2022 W 400: 8 finalists
[32m2026-05-31 09:30:32 -0700[0m - dagster - [34mINFO[0m - __ASSET_JOB - 18003424-af65-4333-b9e2-d193bfeb88f6 - championship_results -   2022 W 800: 8 finalists
[32m2026-05-31 09:30:32 -0700[0m - dagster - [34mINFO[0m - __ASSET_JOB - 18003424-af65-4333-b9e2-d193bfeb88f6 - championship_results -   2022 W 1500: 8 finalists
[32m2026-05-31 09:30:32 -0700[0m - dagster - [34mINFO[0m - __ASSET_JOB - 18003424-af65-4333-b9e2-d193bfeb88f6 - championship_results -   2022 W 5000: 8 finalists
[32m2026-05-31 09:30:32 -0700[0m - dagster - [34mINFO[0m - __ASSET_JOB - 18003424-af65-4333-b9e2-d193bfeb88f6 - championship_results -   2022 W 10k: 8 finalists
[32m2026-05-31 09:30:33 -0700[0m - dagster - [34mINFO[0m - __ASSET_JOB - 18003424-af65-4333-b9e2-d193bfeb88f6 - championship_results -   2022 W 100H: 8 finalists
[32m2026-05-31 09:30:33 -0700[0m - dagster - [34mINFO[0m - __ASSET_JOB - 18003424-af65-4333-b9e2-d193bfeb88f6 - championship_results -   2022 W 400H: 8 finalists
[32m2026-05-31 09:30:33 -0700[0m - dagster - [34mINFO[0m - __ASSET_JOB - 18003424-af65-4333-b9e2-d193bfeb88f6 - championship_results -   2022 W 3000S: 8 finalists
[32m2026-05-31 09:30:33 -0700[0m - dagster - [34mINFO[0m - __ASSET_JOB - 18003424-af65-4333-b9e2-d193bfeb88f6 - championship_results -   2022 W 4x100: 8 finalists
[32m2026-05-31 09:30:33 -0700[0m - dagster - [34mINFO[0m - __ASSET_JOB - 18003424-af65-4333-b9e2-d193bfeb88f6 - championship_results -   2022 W 4x400: 8 finalists
[32m2026-05-31 09:30:34 -0700[0m - dagster - [34mINFO[0m - __ASSET_JOB - 18003424-af65-4333-b9e2-d193bfeb88f6 - championship_results -   2022 W HJ: 8 finalists
[32m2026-05-31 09:30:34 -0700[0m - dagster - [34mINFO[0m - __ASSET_JOB - 18003424-af65-4333-b9e2-d193bfeb88f6 - championship_results -   2022 W PV: 8 finalists
[32m2026-05-31 09:30:34 -0700[0m - dagster - [34mINFO[0m - __ASSET_JOB - 18003424-af65-4333-b9e2-d193bfeb88f6 - championship_results -   2022 W LJ: 0 finalists
[32m2026-05-31 09:30:34 -0700[0m - dagster - [34mINFO[0m - __ASSET_JOB - 18003424-af65-4333-b9e2-d193bfeb88f6 - championship_results -   2022 W TJ: 0 finalists
[32m2026-05-31 09:30:34 -0700[0m - dagster - [34mINFO[0m - __ASSET_JOB - 18003424-af65-4333-b9e2-d193bfeb88f6 - championship_results -   2022 W SP: 16 finalists
[32m2026-05-31 09:30:35 -0700[0m - dagster - [34mINFO[0m - __ASSET_JOB - 18003424-af65-4333-b9e2-d193bfeb88f6 - championship_results -   2022 W DT: 16 finalists
[32m2026-05-31 09:30:35 -0700[0m - dagster - [34mINFO[0m - __ASSET_JOB - 18003424-af65-4333-b9e2-d193bfeb88f6 - championship_results -   2022 W HT: 16 finalists
[32m2026-05-31 09:30:35 -0700[0m - dagster - [34mINFO[0m - __ASSET_JOB - 18003424-af65-4333-b9e2-d193bfeb88f6 - championship_results -   2022 W JT: 16 finalists
[32m2026-05-31 09:30:35 -0700[0m - dagster - [34mINFO[0m - __ASSET_JOB - 18003424-af65-4333-b9e2-d193bfeb88f6 - championship_results - Saved 1358 rows → data/training/championship_results.csv
[32m2026-05-31 09:30:35 -0700[0m - dagster - [34mDEBUG[0m - __ASSET_JOB - 18003424-af65-4333-b9e2-d193bfeb88f6 - 64267 - championship_results - STEP_OUTPUT - Yielded output "result" of type "DataFrame". (Type check passed).
[32m2026-05-31 09:30:35 -0700[0m - dagster - [34mDEBUG[0m - __ASSET_JOB - 18003424-af65-4333-b9e2-d193bfeb88f6 - championship_results - Writing file at: /Users/katelynvuong/Desktop/2026-ncaa-tf-predictions/.tmp_dagster_home_17skikmc/storage/championship_results using PickledObjectFilesystemIOManager...
[32m2026-05-31 09:30:35 -0700[0m - dagster - [34mDEBUG[0m - __ASSET_JOB - 18003424-af65-4333-b9e2-d193bfeb88f6 - 64267 - championship_results - ASSET_MATERIALIZATION - Materialized value championship_results.
[32m2026-05-31 09:30:35 -0700[0m - dagster - [34mDEBUG[0m - __ASSET_JOB - 18003424-af65-4333-b9e2-d193bfeb88f6 - 64267 - championship_results - HANDLED_OUTPUT - Handled output "result" using IO manager "io_manager"
[32m2026-05-31 09:30:35 -0700[0m - dagster - [34mDEBUG[0m - __ASSET_JOB - 18003424-af65-4333-b9e2-d193bfeb88f6 - 64267 - championship_results - STEP_SUCCESS - Finished execution of step "championship_results" in 37.07s.
