[32m2026-05-30 12:20:44 -0700[0m - dagster - [34mDEBUG[0m - __ASSET_JOB - d5e1d101-439c-4277-ae24-e68ed95a19fb - 68370 - LOGS_CAPTURED - Started capturing logs in process (pid: 68370).
[32m2026-05-30 12:20:44 -0700[0m - dagster - [34mDEBUG[0m - __ASSET_JOB - d5e1d101-439c-4277-ae24-e68ed95a19fb - 68370 - final_athletes - STEP_START - Started execution of step "final_athletes".
[32m2026-05-30 12:20:45 -0700[0m - dagster - [34mINFO[0m - __ASSET_JOB - d5e1d101-439c-4277-ae24-e68ed95a19fb - final_athletes - east: 40 event pages found
[32m2026-05-30 12:20:45 -0700[0m - dagster - [34mINFO[0m - __ASSET_JOB - d5e1d101-439c-4277-ae24-e68ed95a19fb - final_athletes -   001-2_compiled.htm: 12 qualifiers
[32m2026-05-30 12:20:45 -0700[0m - dagster - [34mINFO[0m - __ASSET_JOB - d5e1d101-439c-4277-ae24-e68ed95a19fb - final_athletes -   002-2_compiled.htm: 12 qualifiers
[32m2026-05-30 12:20:45 -0700[0m - dagster - [34mINFO[0m - __ASSET_JOB - d5e1d101-439c-4277-ae24-e68ed95a19fb - final_athletes -   003-2_compiled.htm: 12 qualifiers
[32m2026-05-30 12:20:46 -0700[0m - dagster - [34mINFO[0m - __ASSET_JOB - d5e1d101-439c-4277-ae24-e68ed95a19fb - final_athletes -   004-2_compiled.htm: 12 qualifiers
[32m2026-05-30 12:20:46 -0700[0m - dagster - [34mINFO[0m - __ASSET_JOB - d5e1d101-439c-4277-ae24-e68ed95a19fb - final_athletes -   005-2_compiled.htm: 12 qualifiers
[32m2026-05-30 12:20:46 -0700[0m - dagster - [34mINFO[0m - __ASSET_JOB - d5e1d101-439c-4277-ae24-e68ed95a19fb - final_athletes -   006-1_compiled.htm: 12 qualifiers
[32m2026-05-30 12:20:46 -0700[0m - dagster - [34mINFO[0m - __ASSET_JOB - d5e1d101-439c-4277-ae24-e68ed95a19fb - final_athletes -   007-1_compiled.htm: 12 qualifiers
[32m2026-05-30 12:20:47 -0700[0m - dagster - [34mINFO[0m - __ASSET_JOB - d5e1d101-439c-4277-ae24-e68ed95a19fb - final_athletes -   008-1_compiled.htm: 12 qualifiers
[32m2026-05-30 12:20:47 -0700[0m - dagster - [34mINFO[0m - __ASSET_JOB - d5e1d101-439c-4277-ae24-e68ed95a19fb - final_athletes -   009-2_compiled.htm: 12 qualifiers
[32m2026-05-30 12:20:47 -0700[0m - dagster - [34mINFO[0m - __ASSET_JOB - d5e1d101-439c-4277-ae24-e68ed95a19fb - final_athletes -   010-2_compiled.htm: 12 qualifiers
[32m2026-05-30 12:20:48 -0700[0m - dagster - [34mINFO[0m - __ASSET_JOB - d5e1d101-439c-4277-ae24-e68ed95a19fb - final_athletes -   011-1_compiled.htm: 12 qualifiers
[32m2026-05-30 12:20:48 -0700[0m - dagster - [34mINFO[0m - __ASSET_JOB - d5e1d101-439c-4277-ae24-e68ed95a19fb - final_athletes -   012-1_compiled.htm: 12 qualifiers
[32m2026-05-30 12:20:48 -0700[0m - dagster - [34mINFO[0m - __ASSET_JOB - d5e1d101-439c-4277-ae24-e68ed95a19fb - final_athletes -   013-1_compiled.htm: 10 qualifiers
[32m2026-05-30 12:20:49 -0700[0m - dagster - [34mINFO[0m - __ASSET_JOB - d5e1d101-439c-4277-ae24-e68ed95a19fb - final_athletes -   014-1_compiled.htm: 12 qualifiers
[32m2026-05-30 12:20:49 -0700[0m - dagster - [34mINFO[0m - __ASSET_JOB - d5e1d101-439c-4277-ae24-e68ed95a19fb - final_athletes -   015-1_compiled.htm: 12 qualifiers
[32m2026-05-30 12:20:49 -0700[0m - dagster - [34mINFO[0m - __ASSET_JOB - d5e1d101-439c-4277-ae24-e68ed95a19fb - final_athletes -   016-1_compiled.htm: 12 qualifiers
[32m2026-05-30 12:20:49 -0700[0m - dagster - [34mINFO[0m - __ASSET_JOB - d5e1d101-439c-4277-ae24-e68ed95a19fb - final_athletes -   017-1_compiled.htm: 12 qualifiers
[32m2026-05-30 12:20:50 -0700[0m - dagster - [34mINFO[0m - __ASSET_JOB - d5e1d101-439c-4277-ae24-e68ed95a19fb - final_athletes -   018-1_compiled.htm: 12 qualifiers
[32m2026-05-30 12:20:50 -0700[0m - dagster - [34mINFO[0m - __ASSET_JOB - d5e1d101-439c-4277-ae24-e68ed95a19fb - final_athletes -   019-1_compiled.htm: 12 qualifiers
[32m2026-05-30 12:20:51 -0700[0m - dagster - [34mINFO[0m - __ASSET_JOB - d5e1d101-439c-4277-ae24-e68ed95a19fb - final_athletes -   020-1_compiled.htm: 12 qualifiers
[32m2026-05-30 12:20:53 -0700[0m - dagster - [34mINFO[0m - __ASSET_JOB - d5e1d101-439c-4277-ae24-e68ed95a19fb - final_athletes -   028-1_compiled.htm: 12 qualifiers
[32m2026-05-30 12:20:55 -0700[0m - dagster - [34mINFO[0m - __ASSET_JOB - d5e1d101-439c-4277-ae24-e68ed95a19fb - final_athletes -   033-1_compiled.htm: 12 qualifiers
[32m2026-05-30 12:20:55 -0700[0m - dagster - [34mINFO[0m - __ASSET_JOB - d5e1d101-439c-4277-ae24-e68ed95a19fb - final_athletes -   034-1_compiled.htm: 10 qualifiers
[32m2026-05-30 12:20:56 -0700[0m - dagster - [34mINFO[0m - __ASSET_JOB - d5e1d101-439c-4277-ae24-e68ed95a19fb - final_athletes -   035-1_compiled.htm: 12 qualifiers
[32m2026-05-30 12:20:56 -0700[0m - dagster - [34mINFO[0m - __ASSET_JOB - d5e1d101-439c-4277-ae24-e68ed95a19fb - final_athletes -   037-1_compiled.htm: 12 qualifiers
[32m2026-05-30 12:20:57 -0700[0m - dagster - [34mINFO[0m - __ASSET_JOB - d5e1d101-439c-4277-ae24-e68ed95a19fb - final_athletes -   038-1_compiled.htm: 12 qualifiers
[32m2026-05-30 12:20:57 -0700[0m - dagster - [34mINFO[0m - __ASSET_JOB - d5e1d101-439c-4277-ae24-e68ed95a19fb - final_athletes -   039-1_compiled.htm: 12 qualifiers
[32m2026-05-30 12:20:57 -0700[0m - dagster - [34mINFO[0m - __ASSET_JOB - d5e1d101-439c-4277-ae24-e68ed95a19fb - final_athletes -   040-1_compiled.htm: 12 qualifiers
[32m2026-05-30 12:20:57 -0700[0m - dagster - [34mINFO[0m - __ASSET_JOB - d5e1d101-439c-4277-ae24-e68ed95a19fb - final_athletes - west: 40 event pages found
[32m2026-05-30 12:20:58 -0700[0m - dagster - [34mINFO[0m - __ASSET_JOB - d5e1d101-439c-4277-ae24-e68ed95a19fb - final_athletes -   001-2_compiled.htm: 12 qualifiers
[32m2026-05-30 12:20:58 -0700[0m - dagster - [34mINFO[0m - __ASSET_JOB - d5e1d101-439c-4277-ae24-e68ed95a19fb - final_athletes -   002-2_compiled.htm: 12 qualifiers
[32m2026-05-30 12:20:59 -0700[0m - dagster - [34mINFO[0m - __ASSET_JOB - d5e1d101-439c-4277-ae24-e68ed95a19fb - final_athletes -   003-2_compiled.htm: 12 qualifiers
[32m2026-05-30 12:20:59 -0700[0m - dagster - [34mINFO[0m - __ASSET_JOB - d5e1d101-439c-4277-ae24-e68ed95a19fb - final_athletes -   004-2_compiled.htm: 12 qualifiers
[32m2026-05-30 12:20:59 -0700[0m - dagster - [34mINFO[0m - __ASSET_JOB - d5e1d101-439c-4277-ae24-e68ed95a19fb - final_athletes -   005-2_compiled.htm: 12 qualifiers
[32m2026-05-30 12:20:59 -0700[0m - dagster - [34mINFO[0m - __ASSET_JOB - d5e1d101-439c-4277-ae24-e68ed95a19fb - final_athletes -   006-1_compiled.htm: 12 qualifiers
[32m2026-05-30 12:21:00 -0700[0m - dagster - [34mINFO[0m - __ASSET_JOB - d5e1d101-439c-4277-ae24-e68ed95a19fb - final_athletes -   007-1_compiled.htm: 12 qualifiers
[32m2026-05-30 12:21:00 -0700[0m - dagster - [34mINFO[0m - __ASSET_JOB - d5e1d101-439c-4277-ae24-e68ed95a19fb - final_athletes -   008-1_compiled.htm: 12 qualifiers
[32m2026-05-30 12:21:00 -0700[0m - dagster - [34mINFO[0m - __ASSET_JOB - d5e1d101-439c-4277-ae24-e68ed95a19fb - final_athletes -   009-2_compiled.htm: 12 qualifiers
[32m2026-05-30 12:21:01 -0700[0m - dagster - [34mINFO[0m - __ASSET_JOB - d5e1d101-439c-4277-ae24-e68ed95a19fb - final_athletes -   010-2_compiled.htm: 12 qualifiers
[32m2026-05-30 12:21:01 -0700[0m - dagster - [34mINFO[0m - __ASSET_JOB - d5e1d101-439c-4277-ae24-e68ed95a19fb - final_athletes -   011-1_compiled.htm: 12 qualifiers
[32m2026-05-30 12:21:01 -0700[0m - dagster - [34mINFO[0m - __ASSET_JOB - d5e1d101-439c-4277-ae24-e68ed95a19fb - final_athletes -   012-1_compiled.htm: 12 qualifiers
[32m2026-05-30 12:21:02 -0700[0m - dagster - [34mINFO[0m - __ASSET_JOB - d5e1d101-439c-4277-ae24-e68ed95a19fb - final_athletes -   013-1_compiled.htm: 12 qualifiers
[32m2026-05-30 12:21:02 -0700[0m - dagster - [34mINFO[0m - __ASSET_JOB - d5e1d101-439c-4277-ae24-e68ed95a19fb - final_athletes -   014-1_compiled.htm: 12 qualifiers
[32m2026-05-30 12:21:02 -0700[0m - dagster - [34mINFO[0m - __ASSET_JOB - d5e1d101-439c-4277-ae24-e68ed95a19fb - final_athletes -   015-1_compiled.htm: 12 qualifiers
[32m2026-05-30 12:21:02 -0700[0m - dagster - [34mINFO[0m - __ASSET_JOB - d5e1d101-439c-4277-ae24-e68ed95a19fb - final_athletes -   016-1_compiled.htm: 12 qualifiers
[32m2026-05-30 12:21:03 -0700[0m - dagster - [34mINFO[0m - __ASSET_JOB - d5e1d101-439c-4277-ae24-e68ed95a19fb - final_athletes -   017-1_compiled.htm: 12 qualifiers
[32m2026-05-30 12:21:03 -0700[0m - dagster - [34mINFO[0m - __ASSET_JOB - d5e1d101-439c-4277-ae24-e68ed95a19fb - final_athletes -   018-1_compiled.htm: 12 qualifiers
[32m2026-05-30 12:21:04 -0700[0m - dagster - [34mINFO[0m - __ASSET_JOB - d5e1d101-439c-4277-ae24-e68ed95a19fb - final_athletes -   019-1_compiled.htm: 12 qualifiers
[32m2026-05-30 12:21:04 -0700[0m - dagster - [34mINFO[0m - __ASSET_JOB - d5e1d101-439c-4277-ae24-e68ed95a19fb - final_athletes -   020-1_compiled.htm: 12 qualifiers
[32m2026-05-30 12:21:07 -0700[0m - dagster - [34mINFO[0m - __ASSET_JOB - d5e1d101-439c-4277-ae24-e68ed95a19fb - final_athletes -   028-1_compiled.htm: 12 qualifiers
[32m2026-05-30 12:21:08 -0700[0m - dagster - [34mINFO[0m - __ASSET_JOB - d5e1d101-439c-4277-ae24-e68ed95a19fb - final_athletes -   033-1_compiled.htm: 12 qualifiers
[32m2026-05-30 12:21:09 -0700[0m - dagster - [34mINFO[0m - __ASSET_JOB - d5e1d101-439c-4277-ae24-e68ed95a19fb - final_athletes -   034-1_compiled.htm: 12 qualifiers
[32m2026-05-30 12:21:09 -0700[0m - dagster - [34mINFO[0m - __ASSET_JOB - d5e1d101-439c-4277-ae24-e68ed95a19fb - final_athletes -   035-1_compiled.htm: 12 qualifiers
[32m2026-05-30 12:21:10 -0700[0m - dagster - [34mINFO[0m - __ASSET_JOB - d5e1d101-439c-4277-ae24-e68ed95a19fb - final_athletes -   037-1_compiled.htm: 12 qualifiers
[32m2026-05-30 12:21:10 -0700[0m - dagster - [34mINFO[0m - __ASSET_JOB - d5e1d101-439c-4277-ae24-e68ed95a19fb - final_athletes -   038-1_compiled.htm: 12 qualifiers
[32m2026-05-30 12:21:11 -0700[0m - dagster - [34mINFO[0m - __ASSET_JOB - d5e1d101-439c-4277-ae24-e68ed95a19fb - final_athletes -   039-1_compiled.htm: 12 qualifiers
[32m2026-05-30 12:21:11 -0700[0m - dagster - [34mINFO[0m - __ASSET_JOB - d5e1d101-439c-4277-ae24-e68ed95a19fb - final_athletes -   040-1_compiled.htm: 12 qualifiers
[32m2026-05-30 12:21:11 -0700[0m - dagster - [34mINFO[0m - __ASSET_JOB - d5e1d101-439c-4277-ae24-e68ed95a19fb - final_athletes - Saved 668 total qualifiers → data/final_athletes.csv
[32m2026-05-30 12:21:11 -0700[0m - dagster - [34mINFO[0m - __ASSET_JOB - d5e1d101-439c-4277-ae24-e68ed95a19fb - final_athletes -   Athletes with matched athlete_id: 620
[32m2026-05-30 12:21:11 -0700[0m - dagster - [34mDEBUG[0m - __ASSET_JOB - d5e1d101-439c-4277-ae24-e68ed95a19fb - 68370 - final_athletes - STEP_OUTPUT - Yielded output "result" of type "DataFrame". (Type check passed).
[32m2026-05-30 12:21:11 -0700[0m - dagster - [34mDEBUG[0m - __ASSET_JOB - d5e1d101-439c-4277-ae24-e68ed95a19fb - final_athletes - Writing file at: /Users/katelynvuong/Desktop/2026-ncaa-tf-predictions/.tmp_dagster_home_17skikmc/storage/final_athletes using PickledObjectFilesystemIOManager...
[32m2026-05-30 12:21:11 -0700[0m - dagster - [34mDEBUG[0m - __ASSET_JOB - d5e1d101-439c-4277-ae24-e68ed95a19fb - 68370 - final_athletes - ASSET_MATERIALIZATION - Materialized value final_athletes.
[32m2026-05-30 12:21:11 -0700[0m - dagster - [34mDEBUG[0m - __ASSET_JOB - d5e1d101-439c-4277-ae24-e68ed95a19fb - 68370 - final_athletes - HANDLED_OUTPUT - Handled output "result" using IO manager "io_manager"
[32m2026-05-30 12:21:11 -0700[0m - dagster - [34mDEBUG[0m - __ASSET_JOB - d5e1d101-439c-4277-ae24-e68ed95a19fb - 68370 - final_athletes - STEP_SUCCESS - Finished execution of step "final_athletes" in 26.72s.
