[32m2026-05-30 11:58:20 -0700[0m - dagster - [34mDEBUG[0m - __ASSET_JOB - d1058e86-95cf-4f26-8cf0-b9de9cbdbcae - 53733 - LOGS_CAPTURED - Started capturing logs in process (pid: 53733).
[32m2026-05-30 11:58:20 -0700[0m - dagster - [34mDEBUG[0m - __ASSET_JOB - d1058e86-95cf-4f26-8cf0-b9de9cbdbcae - 53733 - final_athletes - STEP_START - Started execution of step "final_athletes".
[32m2026-05-30 11:58:20 -0700[0m - dagster - [34mINFO[0m - __ASSET_JOB - d1058e86-95cf-4f26-8cf0-b9de9cbdbcae - final_athletes - east: 40 event pages found
[32m2026-05-30 11:58:21 -0700[0m - dagster - [34mINFO[0m - __ASSET_JOB - d1058e86-95cf-4f26-8cf0-b9de9cbdbcae - final_athletes -   001-2_compiled.htm: 12 qualifiers
[32m2026-05-30 11:58:21 -0700[0m - dagster - [34mINFO[0m - __ASSET_JOB - d1058e86-95cf-4f26-8cf0-b9de9cbdbcae - final_athletes -   002-2_compiled.htm: 12 qualifiers
[32m2026-05-30 11:58:21 -0700[0m - dagster - [34mINFO[0m - __ASSET_JOB - d1058e86-95cf-4f26-8cf0-b9de9cbdbcae - final_athletes -   003-2_compiled.htm: 12 qualifiers
[32m2026-05-30 11:58:22 -0700[0m - dagster - [34mINFO[0m - __ASSET_JOB - d1058e86-95cf-4f26-8cf0-b9de9cbdbcae - final_athletes -   004-2_compiled.htm: 12 qualifiers
[32m2026-05-30 11:58:22 -0700[0m - dagster - [34mINFO[0m - __ASSET_JOB - d1058e86-95cf-4f26-8cf0-b9de9cbdbcae - final_athletes -   005-2_compiled.htm: 12 qualifiers
[32m2026-05-30 11:58:22 -0700[0m - dagster - [34mINFO[0m - __ASSET_JOB - d1058e86-95cf-4f26-8cf0-b9de9cbdbcae - final_athletes -   006-1_compiled.htm: 12 qualifiers
[32m2026-05-30 11:58:22 -0700[0m - dagster - [34mINFO[0m - __ASSET_JOB - d1058e86-95cf-4f26-8cf0-b9de9cbdbcae - final_athletes -   007-1_compiled.htm: 12 qualifiers
[32m2026-05-30 11:58:23 -0700[0m - dagster - [34mINFO[0m - __ASSET_JOB - d1058e86-95cf-4f26-8cf0-b9de9cbdbcae - final_athletes -   008-1_compiled.htm: 12 qualifiers
[32m2026-05-30 11:58:23 -0700[0m - dagster - [34mINFO[0m - __ASSET_JOB - d1058e86-95cf-4f26-8cf0-b9de9cbdbcae - final_athletes -   009-2_compiled.htm: 12 qualifiers
[32m2026-05-30 11:58:24 -0700[0m - dagster - [34mINFO[0m - __ASSET_JOB - d1058e86-95cf-4f26-8cf0-b9de9cbdbcae - final_athletes -   010-2_compiled.htm: 12 qualifiers
[32m2026-05-30 11:58:24 -0700[0m - dagster - [34mINFO[0m - __ASSET_JOB - d1058e86-95cf-4f26-8cf0-b9de9cbdbcae - final_athletes -   011-1_compiled.htm: 12 qualifiers
[32m2026-05-30 11:58:24 -0700[0m - dagster - [34mINFO[0m - __ASSET_JOB - d1058e86-95cf-4f26-8cf0-b9de9cbdbcae - final_athletes -   012-1_compiled.htm: 12 qualifiers
[32m2026-05-30 11:58:25 -0700[0m - dagster - [34mINFO[0m - __ASSET_JOB - d1058e86-95cf-4f26-8cf0-b9de9cbdbcae - final_athletes -   013-1_compiled.htm: 10 qualifiers
[32m2026-05-30 11:58:25 -0700[0m - dagster - [34mINFO[0m - __ASSET_JOB - d1058e86-95cf-4f26-8cf0-b9de9cbdbcae - final_athletes -   014-1_compiled.htm: 12 qualifiers
[32m2026-05-30 11:58:25 -0700[0m - dagster - [34mINFO[0m - __ASSET_JOB - d1058e86-95cf-4f26-8cf0-b9de9cbdbcae - final_athletes -   015-1_compiled.htm: 12 qualifiers
[32m2026-05-30 11:58:25 -0700[0m - dagster - [34mINFO[0m - __ASSET_JOB - d1058e86-95cf-4f26-8cf0-b9de9cbdbcae - final_athletes -   016-1_compiled.htm: 12 qualifiers
[32m2026-05-30 11:58:26 -0700[0m - dagster - [34mINFO[0m - __ASSET_JOB - d1058e86-95cf-4f26-8cf0-b9de9cbdbcae - final_athletes -   017-1_compiled.htm: 12 qualifiers
[32m2026-05-30 11:58:26 -0700[0m - dagster - [34mINFO[0m - __ASSET_JOB - d1058e86-95cf-4f26-8cf0-b9de9cbdbcae - final_athletes -   018-1_compiled.htm: 12 qualifiers
[32m2026-05-30 11:58:27 -0700[0m - dagster - [34mINFO[0m - __ASSET_JOB - d1058e86-95cf-4f26-8cf0-b9de9cbdbcae - final_athletes -   019-1_compiled.htm: 12 qualifiers
[32m2026-05-30 11:58:27 -0700[0m - dagster - [34mINFO[0m - __ASSET_JOB - d1058e86-95cf-4f26-8cf0-b9de9cbdbcae - final_athletes -   020-1_compiled.htm: 12 qualifiers
[32m2026-05-30 11:58:30 -0700[0m - dagster - [34mINFO[0m - __ASSET_JOB - d1058e86-95cf-4f26-8cf0-b9de9cbdbcae - final_athletes -   028-1_compiled.htm: 12 qualifiers
[32m2026-05-30 11:58:31 -0700[0m - dagster - [34mINFO[0m - __ASSET_JOB - d1058e86-95cf-4f26-8cf0-b9de9cbdbcae - final_athletes -   033-1_compiled.htm: 12 qualifiers
[32m2026-05-30 11:58:32 -0700[0m - dagster - [34mINFO[0m - __ASSET_JOB - d1058e86-95cf-4f26-8cf0-b9de9cbdbcae - final_athletes -   034-1_compiled.htm: 10 qualifiers
[32m2026-05-30 11:58:32 -0700[0m - dagster - [34mINFO[0m - __ASSET_JOB - d1058e86-95cf-4f26-8cf0-b9de9cbdbcae - final_athletes -   035-1_compiled.htm: 12 qualifiers
[32m2026-05-30 11:58:33 -0700[0m - dagster - [34mINFO[0m - __ASSET_JOB - d1058e86-95cf-4f26-8cf0-b9de9cbdbcae - final_athletes -   037-1_compiled.htm: 12 qualifiers
[32m2026-05-30 11:58:33 -0700[0m - dagster - [34mINFO[0m - __ASSET_JOB - d1058e86-95cf-4f26-8cf0-b9de9cbdbcae - final_athletes -   038-1_compiled.htm: 12 qualifiers
[32m2026-05-30 11:58:33 -0700[0m - dagster - [34mINFO[0m - __ASSET_JOB - d1058e86-95cf-4f26-8cf0-b9de9cbdbcae - final_athletes -   039-1_compiled.htm: 12 qualifiers
[32m2026-05-30 11:58:34 -0700[0m - dagster - [34mINFO[0m - __ASSET_JOB - d1058e86-95cf-4f26-8cf0-b9de9cbdbcae - final_athletes -   040-1_compiled.htm: 12 qualifiers
[32m2026-05-30 11:58:34 -0700[0m - dagster - [34mINFO[0m - __ASSET_JOB - d1058e86-95cf-4f26-8cf0-b9de9cbdbcae - final_athletes - west: 40 event pages found
[32m2026-05-30 11:58:34 -0700[0m - dagster - [34mINFO[0m - __ASSET_JOB - d1058e86-95cf-4f26-8cf0-b9de9cbdbcae - final_athletes -   001-2_compiled.htm: 12 qualifiers
[32m2026-05-30 11:58:35 -0700[0m - dagster - [34mINFO[0m - __ASSET_JOB - d1058e86-95cf-4f26-8cf0-b9de9cbdbcae - final_athletes -   002-2_compiled.htm: 12 qualifiers
[32m2026-05-30 11:58:35 -0700[0m - dagster - [34mINFO[0m - __ASSET_JOB - d1058e86-95cf-4f26-8cf0-b9de9cbdbcae - final_athletes -   003-2_compiled.htm: 12 qualifiers
[32m2026-05-30 11:58:35 -0700[0m - dagster - [34mINFO[0m - __ASSET_JOB - d1058e86-95cf-4f26-8cf0-b9de9cbdbcae - final_athletes -   004-2_compiled.htm: 12 qualifiers
[32m2026-05-30 11:58:36 -0700[0m - dagster - [34mINFO[0m - __ASSET_JOB - d1058e86-95cf-4f26-8cf0-b9de9cbdbcae - final_athletes -   005-2_compiled.htm: 12 qualifiers
[32m2026-05-30 11:58:36 -0700[0m - dagster - [34mINFO[0m - __ASSET_JOB - d1058e86-95cf-4f26-8cf0-b9de9cbdbcae - final_athletes -   006-1_compiled.htm: 12 qualifiers
[32m2026-05-30 11:58:36 -0700[0m - dagster - [34mINFO[0m - __ASSET_JOB - d1058e86-95cf-4f26-8cf0-b9de9cbdbcae - final_athletes -   007-1_compiled.htm: 12 qualifiers
[32m2026-05-30 11:58:37 -0700[0m - dagster - [34mINFO[0m - __ASSET_JOB - d1058e86-95cf-4f26-8cf0-b9de9cbdbcae - final_athletes -   008-1_compiled.htm: 12 qualifiers
[32m2026-05-30 11:58:37 -0700[0m - dagster - [34mINFO[0m - __ASSET_JOB - d1058e86-95cf-4f26-8cf0-b9de9cbdbcae - final_athletes -   009-2_compiled.htm: 12 qualifiers
[32m2026-05-30 11:58:37 -0700[0m - dagster - [34mINFO[0m - __ASSET_JOB - d1058e86-95cf-4f26-8cf0-b9de9cbdbcae - final_athletes -   010-2_compiled.htm: 12 qualifiers
[32m2026-05-30 11:58:38 -0700[0m - dagster - [34mINFO[0m - __ASSET_JOB - d1058e86-95cf-4f26-8cf0-b9de9cbdbcae - final_athletes -   011-1_compiled.htm: 12 qualifiers
[32m2026-05-30 11:58:38 -0700[0m - dagster - [34mINFO[0m - __ASSET_JOB - d1058e86-95cf-4f26-8cf0-b9de9cbdbcae - final_athletes -   012-1_compiled.htm: 12 qualifiers
[32m2026-05-30 11:58:38 -0700[0m - dagster - [34mINFO[0m - __ASSET_JOB - d1058e86-95cf-4f26-8cf0-b9de9cbdbcae - final_athletes -   013-1_compiled.htm: 12 qualifiers
[32m2026-05-30 11:58:39 -0700[0m - dagster - [34mINFO[0m - __ASSET_JOB - d1058e86-95cf-4f26-8cf0-b9de9cbdbcae - final_athletes -   014-1_compiled.htm: 12 qualifiers
[32m2026-05-30 11:58:39 -0700[0m - dagster - [34mINFO[0m - __ASSET_JOB - d1058e86-95cf-4f26-8cf0-b9de9cbdbcae - final_athletes -   015-1_compiled.htm: 12 qualifiers
[32m2026-05-30 11:58:39 -0700[0m - dagster - [34mINFO[0m - __ASSET_JOB - d1058e86-95cf-4f26-8cf0-b9de9cbdbcae - final_athletes -   016-1_compiled.htm: 12 qualifiers
[32m2026-05-30 11:58:40 -0700[0m - dagster - [34mINFO[0m - __ASSET_JOB - d1058e86-95cf-4f26-8cf0-b9de9cbdbcae - final_athletes -   017-1_compiled.htm: 12 qualifiers
[32m2026-05-30 11:58:40 -0700[0m - dagster - [34mINFO[0m - __ASSET_JOB - d1058e86-95cf-4f26-8cf0-b9de9cbdbcae - final_athletes -   018-1_compiled.htm: 12 qualifiers
[32m2026-05-30 11:58:41 -0700[0m - dagster - [34mINFO[0m - __ASSET_JOB - d1058e86-95cf-4f26-8cf0-b9de9cbdbcae - final_athletes -   019-1_compiled.htm: 12 qualifiers
[32m2026-05-30 11:58:41 -0700[0m - dagster - [34mINFO[0m - __ASSET_JOB - d1058e86-95cf-4f26-8cf0-b9de9cbdbcae - final_athletes -   020-1_compiled.htm: 12 qualifiers
[32m2026-05-30 11:58:44 -0700[0m - dagster - [34mINFO[0m - __ASSET_JOB - d1058e86-95cf-4f26-8cf0-b9de9cbdbcae - final_athletes -   028-1_compiled.htm: 12 qualifiers
[32m2026-05-30 11:58:46 -0700[0m - dagster - [34mINFO[0m - __ASSET_JOB - d1058e86-95cf-4f26-8cf0-b9de9cbdbcae - final_athletes -   034-1_compiled.htm: 12 qualifiers
[32m2026-05-30 11:58:46 -0700[0m - dagster - [34mINFO[0m - __ASSET_JOB - d1058e86-95cf-4f26-8cf0-b9de9cbdbcae - final_athletes -   035-1_compiled.htm: 12 qualifiers
[32m2026-05-30 11:58:46 -0700[0m - dagster - [34mINFO[0m - __ASSET_JOB - d1058e86-95cf-4f26-8cf0-b9de9cbdbcae - final_athletes -   037-1_compiled.htm: 12 qualifiers
[32m2026-05-30 11:58:47 -0700[0m - dagster - [34mINFO[0m - __ASSET_JOB - d1058e86-95cf-4f26-8cf0-b9de9cbdbcae - final_athletes -   038-1_compiled.htm: 11 qualifiers
[32m2026-05-30 11:58:47 -0700[0m - dagster - [34mINFO[0m - __ASSET_JOB - d1058e86-95cf-4f26-8cf0-b9de9cbdbcae - final_athletes -   039-1_compiled.htm: 12 qualifiers
[32m2026-05-30 11:58:47 -0700[0m - dagster - [34mINFO[0m - __ASSET_JOB - d1058e86-95cf-4f26-8cf0-b9de9cbdbcae - final_athletes -   040-1_compiled.htm: 12 qualifiers
[32m2026-05-30 11:58:47 -0700[0m - dagster - [34mINFO[0m - __ASSET_JOB - d1058e86-95cf-4f26-8cf0-b9de9cbdbcae - final_athletes - Saved 655 total qualifiers → data/final_athletes.csv
[32m2026-05-30 11:58:47 -0700[0m - dagster - [34mDEBUG[0m - __ASSET_JOB - d1058e86-95cf-4f26-8cf0-b9de9cbdbcae - 53733 - final_athletes - STEP_OUTPUT - Yielded output "result" of type "DataFrame". (Type check passed).
[32m2026-05-30 11:58:47 -0700[0m - dagster - [34mDEBUG[0m - __ASSET_JOB - d1058e86-95cf-4f26-8cf0-b9de9cbdbcae - final_athletes - Writing file at: /Users/katelynvuong/Desktop/2026-ncaa-tf-predictions/.tmp_dagster_home_17skikmc/storage/final_athletes using PickledObjectFilesystemIOManager...
[32m2026-05-30 11:58:47 -0700[0m - dagster - [34mDEBUG[0m - __ASSET_JOB - d1058e86-95cf-4f26-8cf0-b9de9cbdbcae - 53733 - final_athletes - ASSET_MATERIALIZATION - Materialized value final_athletes.
[32m2026-05-30 11:58:47 -0700[0m - dagster - [34mDEBUG[0m - __ASSET_JOB - d1058e86-95cf-4f26-8cf0-b9de9cbdbcae - 53733 - final_athletes - HANDLED_OUTPUT - Handled output "result" using IO manager "io_manager"
[32m2026-05-30 11:58:47 -0700[0m - dagster - [34mDEBUG[0m - __ASSET_JOB - d1058e86-95cf-4f26-8cf0-b9de9cbdbcae - 53733 - final_athletes - STEP_SUCCESS - Finished execution of step "final_athletes" in 27.21s.
