[32m2026-05-31 10:13:18 -0700[0m - dagster - [34mDEBUG[0m - __ASSET_JOB - a4ec1cf1-454f-4137-b2cb-ee196dff1432 - 92520 - LOGS_CAPTURED - Started capturing logs in process (pid: 92520).
[32m2026-05-31 10:13:18 -0700[0m - dagster - [34mDEBUG[0m - __ASSET_JOB - a4ec1cf1-454f-4137-b2cb-ee196dff1432 - 92520 - championship_results - STEP_START - Started execution of step "championship_results".
[32m2026-05-31 10:13:19 -0700[0m - dagster - [34mINFO[0m - __ASSET_JOB - a4ec1cf1-454f-4137-b2cb-ee196dff1432 - championship_results - 2025: 40 events found
[32m2026-05-31 10:13:19 -0700[0m - dagster - [34mINFO[0m - __ASSET_JOB - a4ec1cf1-454f-4137-b2cb-ee196dff1432 - championship_results -   2025 M 100: 8 finalists
[32m2026-05-31 10:13:19 -0700[0m - dagster - [34mINFO[0m - __ASSET_JOB - a4ec1cf1-454f-4137-b2cb-ee196dff1432 - championship_results -   2025 M 200: 8 finalists
[32m2026-05-31 10:13:19 -0700[0m - dagster - [34mINFO[0m - __ASSET_JOB - a4ec1cf1-454f-4137-b2cb-ee196dff1432 - championship_results -   2025 M 400: 8 finalists
[32m2026-05-31 10:13:19 -0700[0m - dagster - [34mINFO[0m - __ASSET_JOB - a4ec1cf1-454f-4137-b2cb-ee196dff1432 - championship_results -   2025 M 800: 8 finalists
[32m2026-05-31 10:13:20 -0700[0m - dagster - [34mINFO[0m - __ASSET_JOB - a4ec1cf1-454f-4137-b2cb-ee196dff1432 - championship_results -   2025 M 1500: 8 finalists
[32m2026-05-31 10:13:20 -0700[0m - dagster - [34mINFO[0m - __ASSET_JOB - a4ec1cf1-454f-4137-b2cb-ee196dff1432 - championship_results -   2025 M 5000: 8 finalists
[32m2026-05-31 10:13:20 -0700[0m - dagster - [34mINFO[0m - __ASSET_JOB - a4ec1cf1-454f-4137-b2cb-ee196dff1432 - championship_results -   2025 M 10k: 8 finalists
[32m2026-05-31 10:13:20 -0700[0m - dagster - [34mINFO[0m - __ASSET_JOB - a4ec1cf1-454f-4137-b2cb-ee196dff1432 - championship_results -   2025 M 110H: 8 finalists
[32m2026-05-31 10:13:20 -0700[0m - dagster - [34mINFO[0m - __ASSET_JOB - a4ec1cf1-454f-4137-b2cb-ee196dff1432 - championship_results -   2025 M 400H: 8 finalists
[32m2026-05-31 10:13:21 -0700[0m - dagster - [34mINFO[0m - __ASSET_JOB - a4ec1cf1-454f-4137-b2cb-ee196dff1432 - championship_results -   2025 M 3000S: 8 finalists
[32m2026-05-31 10:13:21 -0700[0m - dagster - [34mINFO[0m - __ASSET_JOB - a4ec1cf1-454f-4137-b2cb-ee196dff1432 - championship_results -   2025 M 4x100: 1 finalists
[32m2026-05-31 10:13:21 -0700[0m - dagster - [34mINFO[0m - __ASSET_JOB - a4ec1cf1-454f-4137-b2cb-ee196dff1432 - championship_results -   2025 M 4x400: 1 finalists
[32m2026-05-31 10:13:21 -0700[0m - dagster - [34mINFO[0m - __ASSET_JOB - a4ec1cf1-454f-4137-b2cb-ee196dff1432 - championship_results -   2025 M HJ: 3 finalists
[32m2026-05-31 10:13:21 -0700[0m - dagster - [34mINFO[0m - __ASSET_JOB - a4ec1cf1-454f-4137-b2cb-ee196dff1432 - championship_results -   2025 M PV: 4 finalists
[32m2026-05-31 10:13:22 -0700[0m - dagster - [34mINFO[0m - __ASSET_JOB - a4ec1cf1-454f-4137-b2cb-ee196dff1432 - championship_results -   2025 M LJ: 0 finalists
[32m2026-05-31 10:13:22 -0700[0m - dagster - [34mINFO[0m - __ASSET_JOB - a4ec1cf1-454f-4137-b2cb-ee196dff1432 - championship_results -   2025 M TJ: 0 finalists
[32m2026-05-31 10:13:22 -0700[0m - dagster - [34mINFO[0m - __ASSET_JOB - a4ec1cf1-454f-4137-b2cb-ee196dff1432 - championship_results -   2025 M SP: 8 finalists
[32m2026-05-31 10:13:22 -0700[0m - dagster - [34mINFO[0m - __ASSET_JOB - a4ec1cf1-454f-4137-b2cb-ee196dff1432 - championship_results -   2025 M DT: 8 finalists
[32m2026-05-31 10:13:22 -0700[0m - dagster - [34mINFO[0m - __ASSET_JOB - a4ec1cf1-454f-4137-b2cb-ee196dff1432 - championship_results -   2025 M HT: 8 finalists
[32m2026-05-31 10:13:23 -0700[0m - dagster - [34mINFO[0m - __ASSET_JOB - a4ec1cf1-454f-4137-b2cb-ee196dff1432 - championship_results -   2025 M JT: 8 finalists
[32m2026-05-31 10:13:23 -0700[0m - dagster - [34mINFO[0m - __ASSET_JOB - a4ec1cf1-454f-4137-b2cb-ee196dff1432 - championship_results -   2025 W 100: 8 finalists
[32m2026-05-31 10:13:23 -0700[0m - dagster - [34mINFO[0m - __ASSET_JOB - a4ec1cf1-454f-4137-b2cb-ee196dff1432 - championship_results -   2025 W 200: 8 finalists
[32m2026-05-31 10:13:23 -0700[0m - dagster - [34mINFO[0m - __ASSET_JOB - a4ec1cf1-454f-4137-b2cb-ee196dff1432 - championship_results -   2025 W 400: 8 finalists
[32m2026-05-31 10:13:23 -0700[0m - dagster - [34mINFO[0m - __ASSET_JOB - a4ec1cf1-454f-4137-b2cb-ee196dff1432 - championship_results -   2025 W 800: 8 finalists
[32m2026-05-31 10:13:24 -0700[0m - dagster - [34mINFO[0m - __ASSET_JOB - a4ec1cf1-454f-4137-b2cb-ee196dff1432 - championship_results -   2025 W 1500: 8 finalists
[32m2026-05-31 10:13:24 -0700[0m - dagster - [34mINFO[0m - __ASSET_JOB - a4ec1cf1-454f-4137-b2cb-ee196dff1432 - championship_results -   2025 W 5000: 8 finalists
[32m2026-05-31 10:13:24 -0700[0m - dagster - [34mINFO[0m - __ASSET_JOB - a4ec1cf1-454f-4137-b2cb-ee196dff1432 - championship_results -   2025 W 10k: 8 finalists
[32m2026-05-31 10:13:24 -0700[0m - dagster - [34mINFO[0m - __ASSET_JOB - a4ec1cf1-454f-4137-b2cb-ee196dff1432 - championship_results -   2025 W 100H: 6 finalists
[32m2026-05-31 10:13:24 -0700[0m - dagster - [34mINFO[0m - __ASSET_JOB - a4ec1cf1-454f-4137-b2cb-ee196dff1432 - championship_results -   2025 W 400H: 8 finalists
[32m2026-05-31 10:13:24 -0700[0m - dagster - [34mINFO[0m - __ASSET_JOB - a4ec1cf1-454f-4137-b2cb-ee196dff1432 - championship_results -   2025 W 3000S: 8 finalists
[32m2026-05-31 10:13:25 -0700[0m - dagster - [34mINFO[0m - __ASSET_JOB - a4ec1cf1-454f-4137-b2cb-ee196dff1432 - championship_results -   2025 W 4x100: 1 finalists
[32m2026-05-31 10:13:25 -0700[0m - dagster - [34mINFO[0m - __ASSET_JOB - a4ec1cf1-454f-4137-b2cb-ee196dff1432 - championship_results -   2025 W 4x400: 1 finalists
[32m2026-05-31 10:13:25 -0700[0m - dagster - [34mINFO[0m - __ASSET_JOB - a4ec1cf1-454f-4137-b2cb-ee196dff1432 - championship_results -   2025 W HJ: 8 finalists
[32m2026-05-31 10:13:25 -0700[0m - dagster - [34mINFO[0m - __ASSET_JOB - a4ec1cf1-454f-4137-b2cb-ee196dff1432 - championship_results -   2025 W PV: 5 finalists
[32m2026-05-31 10:13:25 -0700[0m - dagster - [34mINFO[0m - __ASSET_JOB - a4ec1cf1-454f-4137-b2cb-ee196dff1432 - championship_results -   2025 W LJ: 0 finalists
[32m2026-05-31 10:13:26 -0700[0m - dagster - [34mINFO[0m - __ASSET_JOB - a4ec1cf1-454f-4137-b2cb-ee196dff1432 - championship_results -   2025 W TJ: 0 finalists
[32m2026-05-31 10:13:26 -0700[0m - dagster - [34mINFO[0m - __ASSET_JOB - a4ec1cf1-454f-4137-b2cb-ee196dff1432 - championship_results -   2025 W SP: 8 finalists
[32m2026-05-31 10:13:26 -0700[0m - dagster - [34mINFO[0m - __ASSET_JOB - a4ec1cf1-454f-4137-b2cb-ee196dff1432 - championship_results -   2025 W DT: 8 finalists
[32m2026-05-31 10:13:26 -0700[0m - dagster - [34mINFO[0m - __ASSET_JOB - a4ec1cf1-454f-4137-b2cb-ee196dff1432 - championship_results -   2025 W HT: 8 finalists
[32m2026-05-31 10:13:26 -0700[0m - dagster - [34mINFO[0m - __ASSET_JOB - a4ec1cf1-454f-4137-b2cb-ee196dff1432 - championship_results -   2025 W JT: 8 finalists
[32m2026-05-31 10:13:27 -0700[0m - dagster - [34mINFO[0m - __ASSET_JOB - a4ec1cf1-454f-4137-b2cb-ee196dff1432 - championship_results - 2024: 40 events found
[32m2026-05-31 10:13:27 -0700[0m - dagster - [34mINFO[0m - __ASSET_JOB - a4ec1cf1-454f-4137-b2cb-ee196dff1432 - championship_results -   2024 M 100: 8 finalists
[32m2026-05-31 10:13:27 -0700[0m - dagster - [34mINFO[0m - __ASSET_JOB - a4ec1cf1-454f-4137-b2cb-ee196dff1432 - championship_results -   2024 M 200: 8 finalists
[32m2026-05-31 10:13:27 -0700[0m - dagster - [34mINFO[0m - __ASSET_JOB - a4ec1cf1-454f-4137-b2cb-ee196dff1432 - championship_results -   2024 M 400: 8 finalists
[32m2026-05-31 10:13:27 -0700[0m - dagster - [34mINFO[0m - __ASSET_JOB - a4ec1cf1-454f-4137-b2cb-ee196dff1432 - championship_results -   2024 M 800: 8 finalists
[32m2026-05-31 10:13:28 -0700[0m - dagster - [34mINFO[0m - __ASSET_JOB - a4ec1cf1-454f-4137-b2cb-ee196dff1432 - championship_results -   2024 M 1500: 8 finalists
[32m2026-05-31 10:13:28 -0700[0m - dagster - [34mINFO[0m - __ASSET_JOB - a4ec1cf1-454f-4137-b2cb-ee196dff1432 - championship_results -   2024 M 5000: 8 finalists
[32m2026-05-31 10:13:28 -0700[0m - dagster - [34mINFO[0m - __ASSET_JOB - a4ec1cf1-454f-4137-b2cb-ee196dff1432 - championship_results -   2024 M 10k: 8 finalists
[32m2026-05-31 10:13:28 -0700[0m - dagster - [34mINFO[0m - __ASSET_JOB - a4ec1cf1-454f-4137-b2cb-ee196dff1432 - championship_results -   2024 M 110H: 8 finalists
[32m2026-05-31 10:13:28 -0700[0m - dagster - [34mINFO[0m - __ASSET_JOB - a4ec1cf1-454f-4137-b2cb-ee196dff1432 - championship_results -   2024 M 400H: 8 finalists
[32m2026-05-31 10:13:28 -0700[0m - dagster - [34mINFO[0m - __ASSET_JOB - a4ec1cf1-454f-4137-b2cb-ee196dff1432 - championship_results -   2024 M 3000S: 8 finalists
[32m2026-05-31 10:13:29 -0700[0m - dagster - [34mINFO[0m - __ASSET_JOB - a4ec1cf1-454f-4137-b2cb-ee196dff1432 - championship_results -   2024 M 4x100: 1 finalists
[32m2026-05-31 10:13:29 -0700[0m - dagster - [34mINFO[0m - __ASSET_JOB - a4ec1cf1-454f-4137-b2cb-ee196dff1432 - championship_results -   2024 M 4x400: 1 finalists
[32m2026-05-31 10:13:29 -0700[0m - dagster - [34mINFO[0m - __ASSET_JOB - a4ec1cf1-454f-4137-b2cb-ee196dff1432 - championship_results -   2024 M HJ: 8 finalists
[32m2026-05-31 10:13:29 -0700[0m - dagster - [34mINFO[0m - __ASSET_JOB - a4ec1cf1-454f-4137-b2cb-ee196dff1432 - championship_results -   2024 M PV: 3 finalists
[32m2026-05-31 10:13:29 -0700[0m - dagster - [34mINFO[0m - __ASSET_JOB - a4ec1cf1-454f-4137-b2cb-ee196dff1432 - championship_results -   2024 M LJ: 0 finalists
[32m2026-05-31 10:13:30 -0700[0m - dagster - [34mINFO[0m - __ASSET_JOB - a4ec1cf1-454f-4137-b2cb-ee196dff1432 - championship_results -   2024 M TJ: 0 finalists
[32m2026-05-31 10:13:30 -0700[0m - dagster - [34mINFO[0m - __ASSET_JOB - a4ec1cf1-454f-4137-b2cb-ee196dff1432 - championship_results -   2024 M SP: 8 finalists
[32m2026-05-31 10:13:30 -0700[0m - dagster - [34mINFO[0m - __ASSET_JOB - a4ec1cf1-454f-4137-b2cb-ee196dff1432 - championship_results -   2024 M DT: 8 finalists
[32m2026-05-31 10:13:30 -0700[0m - dagster - [34mINFO[0m - __ASSET_JOB - a4ec1cf1-454f-4137-b2cb-ee196dff1432 - championship_results -   2024 M HT: 8 finalists
[32m2026-05-31 10:13:30 -0700[0m - dagster - [34mINFO[0m - __ASSET_JOB - a4ec1cf1-454f-4137-b2cb-ee196dff1432 - championship_results -   2024 M JT: 8 finalists
[32m2026-05-31 10:13:31 -0700[0m - dagster - [34mINFO[0m - __ASSET_JOB - a4ec1cf1-454f-4137-b2cb-ee196dff1432 - championship_results -   2024 W 100: 0 finalists
[32m2026-05-31 10:13:31 -0700[0m - dagster - [34mINFO[0m - __ASSET_JOB - a4ec1cf1-454f-4137-b2cb-ee196dff1432 - championship_results -   2024 W 200: 8 finalists
[32m2026-05-31 10:13:31 -0700[0m - dagster - [34mINFO[0m - __ASSET_JOB - a4ec1cf1-454f-4137-b2cb-ee196dff1432 - championship_results -   2024 W 400: 8 finalists
[32m2026-05-31 10:13:31 -0700[0m - dagster - [34mINFO[0m - __ASSET_JOB - a4ec1cf1-454f-4137-b2cb-ee196dff1432 - championship_results -   2024 W 800: 8 finalists
[32m2026-05-31 10:13:31 -0700[0m - dagster - [34mINFO[0m - __ASSET_JOB - a4ec1cf1-454f-4137-b2cb-ee196dff1432 - championship_results -   2024 W 1500: 8 finalists
[32m2026-05-31 10:13:32 -0700[0m - dagster - [34mINFO[0m - __ASSET_JOB - a4ec1cf1-454f-4137-b2cb-ee196dff1432 - championship_results -   2024 W 5000: 8 finalists
[32m2026-05-31 10:13:32 -0700[0m - dagster - [34mINFO[0m - __ASSET_JOB - a4ec1cf1-454f-4137-b2cb-ee196dff1432 - championship_results -   2024 W 10k: 8 finalists
[32m2026-05-31 10:13:32 -0700[0m - dagster - [34mINFO[0m - __ASSET_JOB - a4ec1cf1-454f-4137-b2cb-ee196dff1432 - championship_results -   2024 W 100H: 8 finalists
[32m2026-05-31 10:13:32 -0700[0m - dagster - [34mINFO[0m - __ASSET_JOB - a4ec1cf1-454f-4137-b2cb-ee196dff1432 - championship_results -   2024 W 400H: 8 finalists
[32m2026-05-31 10:13:32 -0700[0m - dagster - [34mINFO[0m - __ASSET_JOB - a4ec1cf1-454f-4137-b2cb-ee196dff1432 - championship_results -   2024 W 3000S: 8 finalists
[32m2026-05-31 10:13:33 -0700[0m - dagster - [34mINFO[0m - __ASSET_JOB - a4ec1cf1-454f-4137-b2cb-ee196dff1432 - championship_results -   2024 W 4x100: 1 finalists
[32m2026-05-31 10:13:33 -0700[0m - dagster - [34mINFO[0m - __ASSET_JOB - a4ec1cf1-454f-4137-b2cb-ee196dff1432 - championship_results -   2024 W 4x400: 1 finalists
[32m2026-05-31 10:13:33 -0700[0m - dagster - [34mINFO[0m - __ASSET_JOB - a4ec1cf1-454f-4137-b2cb-ee196dff1432 - championship_results -   2024 W HJ: 2 finalists
[32m2026-05-31 10:13:33 -0700[0m - dagster - [34mINFO[0m - __ASSET_JOB - a4ec1cf1-454f-4137-b2cb-ee196dff1432 - championship_results -   2024 W PV: 5 finalists
[32m2026-05-31 10:13:33 -0700[0m - dagster - [34mINFO[0m - __ASSET_JOB - a4ec1cf1-454f-4137-b2cb-ee196dff1432 - championship_results -   2024 W LJ: 0 finalists
[32m2026-05-31 10:13:34 -0700[0m - dagster - [34mINFO[0m - __ASSET_JOB - a4ec1cf1-454f-4137-b2cb-ee196dff1432 - championship_results -   2024 W TJ: 0 finalists
[32m2026-05-31 10:13:34 -0700[0m - dagster - [34mINFO[0m - __ASSET_JOB - a4ec1cf1-454f-4137-b2cb-ee196dff1432 - championship_results -   2024 W SP: 8 finalists
[32m2026-05-31 10:13:34 -0700[0m - dagster - [34mINFO[0m - __ASSET_JOB - a4ec1cf1-454f-4137-b2cb-ee196dff1432 - championship_results -   2024 W DT: 8 finalists
[32m2026-05-31 10:13:34 -0700[0m - dagster - [34mINFO[0m - __ASSET_JOB - a4ec1cf1-454f-4137-b2cb-ee196dff1432 - championship_results -   2024 W HT: 8 finalists
[32m2026-05-31 10:13:34 -0700[0m - dagster - [34mINFO[0m - __ASSET_JOB - a4ec1cf1-454f-4137-b2cb-ee196dff1432 - championship_results -   2024 W JT: 8 finalists
[32m2026-05-31 10:13:35 -0700[0m - dagster - [34mINFO[0m - __ASSET_JOB - a4ec1cf1-454f-4137-b2cb-ee196dff1432 - championship_results - 2023: 40 events found
[32m2026-05-31 10:13:35 -0700[0m - dagster - [34mINFO[0m - __ASSET_JOB - a4ec1cf1-454f-4137-b2cb-ee196dff1432 - championship_results -   2023 M 100: 8 finalists
[32m2026-05-31 10:13:35 -0700[0m - dagster - [34mINFO[0m - __ASSET_JOB - a4ec1cf1-454f-4137-b2cb-ee196dff1432 - championship_results -   2023 M 200: 8 finalists
[32m2026-05-31 10:13:35 -0700[0m - dagster - [34mINFO[0m - __ASSET_JOB - a4ec1cf1-454f-4137-b2cb-ee196dff1432 - championship_results -   2023 M 400: 8 finalists
[32m2026-05-31 10:13:35 -0700[0m - dagster - [34mINFO[0m - __ASSET_JOB - a4ec1cf1-454f-4137-b2cb-ee196dff1432 - championship_results -   2023 M 800: 8 finalists
[32m2026-05-31 10:13:36 -0700[0m - dagster - [34mINFO[0m - __ASSET_JOB - a4ec1cf1-454f-4137-b2cb-ee196dff1432 - championship_results -   2023 M 1500: 8 finalists
[32m2026-05-31 10:13:36 -0700[0m - dagster - [34mINFO[0m - __ASSET_JOB - a4ec1cf1-454f-4137-b2cb-ee196dff1432 - championship_results -   2023 M 5000: 8 finalists
[32m2026-05-31 10:13:36 -0700[0m - dagster - [34mINFO[0m - __ASSET_JOB - a4ec1cf1-454f-4137-b2cb-ee196dff1432 - championship_results -   2023 M 10k: 8 finalists
[32m2026-05-31 10:13:36 -0700[0m - dagster - [34mINFO[0m - __ASSET_JOB - a4ec1cf1-454f-4137-b2cb-ee196dff1432 - championship_results -   2023 M 110H: 8 finalists
[32m2026-05-31 10:13:36 -0700[0m - dagster - [34mINFO[0m - __ASSET_JOB - a4ec1cf1-454f-4137-b2cb-ee196dff1432 - championship_results -   2023 M 400H: 8 finalists
[32m2026-05-31 10:13:37 -0700[0m - dagster - [34mINFO[0m - __ASSET_JOB - a4ec1cf1-454f-4137-b2cb-ee196dff1432 - championship_results -   2023 M 3000S: 8 finalists
[32m2026-05-31 10:13:37 -0700[0m - dagster - [34mINFO[0m - __ASSET_JOB - a4ec1cf1-454f-4137-b2cb-ee196dff1432 - championship_results -   2023 M 4x100: 1 finalists
[32m2026-05-31 10:13:37 -0700[0m - dagster - [34mINFO[0m - __ASSET_JOB - a4ec1cf1-454f-4137-b2cb-ee196dff1432 - championship_results -   2023 M 4x400: 1 finalists
[32m2026-05-31 10:13:37 -0700[0m - dagster - [34mINFO[0m - __ASSET_JOB - a4ec1cf1-454f-4137-b2cb-ee196dff1432 - championship_results -   2023 M HJ: 8 finalists
[32m2026-05-31 10:13:37 -0700[0m - dagster - [34mINFO[0m - __ASSET_JOB - a4ec1cf1-454f-4137-b2cb-ee196dff1432 - championship_results -   2023 M PV: 3 finalists
[32m2026-05-31 10:13:38 -0700[0m - dagster - [34mINFO[0m - __ASSET_JOB - a4ec1cf1-454f-4137-b2cb-ee196dff1432 - championship_results -   2023 M LJ: 0 finalists
[32m2026-05-31 10:13:38 -0700[0m - dagster - [34mINFO[0m - __ASSET_JOB - a4ec1cf1-454f-4137-b2cb-ee196dff1432 - championship_results -   2023 M TJ: 0 finalists
[32m2026-05-31 10:13:38 -0700[0m - dagster - [34mINFO[0m - __ASSET_JOB - a4ec1cf1-454f-4137-b2cb-ee196dff1432 - championship_results -   2023 M SP: 8 finalists
[32m2026-05-31 10:13:38 -0700[0m - dagster - [34mINFO[0m - __ASSET_JOB - a4ec1cf1-454f-4137-b2cb-ee196dff1432 - championship_results -   2023 M DT: 8 finalists
[32m2026-05-31 10:13:38 -0700[0m - dagster - [34mINFO[0m - __ASSET_JOB - a4ec1cf1-454f-4137-b2cb-ee196dff1432 - championship_results -   2023 M HT: 8 finalists
[32m2026-05-31 10:13:39 -0700[0m - dagster - [34mINFO[0m - __ASSET_JOB - a4ec1cf1-454f-4137-b2cb-ee196dff1432 - championship_results -   2023 M JT: 8 finalists
[32m2026-05-31 10:13:39 -0700[0m - dagster - [34mINFO[0m - __ASSET_JOB - a4ec1cf1-454f-4137-b2cb-ee196dff1432 - championship_results -   2023 W 100: 8 finalists
[32m2026-05-31 10:13:39 -0700[0m - dagster - [34mINFO[0m - __ASSET_JOB - a4ec1cf1-454f-4137-b2cb-ee196dff1432 - championship_results -   2023 W 200: 8 finalists
[32m2026-05-31 10:13:39 -0700[0m - dagster - [34mINFO[0m - __ASSET_JOB - a4ec1cf1-454f-4137-b2cb-ee196dff1432 - championship_results -   2023 W 400: 8 finalists
[32m2026-05-31 10:13:39 -0700[0m - dagster - [34mINFO[0m - __ASSET_JOB - a4ec1cf1-454f-4137-b2cb-ee196dff1432 - championship_results -   2023 W 800: 8 finalists
[32m2026-05-31 10:13:39 -0700[0m - dagster - [34mINFO[0m - __ASSET_JOB - a4ec1cf1-454f-4137-b2cb-ee196dff1432 - championship_results -   2023 W 1500: 8 finalists
[32m2026-05-31 10:13:40 -0700[0m - dagster - [34mINFO[0m - __ASSET_JOB - a4ec1cf1-454f-4137-b2cb-ee196dff1432 - championship_results -   2023 W 5000: 8 finalists
[32m2026-05-31 10:13:40 -0700[0m - dagster - [34mINFO[0m - __ASSET_JOB - a4ec1cf1-454f-4137-b2cb-ee196dff1432 - championship_results -   2023 W 10k: 8 finalists
[32m2026-05-31 10:13:40 -0700[0m - dagster - [34mINFO[0m - __ASSET_JOB - a4ec1cf1-454f-4137-b2cb-ee196dff1432 - championship_results -   2023 W 100H: 8 finalists
[32m2026-05-31 10:13:40 -0700[0m - dagster - [34mINFO[0m - __ASSET_JOB - a4ec1cf1-454f-4137-b2cb-ee196dff1432 - championship_results -   2023 W 400H: 8 finalists
[32m2026-05-31 10:13:40 -0700[0m - dagster - [34mINFO[0m - __ASSET_JOB - a4ec1cf1-454f-4137-b2cb-ee196dff1432 - championship_results -   2023 W 3000S: 8 finalists
[32m2026-05-31 10:13:41 -0700[0m - dagster - [34mINFO[0m - __ASSET_JOB - a4ec1cf1-454f-4137-b2cb-ee196dff1432 - championship_results -   2023 W 4x100: 1 finalists
[32m2026-05-31 10:13:41 -0700[0m - dagster - [34mINFO[0m - __ASSET_JOB - a4ec1cf1-454f-4137-b2cb-ee196dff1432 - championship_results -   2023 W 4x400: 1 finalists
[32m2026-05-31 10:13:41 -0700[0m - dagster - [34mINFO[0m - __ASSET_JOB - a4ec1cf1-454f-4137-b2cb-ee196dff1432 - championship_results -   2023 W HJ: 6 finalists
[32m2026-05-31 10:13:41 -0700[0m - dagster - [34mINFO[0m - __ASSET_JOB - a4ec1cf1-454f-4137-b2cb-ee196dff1432 - championship_results -   2023 W PV: 6 finalists
[32m2026-05-31 10:13:41 -0700[0m - dagster - [34mINFO[0m - __ASSET_JOB - a4ec1cf1-454f-4137-b2cb-ee196dff1432 - championship_results -   2023 W LJ: 0 finalists
[32m2026-05-31 10:13:42 -0700[0m - dagster - [34mINFO[0m - __ASSET_JOB - a4ec1cf1-454f-4137-b2cb-ee196dff1432 - championship_results -   2023 W TJ: 0 finalists
[32m2026-05-31 10:13:42 -0700[0m - dagster - [34mINFO[0m - __ASSET_JOB - a4ec1cf1-454f-4137-b2cb-ee196dff1432 - championship_results -   2023 W SP: 8 finalists
[32m2026-05-31 10:13:42 -0700[0m - dagster - [34mINFO[0m - __ASSET_JOB - a4ec1cf1-454f-4137-b2cb-ee196dff1432 - championship_results -   2023 W DT: 8 finalists
[32m2026-05-31 10:13:42 -0700[0m - dagster - [34mINFO[0m - __ASSET_JOB - a4ec1cf1-454f-4137-b2cb-ee196dff1432 - championship_results -   2023 W HT: 8 finalists
[32m2026-05-31 10:13:42 -0700[0m - dagster - [34mINFO[0m - __ASSET_JOB - a4ec1cf1-454f-4137-b2cb-ee196dff1432 - championship_results -   2023 W JT: 8 finalists
[32m2026-05-31 10:13:42 -0700[0m - dagster - [34mINFO[0m - __ASSET_JOB - a4ec1cf1-454f-4137-b2cb-ee196dff1432 - championship_results - 2022: 40 events found
[32m2026-05-31 10:13:43 -0700[0m - dagster - [34mINFO[0m - __ASSET_JOB - a4ec1cf1-454f-4137-b2cb-ee196dff1432 - championship_results -   2022 M 100: 8 finalists
[32m2026-05-31 10:13:43 -0700[0m - dagster - [34mINFO[0m - __ASSET_JOB - a4ec1cf1-454f-4137-b2cb-ee196dff1432 - championship_results -   2022 M 200: 8 finalists
[32m2026-05-31 10:13:43 -0700[0m - dagster - [34mINFO[0m - __ASSET_JOB - a4ec1cf1-454f-4137-b2cb-ee196dff1432 - championship_results -   2022 M 400: 8 finalists
[32m2026-05-31 10:13:43 -0700[0m - dagster - [34mINFO[0m - __ASSET_JOB - a4ec1cf1-454f-4137-b2cb-ee196dff1432 - championship_results -   2022 M 800: 8 finalists
[32m2026-05-31 10:13:43 -0700[0m - dagster - [34mINFO[0m - __ASSET_JOB - a4ec1cf1-454f-4137-b2cb-ee196dff1432 - championship_results -   2022 M 1500: 8 finalists
[32m2026-05-31 10:13:44 -0700[0m - dagster - [34mINFO[0m - __ASSET_JOB - a4ec1cf1-454f-4137-b2cb-ee196dff1432 - championship_results -   2022 M 5000: 8 finalists
[32m2026-05-31 10:13:44 -0700[0m - dagster - [34mINFO[0m - __ASSET_JOB - a4ec1cf1-454f-4137-b2cb-ee196dff1432 - championship_results -   2022 M 10k: 8 finalists
[32m2026-05-31 10:13:44 -0700[0m - dagster - [34mINFO[0m - __ASSET_JOB - a4ec1cf1-454f-4137-b2cb-ee196dff1432 - championship_results -   2022 M 110H: 8 finalists
[32m2026-05-31 10:13:44 -0700[0m - dagster - [34mINFO[0m - __ASSET_JOB - a4ec1cf1-454f-4137-b2cb-ee196dff1432 - championship_results -   2022 M 400H: 8 finalists
[32m2026-05-31 10:13:44 -0700[0m - dagster - [34mINFO[0m - __ASSET_JOB - a4ec1cf1-454f-4137-b2cb-ee196dff1432 - championship_results -   2022 M 3000S: 8 finalists
[32m2026-05-31 10:13:45 -0700[0m - dagster - [34mINFO[0m - __ASSET_JOB - a4ec1cf1-454f-4137-b2cb-ee196dff1432 - championship_results -   2022 M 4x100: 1 finalists
[32m2026-05-31 10:13:45 -0700[0m - dagster - [34mINFO[0m - __ASSET_JOB - a4ec1cf1-454f-4137-b2cb-ee196dff1432 - championship_results -   2022 M 4x400: 1 finalists
[32m2026-05-31 10:13:45 -0700[0m - dagster - [34mINFO[0m - __ASSET_JOB - a4ec1cf1-454f-4137-b2cb-ee196dff1432 - championship_results -   2022 M HJ: 8 finalists
[32m2026-05-31 10:13:45 -0700[0m - dagster - [34mINFO[0m - __ASSET_JOB - a4ec1cf1-454f-4137-b2cb-ee196dff1432 - championship_results -   2022 M PV: 8 finalists
[32m2026-05-31 10:13:45 -0700[0m - dagster - [34mINFO[0m - __ASSET_JOB - a4ec1cf1-454f-4137-b2cb-ee196dff1432 - championship_results -   2022 M LJ: 0 finalists
[32m2026-05-31 10:13:46 -0700[0m - dagster - [34mINFO[0m - __ASSET_JOB - a4ec1cf1-454f-4137-b2cb-ee196dff1432 - championship_results -   2022 M TJ: 0 finalists
[32m2026-05-31 10:13:46 -0700[0m - dagster - [34mINFO[0m - __ASSET_JOB - a4ec1cf1-454f-4137-b2cb-ee196dff1432 - championship_results -   2022 M SP: 8 finalists
[32m2026-05-31 10:13:46 -0700[0m - dagster - [34mINFO[0m - __ASSET_JOB - a4ec1cf1-454f-4137-b2cb-ee196dff1432 - championship_results -   2022 M DT: 8 finalists
[32m2026-05-31 10:13:46 -0700[0m - dagster - [34mINFO[0m - __ASSET_JOB - a4ec1cf1-454f-4137-b2cb-ee196dff1432 - championship_results -   2022 M HT: 8 finalists
[32m2026-05-31 10:13:46 -0700[0m - dagster - [34mINFO[0m - __ASSET_JOB - a4ec1cf1-454f-4137-b2cb-ee196dff1432 - championship_results -   2022 M JT: 8 finalists
[32m2026-05-31 10:13:47 -0700[0m - dagster - [34mINFO[0m - __ASSET_JOB - a4ec1cf1-454f-4137-b2cb-ee196dff1432 - championship_results -   2022 W 100: 8 finalists
[32m2026-05-31 10:13:47 -0700[0m - dagster - [34mINFO[0m - __ASSET_JOB - a4ec1cf1-454f-4137-b2cb-ee196dff1432 - championship_results -   2022 W 200: 8 finalists
[32m2026-05-31 10:13:47 -0700[0m - dagster - [34mINFO[0m - __ASSET_JOB - a4ec1cf1-454f-4137-b2cb-ee196dff1432 - championship_results -   2022 W 400: 8 finalists
[32m2026-05-31 10:13:47 -0700[0m - dagster - [34mINFO[0m - __ASSET_JOB - a4ec1cf1-454f-4137-b2cb-ee196dff1432 - championship_results -   2022 W 800: 8 finalists
[32m2026-05-31 10:13:47 -0700[0m - dagster - [34mINFO[0m - __ASSET_JOB - a4ec1cf1-454f-4137-b2cb-ee196dff1432 - championship_results -   2022 W 1500: 8 finalists
[32m2026-05-31 10:13:48 -0700[0m - dagster - [34mINFO[0m - __ASSET_JOB - a4ec1cf1-454f-4137-b2cb-ee196dff1432 - championship_results -   2022 W 5000: 8 finalists
[32m2026-05-31 10:13:48 -0700[0m - dagster - [34mINFO[0m - __ASSET_JOB - a4ec1cf1-454f-4137-b2cb-ee196dff1432 - championship_results -   2022 W 10k: 8 finalists
[32m2026-05-31 10:13:48 -0700[0m - dagster - [34mINFO[0m - __ASSET_JOB - a4ec1cf1-454f-4137-b2cb-ee196dff1432 - championship_results -   2022 W 100H: 8 finalists
[32m2026-05-31 10:13:48 -0700[0m - dagster - [34mINFO[0m - __ASSET_JOB - a4ec1cf1-454f-4137-b2cb-ee196dff1432 - championship_results -   2022 W 400H: 8 finalists
[32m2026-05-31 10:13:49 -0700[0m - dagster - [34mINFO[0m - __ASSET_JOB - a4ec1cf1-454f-4137-b2cb-ee196dff1432 - championship_results -   2022 W 3000S: 8 finalists
[32m2026-05-31 10:13:49 -0700[0m - dagster - [34mINFO[0m - __ASSET_JOB - a4ec1cf1-454f-4137-b2cb-ee196dff1432 - championship_results -   2022 W 4x100: 1 finalists
[32m2026-05-31 10:13:49 -0700[0m - dagster - [34mINFO[0m - __ASSET_JOB - a4ec1cf1-454f-4137-b2cb-ee196dff1432 - championship_results -   2022 W 4x400: 1 finalists
[32m2026-05-31 10:13:49 -0700[0m - dagster - [34mINFO[0m - __ASSET_JOB - a4ec1cf1-454f-4137-b2cb-ee196dff1432 - championship_results -   2022 W HJ: 8 finalists
[32m2026-05-31 10:13:49 -0700[0m - dagster - [34mINFO[0m - __ASSET_JOB - a4ec1cf1-454f-4137-b2cb-ee196dff1432 - championship_results -   2022 W PV: 8 finalists
[32m2026-05-31 10:13:49 -0700[0m - dagster - [34mINFO[0m - __ASSET_JOB - a4ec1cf1-454f-4137-b2cb-ee196dff1432 - championship_results -   2022 W LJ: 0 finalists
[32m2026-05-31 10:13:50 -0700[0m - dagster - [34mINFO[0m - __ASSET_JOB - a4ec1cf1-454f-4137-b2cb-ee196dff1432 - championship_results -   2022 W TJ: 0 finalists
[32m2026-05-31 10:13:50 -0700[0m - dagster - [34mINFO[0m - __ASSET_JOB - a4ec1cf1-454f-4137-b2cb-ee196dff1432 - championship_results -   2022 W SP: 8 finalists
[32m2026-05-31 10:13:50 -0700[0m - dagster - [34mINFO[0m - __ASSET_JOB - a4ec1cf1-454f-4137-b2cb-ee196dff1432 - championship_results -   2022 W DT: 8 finalists
[32m2026-05-31 10:13:50 -0700[0m - dagster - [34mINFO[0m - __ASSET_JOB - a4ec1cf1-454f-4137-b2cb-ee196dff1432 - championship_results -   2022 W HT: 8 finalists
[32m2026-05-31 10:13:50 -0700[0m - dagster - [34mINFO[0m - __ASSET_JOB - a4ec1cf1-454f-4137-b2cb-ee196dff1432 - championship_results -   2022 W JT: 8 finalists
[32m2026-05-31 10:13:50 -0700[0m - dagster - [34mINFO[0m - __ASSET_JOB - a4ec1cf1-454f-4137-b2cb-ee196dff1432 - championship_results - Saved 995 rows → data/training/championship_results.csv
[32m2026-05-31 10:13:50 -0700[0m - dagster - [34mDEBUG[0m - __ASSET_JOB - a4ec1cf1-454f-4137-b2cb-ee196dff1432 - 92520 - championship_results - STEP_OUTPUT - Yielded output "result" of type "DataFrame". (Type check passed).
[32m2026-05-31 10:13:50 -0700[0m - dagster - [34mDEBUG[0m - __ASSET_JOB - a4ec1cf1-454f-4137-b2cb-ee196dff1432 - championship_results - Writing file at: /Users/katelynvuong/Desktop/2026-ncaa-tf-predictions/.tmp_dagster_home_17skikmc/storage/championship_results using PickledObjectFilesystemIOManager...
[32m2026-05-31 10:13:50 -0700[0m - dagster - [34mDEBUG[0m - __ASSET_JOB - a4ec1cf1-454f-4137-b2cb-ee196dff1432 - 92520 - championship_results - ASSET_MATERIALIZATION - Materialized value championship_results.
[32m2026-05-31 10:13:50 -0700[0m - dagster - [34mDEBUG[0m - __ASSET_JOB - a4ec1cf1-454f-4137-b2cb-ee196dff1432 - 92520 - championship_results - HANDLED_OUTPUT - Handled output "result" using IO manager "io_manager"
[32m2026-05-31 10:13:50 -0700[0m - dagster - [34mDEBUG[0m - __ASSET_JOB - a4ec1cf1-454f-4137-b2cb-ee196dff1432 - 92520 - championship_results - STEP_SUCCESS - Finished execution of step "championship_results" in 32.09s.
