[32m2026-06-01 17:14:07 -0700[0m - dagster - [34mDEBUG[0m - __ASSET_JOB - 3920a63a-c3c3-48a0-8543-6dc9671ae6b2 - 60948 - LOGS_CAPTURED - Started capturing logs in process (pid: 60948).
[32m2026-06-01 17:14:07 -0700[0m - dagster - [34mDEBUG[0m - __ASSET_JOB - 3920a63a-c3c3-48a0-8543-6dc9671ae6b2 - 60948 - predictions - STEP_START - Started execution of step "predictions".
[32m2026-06-01 17:14:08 -0700[0m - dagster - [34mINFO[0m - __ASSET_JOB - 3920a63a-c3c3-48a0-8543-6dc9671ae6b2 - predictions - ── 2025 holdout validation ──
[32m2026-06-01 17:14:08 -0700[0m - dagster - [34mINFO[0m - __ASSET_JOB - 3920a63a-c3c3-48a0-8543-6dc9671ae6b2 - predictions -   MAE:                1.367 places
[32m2026-06-01 17:14:08 -0700[0m - dagster - [34mINFO[0m - __ASSET_JOB - 3920a63a-c3c3-48a0-8543-6dc9671ae6b2 - predictions -   RMSE:               1.679 places
[32m2026-06-01 17:14:08 -0700[0m - dagster - [34mINFO[0m - __ASSET_JOB - 3920a63a-c3c3-48a0-8543-6dc9671ae6b2 - predictions -   Spearman (avg):     0.702
[32m2026-06-01 17:14:08 -0700[0m - dagster - [34mINFO[0m - __ASSET_JOB - 3920a63a-c3c3-48a0-8543-6dc9671ae6b2 - predictions -   Top-1 accuracy:     22/36 (61.1%)
[32m2026-06-01 17:14:08 -0700[0m - dagster - [34mINFO[0m - __ASSET_JOB - 3920a63a-c3c3-48a0-8543-6dc9671ae6b2 - predictions -   Top-3 hit rate:     79/108 (73.1%)
[32m2026-06-01 17:14:08 -0700[0m - dagster - [34mINFO[0m - __ASSET_JOB - 3920a63a-c3c3-48a0-8543-6dc9671ae6b2 - predictions -   Team scoring MAE:   2.28 pts
[32m2026-06-01 17:14:08 -0700[0m - dagster - [34mINFO[0m - __ASSET_JOB - 3920a63a-c3c3-48a0-8543-6dc9671ae6b2 - predictions - Final model trained on 1107 rows (4 years)
[32m2026-06-01 17:14:08 -0700[0m - dagster - [34mINFO[0m - __ASSET_JOB - 3920a63a-c3c3-48a0-8543-6dc9671ae6b2 - predictions - Feature importances:
[32m2026-06-01 17:14:08 -0700[0m - dagster - [34mINFO[0m - __ASSET_JOB - 3920a63a-c3c3-48a0-8543-6dc9671ae6b2 - predictions -   avg_place                     : 0.3601
[32m2026-06-01 17:14:08 -0700[0m - dagster - [34mINFO[0m - __ASSET_JOB - 3920a63a-c3c3-48a0-8543-6dc9671ae6b2 - predictions -   conf_champ_place              : 0.1910
[32m2026-06-01 17:14:08 -0700[0m - dagster - [34mINFO[0m - __ASSET_JOB - 3920a63a-c3c3-48a0-8543-6dc9671ae6b2 - predictions -   conf_champ_place_any_event    : 0.1203
[32m2026-06-01 17:14:08 -0700[0m - dagster - [34mINFO[0m - __ASSET_JOB - 3920a63a-c3c3-48a0-8543-6dc9671ae6b2 - predictions -   cross_event_avg_place         : 0.0956
[32m2026-06-01 17:14:08 -0700[0m - dagster - [34mINFO[0m - __ASSET_JOB - 3920a63a-c3c3-48a0-8543-6dc9671ae6b2 - predictions -   pr                            : 0.0820
[32m2026-06-01 17:14:08 -0700[0m - dagster - [34mINFO[0m - __ASSET_JOB - 3920a63a-c3c3-48a0-8543-6dc9671ae6b2 - predictions -   season_best                   : 0.0796
[32m2026-06-01 17:14:08 -0700[0m - dagster - [34mINFO[0m - __ASSET_JOB - 3920a63a-c3c3-48a0-8543-6dc9671ae6b2 - predictions -   season_avg                    : 0.0714
[32m2026-06-01 17:14:08 -0700[0m - dagster - [34mINFO[0m - __ASSET_JOB - 3920a63a-c3c3-48a0-8543-6dc9671ae6b2 - predictions - Saved 860 predictions → data/predictions/predictions.csv
[32m2026-06-01 17:14:08 -0700[0m - dagster - [34mINFO[0m - __ASSET_JOB - 3920a63a-c3c3-48a0-8543-6dc9671ae6b2 - predictions - ── Top 3 Men ──
[32m2026-06-01 17:14:08 -0700[0m - dagster - [34mINFO[0m - __ASSET_JOB - 3920a63a-c3c3-48a0-8543-6dc9671ae6b2 - predictions -   1. Oregon — 47 pts
[32m2026-06-01 17:14:08 -0700[0m - dagster - [34mINFO[0m - __ASSET_JOB - 3920a63a-c3c3-48a0-8543-6dc9671ae6b2 - predictions -   2. Arkansas — 27 pts
[32m2026-06-01 17:14:08 -0700[0m - dagster - [34mINFO[0m - __ASSET_JOB - 3920a63a-c3c3-48a0-8543-6dc9671ae6b2 - predictions -   3. Auburn — 25 pts
[32m2026-06-01 17:14:08 -0700[0m - dagster - [34mINFO[0m - __ASSET_JOB - 3920a63a-c3c3-48a0-8543-6dc9671ae6b2 - predictions - ── Top 3 Women ──
[32m2026-06-01 17:14:08 -0700[0m - dagster - [34mINFO[0m - __ASSET_JOB - 3920a63a-c3c3-48a0-8543-6dc9671ae6b2 - predictions -   1. South Carolina — 31 pts
[32m2026-06-01 17:14:08 -0700[0m - dagster - [34mINFO[0m - __ASSET_JOB - 3920a63a-c3c3-48a0-8543-6dc9671ae6b2 - predictions -   2. Florida — 29 pts
[32m2026-06-01 17:14:08 -0700[0m - dagster - [34mINFO[0m - __ASSET_JOB - 3920a63a-c3c3-48a0-8543-6dc9671ae6b2 - predictions -   3. BYU — 28 pts
[32m2026-06-01 17:14:08 -0700[0m - dagster - [34mDEBUG[0m - __ASSET_JOB - 3920a63a-c3c3-48a0-8543-6dc9671ae6b2 - 60948 - predictions - STEP_OUTPUT - Yielded output "result" of type "DataFrame". (Type check passed).
[32m2026-06-01 17:14:08 -0700[0m - dagster - [34mDEBUG[0m - __ASSET_JOB - 3920a63a-c3c3-48a0-8543-6dc9671ae6b2 - predictions - Writing file at: /Users/katelynvuong/Desktop/2026-ncaa-tf-predictions/.tmp_dagster_home_17skikmc/storage/predictions using PickledObjectFilesystemIOManager...
[32m2026-06-01 17:14:08 -0700[0m - dagster - [34mDEBUG[0m - __ASSET_JOB - 3920a63a-c3c3-48a0-8543-6dc9671ae6b2 - 60948 - predictions - ASSET_MATERIALIZATION - Materialized value predictions.
[32m2026-06-01 17:14:08 -0700[0m - dagster - [34mDEBUG[0m - __ASSET_JOB - 3920a63a-c3c3-48a0-8543-6dc9671ae6b2 - 60948 - predictions - HANDLED_OUTPUT - Handled output "result" using IO manager "io_manager"
[32m2026-06-01 17:14:08 -0700[0m - dagster - [34mDEBUG[0m - __ASSET_JOB - 3920a63a-c3c3-48a0-8543-6dc9671ae6b2 - 60948 - predictions - STEP_SUCCESS - Finished execution of step "predictions" in 640ms.
