[32m2026-06-01 20:17:14 -0700[0m - dagster - [34mDEBUG[0m - __ASSET_JOB - f8c23cb3-d232-46d2-86f1-e11487f15173 - 77425 - LOGS_CAPTURED - Started capturing logs in process (pid: 77425).
[32m2026-06-01 20:17:14 -0700[0m - dagster - [34mDEBUG[0m - __ASSET_JOB - f8c23cb3-d232-46d2-86f1-e11487f15173 - 77425 - predictions - STEP_START - Started execution of step "predictions".
[32m2026-06-01 20:17:14 -0700[0m - dagster - [34mINFO[0m - __ASSET_JOB - f8c23cb3-d232-46d2-86f1-e11487f15173 - predictions - ── 2025 holdout validation ──
[32m2026-06-01 20:17:14 -0700[0m - dagster - [34mINFO[0m - __ASSET_JOB - f8c23cb3-d232-46d2-86f1-e11487f15173 - predictions -   MAE:                1.372 places
[32m2026-06-01 20:17:14 -0700[0m - dagster - [34mINFO[0m - __ASSET_JOB - f8c23cb3-d232-46d2-86f1-e11487f15173 - predictions -   RMSE:               1.723 places
[32m2026-06-01 20:17:14 -0700[0m - dagster - [34mINFO[0m - __ASSET_JOB - f8c23cb3-d232-46d2-86f1-e11487f15173 - predictions -   Spearman (avg):     0.648
[32m2026-06-01 20:17:14 -0700[0m - dagster - [34mINFO[0m - __ASSET_JOB - f8c23cb3-d232-46d2-86f1-e11487f15173 - predictions -   Top-1 accuracy:     25/40 (62.5%)
[32m2026-06-01 20:17:14 -0700[0m - dagster - [34mINFO[0m - __ASSET_JOB - f8c23cb3-d232-46d2-86f1-e11487f15173 - predictions -   Top-3 hit rate:     85/120 (70.8%)
[32m2026-06-01 20:17:14 -0700[0m - dagster - [34mINFO[0m - __ASSET_JOB - f8c23cb3-d232-46d2-86f1-e11487f15173 - predictions -   Team scoring MAE:   2.13 pts
[32m2026-06-01 20:17:14 -0700[0m - dagster - [34mINFO[0m - __ASSET_JOB - f8c23cb3-d232-46d2-86f1-e11487f15173 - predictions - Final model trained on 1819 rows (6 years)
[32m2026-06-01 20:17:14 -0700[0m - dagster - [34mINFO[0m - __ASSET_JOB - f8c23cb3-d232-46d2-86f1-e11487f15173 - predictions - Feature importances:
[32m2026-06-01 20:17:14 -0700[0m - dagster - [34mINFO[0m - __ASSET_JOB - f8c23cb3-d232-46d2-86f1-e11487f15173 - predictions -   avg_place                     : 0.3612
[32m2026-06-01 20:17:14 -0700[0m - dagster - [34mINFO[0m - __ASSET_JOB - f8c23cb3-d232-46d2-86f1-e11487f15173 - predictions -   conf_champ_place              : 0.1264
[32m2026-06-01 20:17:14 -0700[0m - dagster - [34mINFO[0m - __ASSET_JOB - f8c23cb3-d232-46d2-86f1-e11487f15173 - predictions -   conf_champ_place_any_event    : 0.1010
[32m2026-06-01 20:17:14 -0700[0m - dagster - [34mINFO[0m - __ASSET_JOB - f8c23cb3-d232-46d2-86f1-e11487f15173 - predictions -   pr                            : 0.0829
[32m2026-06-01 20:17:14 -0700[0m - dagster - [34mINFO[0m - __ASSET_JOB - f8c23cb3-d232-46d2-86f1-e11487f15173 - predictions -   cross_event_avg_place         : 0.0796
[32m2026-06-01 20:17:14 -0700[0m - dagster - [34mINFO[0m - __ASSET_JOB - f8c23cb3-d232-46d2-86f1-e11487f15173 - predictions -   season_best                   : 0.0690
[32m2026-06-01 20:17:14 -0700[0m - dagster - [34mINFO[0m - __ASSET_JOB - f8c23cb3-d232-46d2-86f1-e11487f15173 - predictions -   season_avg                    : 0.0640
[32m2026-06-01 20:17:14 -0700[0m - dagster - [34mINFO[0m - __ASSET_JOB - f8c23cb3-d232-46d2-86f1-e11487f15173 - predictions -   relay_season_best             : 0.0428
[32m2026-06-01 20:17:15 -0700[0m - dagster - [34mINFO[0m - __ASSET_JOB - f8c23cb3-d232-46d2-86f1-e11487f15173 - predictions -   relay_qualifying_time         : 0.0415
[32m2026-06-01 20:17:15 -0700[0m - dagster - [34mINFO[0m - __ASSET_JOB - f8c23cb3-d232-46d2-86f1-e11487f15173 - predictions -   relay_qualifying_place        : 0.0315
[32m2026-06-01 20:17:15 -0700[0m - dagster - [34mINFO[0m - __ASSET_JOB - f8c23cb3-d232-46d2-86f1-e11487f15173 - predictions - Saved 956 predictions → data/predictions/predictions.csv
[32m2026-06-01 20:17:15 -0700[0m - dagster - [34mINFO[0m - __ASSET_JOB - f8c23cb3-d232-46d2-86f1-e11487f15173 - predictions - ── Top 3 Men ──
[32m2026-06-01 20:17:15 -0700[0m - dagster - [34mINFO[0m - __ASSET_JOB - f8c23cb3-d232-46d2-86f1-e11487f15173 - predictions -   1. Arkansas — 38 pts
[32m2026-06-01 20:17:15 -0700[0m - dagster - [34mINFO[0m - __ASSET_JOB - f8c23cb3-d232-46d2-86f1-e11487f15173 - predictions -   2. Oregon — 34 pts
[32m2026-06-01 20:17:15 -0700[0m - dagster - [34mINFO[0m - __ASSET_JOB - f8c23cb3-d232-46d2-86f1-e11487f15173 - predictions -   3. Louisville — 30 pts
[32m2026-06-01 20:17:15 -0700[0m - dagster - [34mINFO[0m - __ASSET_JOB - f8c23cb3-d232-46d2-86f1-e11487f15173 - predictions - ── Top 3 Women ──
[32m2026-06-01 20:17:15 -0700[0m - dagster - [34mINFO[0m - __ASSET_JOB - f8c23cb3-d232-46d2-86f1-e11487f15173 - predictions -   1. Georgia — 48 pts
[32m2026-06-01 20:17:15 -0700[0m - dagster - [34mINFO[0m - __ASSET_JOB - f8c23cb3-d232-46d2-86f1-e11487f15173 - predictions -   2. South Carolina — 36 pts
[32m2026-06-01 20:17:15 -0700[0m - dagster - [34mINFO[0m - __ASSET_JOB - f8c23cb3-d232-46d2-86f1-e11487f15173 - predictions -   3. USC — 33 pts
[32m2026-06-01 20:17:15 -0700[0m - dagster - [34mDEBUG[0m - __ASSET_JOB - f8c23cb3-d232-46d2-86f1-e11487f15173 - 77425 - predictions - STEP_OUTPUT - Yielded output "result" of type "DataFrame". (Type check passed).
[32m2026-06-01 20:17:15 -0700[0m - dagster - [34mDEBUG[0m - __ASSET_JOB - f8c23cb3-d232-46d2-86f1-e11487f15173 - predictions - Writing file at: /Users/katelynvuong/Desktop/2026-ncaa-tf-predictions/.tmp_dagster_home_17skikmc/storage/predictions using PickledObjectFilesystemIOManager...
[32m2026-06-01 20:17:15 -0700[0m - dagster - [34mDEBUG[0m - __ASSET_JOB - f8c23cb3-d232-46d2-86f1-e11487f15173 - 77425 - predictions - ASSET_MATERIALIZATION - Materialized value predictions.
[32m2026-06-01 20:17:15 -0700[0m - dagster - [34mDEBUG[0m - __ASSET_JOB - f8c23cb3-d232-46d2-86f1-e11487f15173 - 77425 - predictions - HANDLED_OUTPUT - Handled output "result" using IO manager "io_manager"
[32m2026-06-01 20:17:15 -0700[0m - dagster - [34mDEBUG[0m - __ASSET_JOB - f8c23cb3-d232-46d2-86f1-e11487f15173 - 77425 - predictions - STEP_SUCCESS - Finished execution of step "predictions" in 641ms.
