[32m2026-05-30 12:08:07 -0700[0m - dagster - [34mDEBUG[0m - __ASSET_JOB - f2c101ff-13d7-405a-9e0d-9f7390179eb4 - 60036 - LOGS_CAPTURED - Started capturing logs in process (pid: 60036).
[32m2026-05-30 12:08:07 -0700[0m - dagster - [34mDEBUG[0m - __ASSET_JOB - f2c101ff-13d7-405a-9e0d-9f7390179eb4 - 60036 - final_athletes - STEP_START - Started execution of step "final_athletes".
[32m2026-05-30 12:08:07 -0700[0m - dagster - [34mINFO[0m - __ASSET_JOB - f2c101ff-13d7-405a-9e0d-9f7390179eb4 - final_athletes - east: 40 event pages found
[32m2026-05-30 12:08:07 -0700[0m - dagster - [34mINFO[0m - __ASSET_JOB - f2c101ff-13d7-405a-9e0d-9f7390179eb4 - final_athletes -   001-2_compiled.htm: 12 qualifiers
[32m2026-05-30 12:08:07 -0700[0m - dagster - [34mINFO[0m - __ASSET_JOB - f2c101ff-13d7-405a-9e0d-9f7390179eb4 - final_athletes -   002-2_compiled.htm: 12 qualifiers
[32m2026-05-30 12:08:08 -0700[0m - dagster - [34mINFO[0m - __ASSET_JOB - f2c101ff-13d7-405a-9e0d-9f7390179eb4 - final_athletes -   003-2_compiled.htm: 12 qualifiers
[32m2026-05-30 12:08:08 -0700[0m - dagster - [34mINFO[0m - __ASSET_JOB - f2c101ff-13d7-405a-9e0d-9f7390179eb4 - final_athletes -   004-2_compiled.htm: 12 qualifiers
[32m2026-05-30 12:08:08 -0700[0m - dagster - [34mINFO[0m - __ASSET_JOB - f2c101ff-13d7-405a-9e0d-9f7390179eb4 - final_athletes -   005-2_compiled.htm: 12 qualifiers
[32m2026-05-30 12:08:09 -0700[0m - dagster - [34mINFO[0m - __ASSET_JOB - f2c101ff-13d7-405a-9e0d-9f7390179eb4 - final_athletes -   006-1_compiled.htm: 12 qualifiers
[32m2026-05-30 12:08:09 -0700[0m - dagster - [34mINFO[0m - __ASSET_JOB - f2c101ff-13d7-405a-9e0d-9f7390179eb4 - final_athletes -   007-1_compiled.htm: 12 qualifiers
[32m2026-05-30 12:08:09 -0700[0m - dagster - [34mINFO[0m - __ASSET_JOB - f2c101ff-13d7-405a-9e0d-9f7390179eb4 - final_athletes -   008-1_compiled.htm: 12 qualifiers
[32m2026-05-30 12:08:10 -0700[0m - dagster - [34mINFO[0m - __ASSET_JOB - f2c101ff-13d7-405a-9e0d-9f7390179eb4 - final_athletes -   009-2_compiled.htm: 12 qualifiers
[32m2026-05-30 12:08:10 -0700[0m - dagster - [34mINFO[0m - __ASSET_JOB - f2c101ff-13d7-405a-9e0d-9f7390179eb4 - final_athletes -   010-2_compiled.htm: 12 qualifiers
[32m2026-05-30 12:08:10 -0700[0m - dagster - [34mINFO[0m - __ASSET_JOB - f2c101ff-13d7-405a-9e0d-9f7390179eb4 - final_athletes -   011-1_compiled.htm: 12 qualifiers
[32m2026-05-30 12:08:11 -0700[0m - dagster - [34mINFO[0m - __ASSET_JOB - f2c101ff-13d7-405a-9e0d-9f7390179eb4 - final_athletes -   012-1_compiled.htm: 12 qualifiers
[32m2026-05-30 12:08:11 -0700[0m - dagster - [34mINFO[0m - __ASSET_JOB - f2c101ff-13d7-405a-9e0d-9f7390179eb4 - final_athletes -   013-1_compiled.htm: 10 qualifiers
[32m2026-05-30 12:08:11 -0700[0m - dagster - [34mINFO[0m - __ASSET_JOB - f2c101ff-13d7-405a-9e0d-9f7390179eb4 - final_athletes -   014-1_compiled.htm: 12 qualifiers
[32m2026-05-30 12:08:12 -0700[0m - dagster - [34mINFO[0m - __ASSET_JOB - f2c101ff-13d7-405a-9e0d-9f7390179eb4 - final_athletes -   015-1_compiled.htm: 12 qualifiers
[32m2026-05-30 12:08:12 -0700[0m - dagster - [34mINFO[0m - __ASSET_JOB - f2c101ff-13d7-405a-9e0d-9f7390179eb4 - final_athletes -   016-1_compiled.htm: 12 qualifiers
[32m2026-05-30 12:08:12 -0700[0m - dagster - [34mINFO[0m - __ASSET_JOB - f2c101ff-13d7-405a-9e0d-9f7390179eb4 - final_athletes -   017-1_compiled.htm: 12 qualifiers
[32m2026-05-30 12:08:13 -0700[0m - dagster - [34mINFO[0m - __ASSET_JOB - f2c101ff-13d7-405a-9e0d-9f7390179eb4 - final_athletes -   018-1_compiled.htm: 12 qualifiers
[32m2026-05-30 12:08:13 -0700[0m - dagster - [34mINFO[0m - __ASSET_JOB - f2c101ff-13d7-405a-9e0d-9f7390179eb4 - final_athletes -   019-1_compiled.htm: 12 qualifiers
[32m2026-05-30 12:08:13 -0700[0m - dagster - [34mINFO[0m - __ASSET_JOB - f2c101ff-13d7-405a-9e0d-9f7390179eb4 - final_athletes -   020-1_compiled.htm: 12 qualifiers
[32m2026-05-30 12:08:16 -0700[0m - dagster - [34mINFO[0m - __ASSET_JOB - f2c101ff-13d7-405a-9e0d-9f7390179eb4 - final_athletes -   028-1_compiled.htm: 12 qualifiers
[32m2026-05-30 12:08:18 -0700[0m - dagster - [34mINFO[0m - __ASSET_JOB - f2c101ff-13d7-405a-9e0d-9f7390179eb4 - final_athletes -   033-1_compiled.htm: 12 qualifiers
[32m2026-05-30 12:08:19 -0700[0m - dagster - [34mINFO[0m - __ASSET_JOB - f2c101ff-13d7-405a-9e0d-9f7390179eb4 - final_athletes -   034-1_compiled.htm: 10 qualifiers
[32m2026-05-30 12:08:19 -0700[0m - dagster - [34mINFO[0m - __ASSET_JOB - f2c101ff-13d7-405a-9e0d-9f7390179eb4 - final_athletes -   035-1_compiled.htm: 12 qualifiers
[32m2026-05-30 12:08:20 -0700[0m - dagster - [34mINFO[0m - __ASSET_JOB - f2c101ff-13d7-405a-9e0d-9f7390179eb4 - final_athletes -   037-1_compiled.htm: 12 qualifiers
[32m2026-05-30 12:08:20 -0700[0m - dagster - [34mINFO[0m - __ASSET_JOB - f2c101ff-13d7-405a-9e0d-9f7390179eb4 - final_athletes -   038-1_compiled.htm: 12 qualifiers
[32m2026-05-30 12:08:20 -0700[0m - dagster - [34mINFO[0m - __ASSET_JOB - f2c101ff-13d7-405a-9e0d-9f7390179eb4 - final_athletes -   039-1_compiled.htm: 12 qualifiers
[32m2026-05-30 12:08:21 -0700[0m - dagster - [34mINFO[0m - __ASSET_JOB - f2c101ff-13d7-405a-9e0d-9f7390179eb4 - final_athletes -   040-1_compiled.htm: 12 qualifiers
[32m2026-05-30 12:08:21 -0700[0m - dagster - [34mINFO[0m - __ASSET_JOB - f2c101ff-13d7-405a-9e0d-9f7390179eb4 - final_athletes - west: 40 event pages found
[32m2026-05-30 12:08:21 -0700[0m - dagster - [34mINFO[0m - __ASSET_JOB - f2c101ff-13d7-405a-9e0d-9f7390179eb4 - final_athletes -   001-2_compiled.htm: 12 qualifiers
[32m2026-05-30 12:08:21 -0700[0m - dagster - [34mINFO[0m - __ASSET_JOB - f2c101ff-13d7-405a-9e0d-9f7390179eb4 - final_athletes -   002-2_compiled.htm: 12 qualifiers
[32m2026-05-30 12:08:22 -0700[0m - dagster - [34mINFO[0m - __ASSET_JOB - f2c101ff-13d7-405a-9e0d-9f7390179eb4 - final_athletes -   003-2_compiled.htm: 12 qualifiers
[32m2026-05-30 12:08:22 -0700[0m - dagster - [34mINFO[0m - __ASSET_JOB - f2c101ff-13d7-405a-9e0d-9f7390179eb4 - final_athletes -   004-2_compiled.htm: 12 qualifiers
[32m2026-05-30 12:08:22 -0700[0m - dagster - [34mINFO[0m - __ASSET_JOB - f2c101ff-13d7-405a-9e0d-9f7390179eb4 - final_athletes -   005-2_compiled.htm: 12 qualifiers
[32m2026-05-30 12:08:23 -0700[0m - dagster - [34mINFO[0m - __ASSET_JOB - f2c101ff-13d7-405a-9e0d-9f7390179eb4 - final_athletes -   006-1_compiled.htm: 12 qualifiers
[32m2026-05-30 12:08:23 -0700[0m - dagster - [34mINFO[0m - __ASSET_JOB - f2c101ff-13d7-405a-9e0d-9f7390179eb4 - final_athletes -   007-1_compiled.htm: 12 qualifiers
[32m2026-05-30 12:08:23 -0700[0m - dagster - [34mINFO[0m - __ASSET_JOB - f2c101ff-13d7-405a-9e0d-9f7390179eb4 - final_athletes -   008-1_compiled.htm: 12 qualifiers
[32m2026-05-30 12:08:23 -0700[0m - dagster - [34mINFO[0m - __ASSET_JOB - f2c101ff-13d7-405a-9e0d-9f7390179eb4 - final_athletes -   009-2_compiled.htm: 12 qualifiers
[32m2026-05-30 12:08:24 -0700[0m - dagster - [34mINFO[0m - __ASSET_JOB - f2c101ff-13d7-405a-9e0d-9f7390179eb4 - final_athletes -   010-2_compiled.htm: 12 qualifiers
[32m2026-05-30 12:08:24 -0700[0m - dagster - [34mINFO[0m - __ASSET_JOB - f2c101ff-13d7-405a-9e0d-9f7390179eb4 - final_athletes -   011-1_compiled.htm: 12 qualifiers
[32m2026-05-30 12:08:24 -0700[0m - dagster - [34mINFO[0m - __ASSET_JOB - f2c101ff-13d7-405a-9e0d-9f7390179eb4 - final_athletes -   012-1_compiled.htm: 12 qualifiers
[32m2026-05-30 12:08:25 -0700[0m - dagster - [34mINFO[0m - __ASSET_JOB - f2c101ff-13d7-405a-9e0d-9f7390179eb4 - final_athletes -   013-1_compiled.htm: 12 qualifiers
[32m2026-05-30 12:08:25 -0700[0m - dagster - [34mINFO[0m - __ASSET_JOB - f2c101ff-13d7-405a-9e0d-9f7390179eb4 - final_athletes -   014-1_compiled.htm: 12 qualifiers
[32m2026-05-30 12:08:25 -0700[0m - dagster - [34mINFO[0m - __ASSET_JOB - f2c101ff-13d7-405a-9e0d-9f7390179eb4 - final_athletes -   015-1_compiled.htm: 12 qualifiers
[32m2026-05-30 12:08:26 -0700[0m - dagster - [34mINFO[0m - __ASSET_JOB - f2c101ff-13d7-405a-9e0d-9f7390179eb4 - final_athletes -   016-1_compiled.htm: 12 qualifiers
[32m2026-05-30 12:08:26 -0700[0m - dagster - [34mINFO[0m - __ASSET_JOB - f2c101ff-13d7-405a-9e0d-9f7390179eb4 - final_athletes -   017-1_compiled.htm: 12 qualifiers
[32m2026-05-30 12:08:26 -0700[0m - dagster - [34mINFO[0m - __ASSET_JOB - f2c101ff-13d7-405a-9e0d-9f7390179eb4 - final_athletes -   018-1_compiled.htm: 12 qualifiers
[32m2026-05-30 12:08:27 -0700[0m - dagster - [34mINFO[0m - __ASSET_JOB - f2c101ff-13d7-405a-9e0d-9f7390179eb4 - final_athletes -   019-1_compiled.htm: 12 qualifiers
[32m2026-05-30 12:08:27 -0700[0m - dagster - [34mINFO[0m - __ASSET_JOB - f2c101ff-13d7-405a-9e0d-9f7390179eb4 - final_athletes -   020-1_compiled.htm: 12 qualifiers
[32m2026-05-30 12:08:30 -0700[0m - dagster - [34mINFO[0m - __ASSET_JOB - f2c101ff-13d7-405a-9e0d-9f7390179eb4 - final_athletes -   028-1_compiled.htm: 12 qualifiers
[32m2026-05-30 12:08:32 -0700[0m - dagster - [34mINFO[0m - __ASSET_JOB - f2c101ff-13d7-405a-9e0d-9f7390179eb4 - final_athletes -   033-1_compiled.htm: 12 qualifiers
[32m2026-05-30 12:08:32 -0700[0m - dagster - [34mINFO[0m - __ASSET_JOB - f2c101ff-13d7-405a-9e0d-9f7390179eb4 - final_athletes -   034-1_compiled.htm: 12 qualifiers
[32m2026-05-30 12:08:32 -0700[0m - dagster - [34mINFO[0m - __ASSET_JOB - f2c101ff-13d7-405a-9e0d-9f7390179eb4 - final_athletes -   035-1_compiled.htm: 12 qualifiers
[32m2026-05-30 12:08:33 -0700[0m - dagster - [34mINFO[0m - __ASSET_JOB - f2c101ff-13d7-405a-9e0d-9f7390179eb4 - final_athletes -   037-1_compiled.htm: 12 qualifiers
[32m2026-05-30 12:08:33 -0700[0m - dagster - [34mINFO[0m - __ASSET_JOB - f2c101ff-13d7-405a-9e0d-9f7390179eb4 - final_athletes -   038-1_compiled.htm: 12 qualifiers
[32m2026-05-30 12:08:34 -0700[0m - dagster - [34mINFO[0m - __ASSET_JOB - f2c101ff-13d7-405a-9e0d-9f7390179eb4 - final_athletes -   039-1_compiled.htm: 12 qualifiers
[32m2026-05-30 12:08:34 -0700[0m - dagster - [34mINFO[0m - __ASSET_JOB - f2c101ff-13d7-405a-9e0d-9f7390179eb4 - final_athletes -   040-1_compiled.htm: 12 qualifiers
[32m2026-05-30 12:08:34 -0700[0m - dagster - [34mINFO[0m - __ASSET_JOB - f2c101ff-13d7-405a-9e0d-9f7390179eb4 - final_athletes - Saved 668 total qualifiers → data/final_athletes.csv
[32m2026-05-30 12:08:34 -0700[0m - dagster - [34mDEBUG[0m - __ASSET_JOB - f2c101ff-13d7-405a-9e0d-9f7390179eb4 - 60036 - final_athletes - STEP_OUTPUT - Yielded output "result" of type "DataFrame". (Type check passed).
[32m2026-05-30 12:08:34 -0700[0m - dagster - [34mDEBUG[0m - __ASSET_JOB - f2c101ff-13d7-405a-9e0d-9f7390179eb4 - final_athletes - Writing file at: /Users/katelynvuong/Desktop/2026-ncaa-tf-predictions/.tmp_dagster_home_17skikmc/storage/final_athletes using PickledObjectFilesystemIOManager...
[32m2026-05-30 12:08:34 -0700[0m - dagster - [34mDEBUG[0m - __ASSET_JOB - f2c101ff-13d7-405a-9e0d-9f7390179eb4 - 60036 - final_athletes - ASSET_MATERIALIZATION - Materialized value final_athletes.
[32m2026-05-30 12:08:34 -0700[0m - dagster - [34mDEBUG[0m - __ASSET_JOB - f2c101ff-13d7-405a-9e0d-9f7390179eb4 - 60036 - final_athletes - HANDLED_OUTPUT - Handled output "result" using IO manager "io_manager"
[32m2026-05-30 12:08:34 -0700[0m - dagster - [34mDEBUG[0m - __ASSET_JOB - f2c101ff-13d7-405a-9e0d-9f7390179eb4 - 60036 - final_athletes - STEP_SUCCESS - Finished execution of step "final_athletes" in 27.24s.
