[32m2026-06-01 12:37:30 -0700[0m - dagster - [34mDEBUG[0m - __ASSET_JOB - e20539e9-1d41-49a9-b7cc-dbf9abf57695 - 76806 - LOGS_CAPTURED - Started capturing logs in process (pid: 76806).
[32m2026-06-01 12:37:30 -0700[0m - dagster - [34mDEBUG[0m - __ASSET_JOB - e20539e9-1d41-49a9-b7cc-dbf9abf57695 - 76806 - predictions - STEP_START - Started execution of step "predictions".
[32m2026-06-01 12:37:30 -0700[0m - dagster - [34mINFO[0m - __ASSET_JOB - e20539e9-1d41-49a9-b7cc-dbf9abf57695 - predictions - ── 2025 holdout validation ──
[32m2026-06-01 12:37:30 -0700[0m - dagster - [34mINFO[0m - __ASSET_JOB - e20539e9-1d41-49a9-b7cc-dbf9abf57695 - predictions -   MAE:              1.347 places
[32m2026-06-01 12:37:30 -0700[0m - dagster - [34mINFO[0m - __ASSET_JOB - e20539e9-1d41-49a9-b7cc-dbf9abf57695 - predictions -   RMSE:             1.668 places
[32m2026-06-01 12:37:30 -0700[0m - dagster - [34mINFO[0m - __ASSET_JOB - e20539e9-1d41-49a9-b7cc-dbf9abf57695 - predictions -   Spearman (avg):   0.719
[32m2026-06-01 12:37:30 -0700[0m - dagster - [34mINFO[0m - __ASSET_JOB - e20539e9-1d41-49a9-b7cc-dbf9abf57695 - predictions -   Top-3 hit rate:   78/108 (72.2%)
[32m2026-06-01 12:37:30 -0700[0m - dagster - [34mINFO[0m - __ASSET_JOB - e20539e9-1d41-49a9-b7cc-dbf9abf57695 - predictions - Final model trained on 1107 rows (4 years)
[32m2026-06-01 12:37:30 -0700[0m - dagster - [34mINFO[0m - __ASSET_JOB - e20539e9-1d41-49a9-b7cc-dbf9abf57695 - predictions - Feature importances:
[32m2026-06-01 12:37:30 -0700[0m - dagster - [34mINFO[0m - __ASSET_JOB - e20539e9-1d41-49a9-b7cc-dbf9abf57695 - predictions -   avg_place             : 0.3548
[32m2026-06-01 12:37:30 -0700[0m - dagster - [34mINFO[0m - __ASSET_JOB - e20539e9-1d41-49a9-b7cc-dbf9abf57695 - predictions -   conf_champ_place      : 0.1983
[32m2026-06-01 12:37:30 -0700[0m - dagster - [34mINFO[0m - __ASSET_JOB - e20539e9-1d41-49a9-b7cc-dbf9abf57695 - predictions -   conf_champ_place_any_event: 0.1153
[32m2026-06-01 12:37:30 -0700[0m - dagster - [34mINFO[0m - __ASSET_JOB - e20539e9-1d41-49a9-b7cc-dbf9abf57695 - predictions -   cross_event_avg_place : 0.0969
[32m2026-06-01 12:37:30 -0700[0m - dagster - [34mINFO[0m - __ASSET_JOB - e20539e9-1d41-49a9-b7cc-dbf9abf57695 - predictions -   pr                    : 0.0848
[32m2026-06-01 12:37:30 -0700[0m - dagster - [34mINFO[0m - __ASSET_JOB - e20539e9-1d41-49a9-b7cc-dbf9abf57695 - predictions -   season_best           : 0.0771
[32m2026-06-01 12:37:30 -0700[0m - dagster - [34mINFO[0m - __ASSET_JOB - e20539e9-1d41-49a9-b7cc-dbf9abf57695 - predictions -   season_avg            : 0.0729
[32m2026-06-01 12:37:30 -0700[0m - dagster - [34mINFO[0m - __ASSET_JOB - e20539e9-1d41-49a9-b7cc-dbf9abf57695 - predictions - Saved 860 predictions → data/predictions/predictions.csv
[32m2026-06-01 12:37:30 -0700[0m - dagster - [34mINFO[0m - __ASSET_JOB - e20539e9-1d41-49a9-b7cc-dbf9abf57695 - predictions - Saved team scores → data/predictions/team_scores.csv
[32m2026-06-01 12:37:30 -0700[0m - dagster - [34mINFO[0m - __ASSET_JOB - e20539e9-1d41-49a9-b7cc-dbf9abf57695 - predictions - ── Top 3 Men ──
[32m2026-06-01 12:37:30 -0700[0m - dagster - [34mINFO[0m - __ASSET_JOB - e20539e9-1d41-49a9-b7cc-dbf9abf57695 - predictions -   1. Oregon — 47 pts
[32m2026-06-01 12:37:30 -0700[0m - dagster - [34mINFO[0m - __ASSET_JOB - e20539e9-1d41-49a9-b7cc-dbf9abf57695 - predictions -   2. Arkansas — 36 pts
[32m2026-06-01 12:37:30 -0700[0m - dagster - [34mINFO[0m - __ASSET_JOB - e20539e9-1d41-49a9-b7cc-dbf9abf57695 - predictions -   3. Virginia — 27 pts
[32m2026-06-01 12:37:30 -0700[0m - dagster - [34mINFO[0m - __ASSET_JOB - e20539e9-1d41-49a9-b7cc-dbf9abf57695 - predictions - ── Top 3 Women ──
[32m2026-06-01 12:37:30 -0700[0m - dagster - [34mINFO[0m - __ASSET_JOB - e20539e9-1d41-49a9-b7cc-dbf9abf57695 - predictions -   1. Florida — 30 pts
[32m2026-06-01 12:37:30 -0700[0m - dagster - [34mINFO[0m - __ASSET_JOB - e20539e9-1d41-49a9-b7cc-dbf9abf57695 - predictions -   2. South Carolina — 28 pts
[32m2026-06-01 12:37:30 -0700[0m - dagster - [34mINFO[0m - __ASSET_JOB - e20539e9-1d41-49a9-b7cc-dbf9abf57695 - predictions -   3. Oregon — 27 pts
[32m2026-06-01 12:37:30 -0700[0m - dagster - [34mDEBUG[0m - __ASSET_JOB - e20539e9-1d41-49a9-b7cc-dbf9abf57695 - 76806 - predictions - STEP_OUTPUT - Yielded output "result" of type "DataFrame". (Type check passed).
[32m2026-06-01 12:37:30 -0700[0m - dagster - [34mDEBUG[0m - __ASSET_JOB - e20539e9-1d41-49a9-b7cc-dbf9abf57695 - predictions - Writing file at: /Users/katelynvuong/Desktop/2026-ncaa-tf-predictions/.tmp_dagster_home_17skikmc/storage/predictions using PickledObjectFilesystemIOManager...
[32m2026-06-01 12:37:30 -0700[0m - dagster - [34mDEBUG[0m - __ASSET_JOB - e20539e9-1d41-49a9-b7cc-dbf9abf57695 - 76806 - predictions - ASSET_MATERIALIZATION - Materialized value predictions.
[32m2026-06-01 12:37:30 -0700[0m - dagster - [34mDEBUG[0m - __ASSET_JOB - e20539e9-1d41-49a9-b7cc-dbf9abf57695 - 76806 - predictions - HANDLED_OUTPUT - Handled output "result" using IO manager "io_manager"
[32m2026-06-01 12:37:30 -0700[0m - dagster - [34mDEBUG[0m - __ASSET_JOB - e20539e9-1d41-49a9-b7cc-dbf9abf57695 - 76806 - predictions - STEP_SUCCESS - Finished execution of step "predictions" in 657ms.
