[32m2026-05-31 16:14:21 -0700[0m - dagster - [34mDEBUG[0m - __ASSET_JOB - 502cd24a-b052-44af-ac1b-9c4c85828f04 - 78952 - LOGS_CAPTURED - Started capturing logs in process (pid: 78952).
[32m2026-05-31 16:14:21 -0700[0m - dagster - [34mDEBUG[0m - __ASSET_JOB - 502cd24a-b052-44af-ac1b-9c4c85828f04 - 78952 - predictions - STEP_START - Started execution of step "predictions".
[32m2026-05-31 16:14:21 -0700[0m - dagster - [34mINFO[0m - __ASSET_JOB - 502cd24a-b052-44af-ac1b-9c4c85828f04 - predictions - ── 2025 holdout validation ──
[32m2026-05-31 16:14:21 -0700[0m - dagster - [34mINFO[0m - __ASSET_JOB - 502cd24a-b052-44af-ac1b-9c4c85828f04 - predictions -   MAE:              1.202 places
[32m2026-05-31 16:14:21 -0700[0m - dagster - [34mINFO[0m - __ASSET_JOB - 502cd24a-b052-44af-ac1b-9c4c85828f04 - predictions -   RMSE:             1.506 places
[32m2026-05-31 16:14:21 -0700[0m - dagster - [34mINFO[0m - __ASSET_JOB - 502cd24a-b052-44af-ac1b-9c4c85828f04 - predictions -   Spearman (avg):   0.749
[32m2026-05-31 16:14:21 -0700[0m - dagster - [34mINFO[0m - __ASSET_JOB - 502cd24a-b052-44af-ac1b-9c4c85828f04 - predictions -   Top-3 hit rate:   72/96 (75.0%)
[32m2026-05-31 16:14:21 -0700[0m - dagster - [34mINFO[0m - __ASSET_JOB - 502cd24a-b052-44af-ac1b-9c4c85828f04 - predictions - Final model trained on 979 rows (4 years)
[32m2026-05-31 16:14:21 -0700[0m - dagster - [34mINFO[0m - __ASSET_JOB - 502cd24a-b052-44af-ac1b-9c4c85828f04 - predictions - Feature importances:
[32m2026-05-31 16:14:21 -0700[0m - dagster - [34mINFO[0m - __ASSET_JOB - 502cd24a-b052-44af-ac1b-9c4c85828f04 - predictions -   avg_place             : 0.4304
[32m2026-05-31 16:14:21 -0700[0m - dagster - [34mINFO[0m - __ASSET_JOB - 502cd24a-b052-44af-ac1b-9c4c85828f04 - predictions -   conf_champ_place      : 0.2294
[32m2026-05-31 16:14:21 -0700[0m - dagster - [34mINFO[0m - __ASSET_JOB - 502cd24a-b052-44af-ac1b-9c4c85828f04 - predictions -   pr                    : 0.1287
[32m2026-05-31 16:14:21 -0700[0m - dagster - [34mINFO[0m - __ASSET_JOB - 502cd24a-b052-44af-ac1b-9c4c85828f04 - predictions -   season_avg            : 0.1068
[32m2026-05-31 16:14:21 -0700[0m - dagster - [34mINFO[0m - __ASSET_JOB - 502cd24a-b052-44af-ac1b-9c4c85828f04 - predictions -   season_best           : 0.1046
[32m2026-05-31 16:14:21 -0700[0m - dagster - [34mINFO[0m - __ASSET_JOB - 502cd24a-b052-44af-ac1b-9c4c85828f04 - predictions - Saved 860 predictions → data/predictions/predictions.csv
[32m2026-05-31 16:14:21 -0700[0m - dagster - [34mINFO[0m - __ASSET_JOB - 502cd24a-b052-44af-ac1b-9c4c85828f04 - predictions - Saved team scores → data/predictions/team_scores.csv
[32m2026-05-31 16:14:21 -0700[0m - dagster - [34mINFO[0m - __ASSET_JOB - 502cd24a-b052-44af-ac1b-9c4c85828f04 - predictions - ── Top 3 Men ──
[32m2026-05-31 16:14:21 -0700[0m - dagster - [34mINFO[0m - __ASSET_JOB - 502cd24a-b052-44af-ac1b-9c4c85828f04 - predictions -   1. Arkansas — 48 pts
[32m2026-05-31 16:14:21 -0700[0m - dagster - [34mINFO[0m - __ASSET_JOB - 502cd24a-b052-44af-ac1b-9c4c85828f04 - predictions -   2. Oregon — 39 pts
[32m2026-05-31 16:14:21 -0700[0m - dagster - [34mINFO[0m - __ASSET_JOB - 502cd24a-b052-44af-ac1b-9c4c85828f04 - predictions -   3. Kentucky — 21 pts
[32m2026-05-31 16:14:21 -0700[0m - dagster - [34mINFO[0m - __ASSET_JOB - 502cd24a-b052-44af-ac1b-9c4c85828f04 - predictions - ── Top 3 Women ──
[32m2026-05-31 16:14:21 -0700[0m - dagster - [34mINFO[0m - __ASSET_JOB - 502cd24a-b052-44af-ac1b-9c4c85828f04 - predictions -   1. Oregon — 36 pts
[32m2026-05-31 16:14:21 -0700[0m - dagster - [34mINFO[0m - __ASSET_JOB - 502cd24a-b052-44af-ac1b-9c4c85828f04 - predictions -   2. South Carolina — 35 pts
[32m2026-05-31 16:14:21 -0700[0m - dagster - [34mINFO[0m - __ASSET_JOB - 502cd24a-b052-44af-ac1b-9c4c85828f04 - predictions -   3. Georgia — 28 pts
[32m2026-05-31 16:14:21 -0700[0m - dagster - [34mDEBUG[0m - __ASSET_JOB - 502cd24a-b052-44af-ac1b-9c4c85828f04 - 78952 - predictions - STEP_OUTPUT - Yielded output "result" of type "DataFrame". (Type check passed).
[32m2026-05-31 16:14:21 -0700[0m - dagster - [34mDEBUG[0m - __ASSET_JOB - 502cd24a-b052-44af-ac1b-9c4c85828f04 - predictions - Writing file at: /Users/katelynvuong/Desktop/2026-ncaa-tf-predictions/.tmp_dagster_home_17skikmc/storage/predictions using PickledObjectFilesystemIOManager...
[32m2026-05-31 16:14:21 -0700[0m - dagster - [34mDEBUG[0m - __ASSET_JOB - 502cd24a-b052-44af-ac1b-9c4c85828f04 - 78952 - predictions - ASSET_MATERIALIZATION - Materialized value predictions.
[32m2026-05-31 16:14:21 -0700[0m - dagster - [34mDEBUG[0m - __ASSET_JOB - 502cd24a-b052-44af-ac1b-9c4c85828f04 - 78952 - predictions - HANDLED_OUTPUT - Handled output "result" using IO manager "io_manager"
[32m2026-05-31 16:14:21 -0700[0m - dagster - [34mDEBUG[0m - __ASSET_JOB - 502cd24a-b052-44af-ac1b-9c4c85828f04 - 78952 - predictions - STEP_SUCCESS - Finished execution of step "predictions" in 588ms.
