[32m2026-05-30 11:40:09 -0700[0m - dagster - [34mDEBUG[0m - __ASSET_JOB - 4e1b0be7-9f9e-4bc0-901e-d186c544275b - 42061 - LOGS_CAPTURED - Started capturing logs in process (pid: 42061).
[32m2026-05-30 11:40:09 -0700[0m - dagster - [34mDEBUG[0m - __ASSET_JOB - 4e1b0be7-9f9e-4bc0-901e-d186c544275b - 42061 - final_athletes - STEP_START - Started execution of step "final_athletes".
[32m2026-05-30 11:40:09 -0700[0m - dagster - [34mINFO[0m - __ASSET_JOB - 4e1b0be7-9f9e-4bc0-901e-d186c544275b - final_athletes - east: 54 event pages found
[32m2026-05-30 11:40:09 -0700[0m - dagster - [34mINFO[0m - __ASSET_JOB - 4e1b0be7-9f9e-4bc0-901e-d186c544275b - final_athletes -   038-1_compiled.htm: 12 qualifiers
[32m2026-05-30 11:40:10 -0700[0m - dagster - [34mINFO[0m - __ASSET_JOB - 4e1b0be7-9f9e-4bc0-901e-d186c544275b - final_athletes -   033-1_compiled.htm: 12 qualifiers
[32m2026-05-30 11:40:14 -0700[0m - dagster - [34mINFO[0m - __ASSET_JOB - 4e1b0be7-9f9e-4bc0-901e-d186c544275b - final_athletes -   018-1_compiled.htm: 12 qualifiers
[32m2026-05-30 11:40:14 -0700[0m - dagster - [34mINFO[0m - __ASSET_JOB - 4e1b0be7-9f9e-4bc0-901e-d186c544275b - final_athletes -   013-1_compiled.htm: 10 qualifiers
[32m2026-05-30 11:40:15 -0700[0m - dagster - [34mINFO[0m - __ASSET_JOB - 4e1b0be7-9f9e-4bc0-901e-d186c544275b - final_athletes -   011-1_compiled.htm: 12 qualifiers
[32m2026-05-30 11:40:15 -0700[0m - dagster - [34mINFO[0m - __ASSET_JOB - 4e1b0be7-9f9e-4bc0-901e-d186c544275b - final_athletes -   005-2_compiled.htm: 12 qualifiers
[32m2026-05-30 11:40:15 -0700[0m - dagster - [34mINFO[0m - __ASSET_JOB - 4e1b0be7-9f9e-4bc0-901e-d186c544275b - final_athletes -   006-1_compiled.htm: 12 qualifiers
[32m2026-05-30 11:40:16 -0700[0m - dagster - [34mINFO[0m - __ASSET_JOB - 4e1b0be7-9f9e-4bc0-901e-d186c544275b - final_athletes -   016-1_compiled.htm: 12 qualifiers
[32m2026-05-30 11:40:16 -0700[0m - dagster - [34mINFO[0m - __ASSET_JOB - 4e1b0be7-9f9e-4bc0-901e-d186c544275b - final_athletes -   009-2_compiled.htm: 12 qualifiers
[32m2026-05-30 11:40:16 -0700[0m - dagster - [34mINFO[0m - __ASSET_JOB - 4e1b0be7-9f9e-4bc0-901e-d186c544275b - final_athletes -   001-2_compiled.htm: 12 qualifiers
[32m2026-05-30 11:40:16 -0700[0m - dagster - [34mINFO[0m - __ASSET_JOB - 4e1b0be7-9f9e-4bc0-901e-d186c544275b - final_athletes -   003-2_compiled.htm: 12 qualifiers
[32m2026-05-30 11:40:17 -0700[0m - dagster - [34mINFO[0m - __ASSET_JOB - 4e1b0be7-9f9e-4bc0-901e-d186c544275b - final_athletes -   004-2_compiled.htm: 12 qualifiers
[32m2026-05-30 11:40:17 -0700[0m - dagster - [34mINFO[0m - __ASSET_JOB - 4e1b0be7-9f9e-4bc0-901e-d186c544275b - final_athletes -   010-2_compiled.htm: 12 qualifiers
[32m2026-05-30 11:40:17 -0700[0m - dagster - [34mINFO[0m - __ASSET_JOB - 4e1b0be7-9f9e-4bc0-901e-d186c544275b - final_athletes -   002-2_compiled.htm: 12 qualifiers
[32m2026-05-30 11:40:18 -0700[0m - dagster - [34mINFO[0m - __ASSET_JOB - 4e1b0be7-9f9e-4bc0-901e-d186c544275b - final_athletes -   007-1_compiled.htm: 12 qualifiers
[32m2026-05-30 11:40:18 -0700[0m - dagster - [34mINFO[0m - __ASSET_JOB - 4e1b0be7-9f9e-4bc0-901e-d186c544275b - final_athletes -   012-1_compiled.htm: 12 qualifiers
[32m2026-05-30 11:40:19 -0700[0m - dagster - [34mINFO[0m - __ASSET_JOB - 4e1b0be7-9f9e-4bc0-901e-d186c544275b - final_athletes -   039-1_compiled.htm: 12 qualifiers
[32m2026-05-30 11:40:19 -0700[0m - dagster - [34mINFO[0m - __ASSET_JOB - 4e1b0be7-9f9e-4bc0-901e-d186c544275b - final_athletes -   040-1_compiled.htm: 12 qualifiers
[32m2026-05-30 11:40:19 -0700[0m - dagster - [34mINFO[0m - __ASSET_JOB - 4e1b0be7-9f9e-4bc0-901e-d186c544275b - final_athletes -   035-1_compiled.htm: 12 qualifiers
[32m2026-05-30 11:40:20 -0700[0m - dagster - [34mINFO[0m - __ASSET_JOB - 4e1b0be7-9f9e-4bc0-901e-d186c544275b - final_athletes -   029-1_compiled.htm: 24 qualifiers
[32m2026-05-30 11:40:20 -0700[0m - dagster - [34mINFO[0m - __ASSET_JOB - 4e1b0be7-9f9e-4bc0-901e-d186c544275b - final_athletes -   034-1_compiled.htm: 10 qualifiers
[32m2026-05-30 11:40:20 -0700[0m - dagster - [34mINFO[0m - __ASSET_JOB - 4e1b0be7-9f9e-4bc0-901e-d186c544275b - final_athletes -   037-1_compiled.htm: 12 qualifiers
[32m2026-05-30 11:40:21 -0700[0m - dagster - [34mINFO[0m - __ASSET_JOB - 4e1b0be7-9f9e-4bc0-901e-d186c544275b - final_athletes -   025-1_compiled.htm: 24 qualifiers
[32m2026-05-30 11:40:21 -0700[0m - dagster - [34mINFO[0m - __ASSET_JOB - 4e1b0be7-9f9e-4bc0-901e-d186c544275b - final_athletes -   021-1_compiled.htm: 24 qualifiers
[32m2026-05-30 11:40:21 -0700[0m - dagster - [34mINFO[0m - __ASSET_JOB - 4e1b0be7-9f9e-4bc0-901e-d186c544275b - final_athletes -   023-1_compiled.htm: 24 qualifiers
[32m2026-05-30 11:40:22 -0700[0m - dagster - [34mINFO[0m - __ASSET_JOB - 4e1b0be7-9f9e-4bc0-901e-d186c544275b - final_athletes -   024-1_compiled.htm: 24 qualifiers
[32m2026-05-30 11:40:22 -0700[0m - dagster - [34mINFO[0m - __ASSET_JOB - 4e1b0be7-9f9e-4bc0-901e-d186c544275b - final_athletes -   030-1_compiled.htm: 24 qualifiers
[32m2026-05-30 11:40:22 -0700[0m - dagster - [34mINFO[0m - __ASSET_JOB - 4e1b0be7-9f9e-4bc0-901e-d186c544275b - final_athletes -   022-1_compiled.htm: 24 qualifiers
[32m2026-05-30 11:40:23 -0700[0m - dagster - [34mINFO[0m - __ASSET_JOB - 4e1b0be7-9f9e-4bc0-901e-d186c544275b - final_athletes -   028-1_compiled.htm: 12 qualifiers
[32m2026-05-30 11:40:23 -0700[0m - dagster - [34mINFO[0m - __ASSET_JOB - 4e1b0be7-9f9e-4bc0-901e-d186c544275b - final_athletes -   019-1_compiled.htm: 12 qualifiers
[32m2026-05-30 11:40:24 -0700[0m - dagster - [34mINFO[0m - __ASSET_JOB - 4e1b0be7-9f9e-4bc0-901e-d186c544275b - final_athletes -   020-1_compiled.htm: 12 qualifiers
[32m2026-05-30 11:40:24 -0700[0m - dagster - [34mINFO[0m - __ASSET_JOB - 4e1b0be7-9f9e-4bc0-901e-d186c544275b - final_athletes -   015-1_compiled.htm: 12 qualifiers
[32m2026-05-30 11:40:24 -0700[0m - dagster - [34mINFO[0m - __ASSET_JOB - 4e1b0be7-9f9e-4bc0-901e-d186c544275b - final_athletes -   009-1_compiled.htm: 24 qualifiers
[32m2026-05-30 11:40:25 -0700[0m - dagster - [34mINFO[0m - __ASSET_JOB - 4e1b0be7-9f9e-4bc0-901e-d186c544275b - final_athletes -   014-1_compiled.htm: 12 qualifiers
[32m2026-05-30 11:40:25 -0700[0m - dagster - [34mINFO[0m - __ASSET_JOB - 4e1b0be7-9f9e-4bc0-901e-d186c544275b - final_athletes -   017-1_compiled.htm: 12 qualifiers
[32m2026-05-30 11:40:26 -0700[0m - dagster - [34mINFO[0m - __ASSET_JOB - 4e1b0be7-9f9e-4bc0-901e-d186c544275b - final_athletes -   005-1_compiled.htm: 24 qualifiers
[32m2026-05-30 11:40:26 -0700[0m - dagster - [34mINFO[0m - __ASSET_JOB - 4e1b0be7-9f9e-4bc0-901e-d186c544275b - final_athletes -   001-1_compiled.htm: 24 qualifiers
[32m2026-05-30 11:40:26 -0700[0m - dagster - [34mINFO[0m - __ASSET_JOB - 4e1b0be7-9f9e-4bc0-901e-d186c544275b - final_athletes -   003-1_compiled.htm: 24 qualifiers
[32m2026-05-30 11:40:27 -0700[0m - dagster - [34mINFO[0m - __ASSET_JOB - 4e1b0be7-9f9e-4bc0-901e-d186c544275b - final_athletes -   004-1_compiled.htm: 24 qualifiers
[32m2026-05-30 11:40:27 -0700[0m - dagster - [34mINFO[0m - __ASSET_JOB - 4e1b0be7-9f9e-4bc0-901e-d186c544275b - final_athletes -   010-1_compiled.htm: 24 qualifiers
[32m2026-05-30 11:40:27 -0700[0m - dagster - [34mINFO[0m - __ASSET_JOB - 4e1b0be7-9f9e-4bc0-901e-d186c544275b - final_athletes -   002-1_compiled.htm: 24 qualifiers
[32m2026-05-30 11:40:28 -0700[0m - dagster - [34mINFO[0m - __ASSET_JOB - 4e1b0be7-9f9e-4bc0-901e-d186c544275b - final_athletes -   008-1_compiled.htm: 12 qualifiers
[32m2026-05-30 11:40:28 -0700[0m - dagster - [34mINFO[0m - __ASSET_JOB - 4e1b0be7-9f9e-4bc0-901e-d186c544275b - final_athletes - west: 54 event pages found
[32m2026-05-30 11:40:28 -0700[0m - dagster - [34mINFO[0m - __ASSET_JOB - 4e1b0be7-9f9e-4bc0-901e-d186c544275b - final_athletes -   038-1_compiled.htm: 11 qualifiers
[32m2026-05-30 11:40:33 -0700[0m - dagster - [34mINFO[0m - __ASSET_JOB - 4e1b0be7-9f9e-4bc0-901e-d186c544275b - final_athletes -   019-1_compiled.htm: 12 qualifiers
[32m2026-05-30 11:40:33 -0700[0m - dagster - [34mINFO[0m - __ASSET_JOB - 4e1b0be7-9f9e-4bc0-901e-d186c544275b - final_athletes -   009-1_compiled.htm: 24 qualifiers
[32m2026-05-30 11:40:34 -0700[0m - dagster - [34mINFO[0m - __ASSET_JOB - 4e1b0be7-9f9e-4bc0-901e-d186c544275b - final_athletes -   005-1_compiled.htm: 24 qualifiers
[32m2026-05-30 11:40:34 -0700[0m - dagster - [34mINFO[0m - __ASSET_JOB - 4e1b0be7-9f9e-4bc0-901e-d186c544275b - final_athletes -   015-1_compiled.htm: 12 qualifiers
[32m2026-05-30 11:40:34 -0700[0m - dagster - [34mINFO[0m - __ASSET_JOB - 4e1b0be7-9f9e-4bc0-901e-d186c544275b - final_athletes -   017-1_compiled.htm: 12 qualifiers
[32m2026-05-30 11:40:35 -0700[0m - dagster - [34mINFO[0m - __ASSET_JOB - 4e1b0be7-9f9e-4bc0-901e-d186c544275b - final_athletes -   001-1_compiled.htm: 24 qualifiers
[32m2026-05-30 11:40:35 -0700[0m - dagster - [34mINFO[0m - __ASSET_JOB - 4e1b0be7-9f9e-4bc0-901e-d186c544275b - final_athletes -   003-1_compiled.htm: 24 qualifiers
[32m2026-05-30 11:40:35 -0700[0m - dagster - [34mINFO[0m - __ASSET_JOB - 4e1b0be7-9f9e-4bc0-901e-d186c544275b - final_athletes -   004-1_compiled.htm: 24 qualifiers
[32m2026-05-30 11:40:36 -0700[0m - dagster - [34mINFO[0m - __ASSET_JOB - 4e1b0be7-9f9e-4bc0-901e-d186c544275b - final_athletes -   010-1_compiled.htm: 24 qualifiers
[32m2026-05-30 11:40:36 -0700[0m - dagster - [34mINFO[0m - __ASSET_JOB - 4e1b0be7-9f9e-4bc0-901e-d186c544275b - final_athletes -   002-1_compiled.htm: 24 qualifiers
[32m2026-05-30 11:40:37 -0700[0m - dagster - [34mINFO[0m - __ASSET_JOB - 4e1b0be7-9f9e-4bc0-901e-d186c544275b - final_athletes -   020-1_compiled.htm: 12 qualifiers
[32m2026-05-30 11:40:37 -0700[0m - dagster - [34mINFO[0m - __ASSET_JOB - 4e1b0be7-9f9e-4bc0-901e-d186c544275b - final_athletes -   008-1_compiled.htm: 12 qualifiers
[32m2026-05-30 11:40:37 -0700[0m - dagster - [34mINFO[0m - __ASSET_JOB - 4e1b0be7-9f9e-4bc0-901e-d186c544275b - final_athletes -   039-1_compiled.htm: 12 qualifiers
[32m2026-05-30 11:40:38 -0700[0m - dagster - [34mINFO[0m - __ASSET_JOB - 4e1b0be7-9f9e-4bc0-901e-d186c544275b - final_athletes -   040-1_compiled.htm: 12 qualifiers
[32m2026-05-30 11:40:38 -0700[0m - dagster - [34mINFO[0m - __ASSET_JOB - 4e1b0be7-9f9e-4bc0-901e-d186c544275b - final_athletes -   014-1_compiled.htm: 12 qualifiers
[32m2026-05-30 11:40:38 -0700[0m - dagster - [34mINFO[0m - __ASSET_JOB - 4e1b0be7-9f9e-4bc0-901e-d186c544275b - final_athletes -   029-1_compiled.htm: 24 qualifiers
[32m2026-05-30 11:40:38 -0700[0m - dagster - [34mINFO[0m - __ASSET_JOB - 4e1b0be7-9f9e-4bc0-901e-d186c544275b - final_athletes -   035-1_compiled.htm: 12 qualifiers
[32m2026-05-30 11:40:39 -0700[0m - dagster - [34mINFO[0m - __ASSET_JOB - 4e1b0be7-9f9e-4bc0-901e-d186c544275b - final_athletes -   025-1_compiled.htm: 24 qualifiers
[32m2026-05-30 11:40:39 -0700[0m - dagster - [34mINFO[0m - __ASSET_JOB - 4e1b0be7-9f9e-4bc0-901e-d186c544275b - final_athletes -   034-1_compiled.htm: 12 qualifiers
[32m2026-05-30 11:40:39 -0700[0m - dagster - [34mINFO[0m - __ASSET_JOB - 4e1b0be7-9f9e-4bc0-901e-d186c544275b - final_athletes -   037-1_compiled.htm: 12 qualifiers
[32m2026-05-30 11:40:40 -0700[0m - dagster - [34mINFO[0m - __ASSET_JOB - 4e1b0be7-9f9e-4bc0-901e-d186c544275b - final_athletes -   021-1_compiled.htm: 24 qualifiers
[32m2026-05-30 11:40:40 -0700[0m - dagster - [34mINFO[0m - __ASSET_JOB - 4e1b0be7-9f9e-4bc0-901e-d186c544275b - final_athletes -   023-1_compiled.htm: 24 qualifiers
[32m2026-05-30 11:40:40 -0700[0m - dagster - [34mINFO[0m - __ASSET_JOB - 4e1b0be7-9f9e-4bc0-901e-d186c544275b - final_athletes -   024-1_compiled.htm: 24 qualifiers
[32m2026-05-30 11:40:41 -0700[0m - dagster - [34mINFO[0m - __ASSET_JOB - 4e1b0be7-9f9e-4bc0-901e-d186c544275b - final_athletes -   030-1_compiled.htm: 24 qualifiers
[32m2026-05-30 11:40:41 -0700[0m - dagster - [34mINFO[0m - __ASSET_JOB - 4e1b0be7-9f9e-4bc0-901e-d186c544275b - final_athletes -   022-1_compiled.htm: 24 qualifiers
[32m2026-05-30 11:40:41 -0700[0m - dagster - [34mINFO[0m - __ASSET_JOB - 4e1b0be7-9f9e-4bc0-901e-d186c544275b - final_athletes -   028-1_compiled.htm: 12 qualifiers
[32m2026-05-30 11:40:42 -0700[0m - dagster - [34mINFO[0m - __ASSET_JOB - 4e1b0be7-9f9e-4bc0-901e-d186c544275b - final_athletes -   018-1_compiled.htm: 12 qualifiers
[32m2026-05-30 11:40:42 -0700[0m - dagster - [34mINFO[0m - __ASSET_JOB - 4e1b0be7-9f9e-4bc0-901e-d186c544275b - final_athletes -   013-1_compiled.htm: 12 qualifiers
[32m2026-05-30 11:40:42 -0700[0m - dagster - [34mINFO[0m - __ASSET_JOB - 4e1b0be7-9f9e-4bc0-901e-d186c544275b - final_athletes -   011-1_compiled.htm: 12 qualifiers
[32m2026-05-30 11:40:43 -0700[0m - dagster - [34mINFO[0m - __ASSET_JOB - 4e1b0be7-9f9e-4bc0-901e-d186c544275b - final_athletes -   005-2_compiled.htm: 12 qualifiers
[32m2026-05-30 11:40:43 -0700[0m - dagster - [34mINFO[0m - __ASSET_JOB - 4e1b0be7-9f9e-4bc0-901e-d186c544275b - final_athletes -   006-1_compiled.htm: 12 qualifiers
[32m2026-05-30 11:40:43 -0700[0m - dagster - [34mINFO[0m - __ASSET_JOB - 4e1b0be7-9f9e-4bc0-901e-d186c544275b - final_athletes -   016-1_compiled.htm: 12 qualifiers
[32m2026-05-30 11:40:43 -0700[0m - dagster - [34mINFO[0m - __ASSET_JOB - 4e1b0be7-9f9e-4bc0-901e-d186c544275b - final_athletes -   009-2_compiled.htm: 12 qualifiers
[32m2026-05-30 11:40:44 -0700[0m - dagster - [34mINFO[0m - __ASSET_JOB - 4e1b0be7-9f9e-4bc0-901e-d186c544275b - final_athletes -   001-2_compiled.htm: 12 qualifiers
[32m2026-05-30 11:40:44 -0700[0m - dagster - [34mINFO[0m - __ASSET_JOB - 4e1b0be7-9f9e-4bc0-901e-d186c544275b - final_athletes -   003-2_compiled.htm: 12 qualifiers
[32m2026-05-30 11:40:44 -0700[0m - dagster - [34mINFO[0m - __ASSET_JOB - 4e1b0be7-9f9e-4bc0-901e-d186c544275b - final_athletes -   004-2_compiled.htm: 12 qualifiers
[32m2026-05-30 11:40:45 -0700[0m - dagster - [34mINFO[0m - __ASSET_JOB - 4e1b0be7-9f9e-4bc0-901e-d186c544275b - final_athletes -   010-2_compiled.htm: 12 qualifiers
[32m2026-05-30 11:40:45 -0700[0m - dagster - [34mINFO[0m - __ASSET_JOB - 4e1b0be7-9f9e-4bc0-901e-d186c544275b - final_athletes -   002-2_compiled.htm: 12 qualifiers
[32m2026-05-30 11:40:46 -0700[0m - dagster - [34mINFO[0m - __ASSET_JOB - 4e1b0be7-9f9e-4bc0-901e-d186c544275b - final_athletes -   007-1_compiled.htm: 12 qualifiers
[32m2026-05-30 11:40:46 -0700[0m - dagster - [34mINFO[0m - __ASSET_JOB - 4e1b0be7-9f9e-4bc0-901e-d186c544275b - final_athletes -   012-1_compiled.htm: 12 qualifiers
[32m2026-05-30 11:40:46 -0700[0m - dagster - [34mINFO[0m - __ASSET_JOB - 4e1b0be7-9f9e-4bc0-901e-d186c544275b - final_athletes - Saved 1327 total qualifiers → data/final_athletes.csv
[32m2026-05-30 11:40:46 -0700[0m - dagster - [34mDEBUG[0m - __ASSET_JOB - 4e1b0be7-9f9e-4bc0-901e-d186c544275b - 42061 - final_athletes - STEP_OUTPUT - Yielded output "result" of type "DataFrame". (Type check passed).
[32m2026-05-30 11:40:46 -0700[0m - dagster - [34mDEBUG[0m - __ASSET_JOB - 4e1b0be7-9f9e-4bc0-901e-d186c544275b - final_athletes - Writing file at: /Users/katelynvuong/Desktop/2026-ncaa-tf-predictions/.tmp_dagster_home_17skikmc/storage/final_athletes using PickledObjectFilesystemIOManager...
[32m2026-05-30 11:40:46 -0700[0m - dagster - [34mDEBUG[0m - __ASSET_JOB - 4e1b0be7-9f9e-4bc0-901e-d186c544275b - 42061 - final_athletes - ASSET_MATERIALIZATION - Materialized value final_athletes.
[32m2026-05-30 11:40:46 -0700[0m - dagster - [34mDEBUG[0m - __ASSET_JOB - 4e1b0be7-9f9e-4bc0-901e-d186c544275b - 42061 - final_athletes - HANDLED_OUTPUT - Handled output "result" using IO manager "io_manager"
[32m2026-05-30 11:40:46 -0700[0m - dagster - [34mDEBUG[0m - __ASSET_JOB - 4e1b0be7-9f9e-4bc0-901e-d186c544275b - 42061 - final_athletes - STEP_SUCCESS - Finished execution of step "final_athletes" in 37.26s.
