[32m2026-06-01 12:45:09 -0700[0m - dagster - [34mDEBUG[0m - __ASSET_JOB - d3e07bb2-1aa0-4a9b-8445-54392f98a17b - 81853 - LOGS_CAPTURED - Started capturing logs in process (pid: 81853).
[32m2026-06-01 12:45:09 -0700[0m - dagster - [34mDEBUG[0m - __ASSET_JOB - d3e07bb2-1aa0-4a9b-8445-54392f98a17b - 81853 - predictions - STEP_START - Started execution of step "predictions".
[32m2026-06-01 12:45:09 -0700[0m - dagster - [34mINFO[0m - __ASSET_JOB - d3e07bb2-1aa0-4a9b-8445-54392f98a17b - predictions - ── 2025 holdout validation ──
[32m2026-06-01 12:45:09 -0700[0m - dagster - [34mINFO[0m - __ASSET_JOB - d3e07bb2-1aa0-4a9b-8445-54392f98a17b - predictions -   MAE:              1.462 places
[32m2026-06-01 12:45:09 -0700[0m - dagster - [34mINFO[0m - __ASSET_JOB - d3e07bb2-1aa0-4a9b-8445-54392f98a17b - predictions -   RMSE:             1.759 places
[32m2026-06-01 12:45:09 -0700[0m - dagster - [34mINFO[0m - __ASSET_JOB - d3e07bb2-1aa0-4a9b-8445-54392f98a17b - predictions -   Spearman (avg):   0.715
[32m2026-06-01 12:45:09 -0700[0m - dagster - [34mINFO[0m - __ASSET_JOB - d3e07bb2-1aa0-4a9b-8445-54392f98a17b - predictions -   Top-3 hit rate:   81/108 (75.0%)
[32m2026-06-01 12:45:09 -0700[0m - dagster - [34mINFO[0m - __ASSET_JOB - d3e07bb2-1aa0-4a9b-8445-54392f98a17b - predictions - Final model trained on 1107 rows (4 years)
[32m2026-06-01 12:45:09 -0700[0m - dagster - [34mINFO[0m - __ASSET_JOB - d3e07bb2-1aa0-4a9b-8445-54392f98a17b - predictions - XGBoost feature importances:
[32m2026-06-01 12:45:09 -0700[0m - dagster - [34mINFO[0m - __ASSET_JOB - d3e07bb2-1aa0-4a9b-8445-54392f98a17b - predictions -   avg_place                     : 0.3548
[32m2026-06-01 12:45:09 -0700[0m - dagster - [34mINFO[0m - __ASSET_JOB - d3e07bb2-1aa0-4a9b-8445-54392f98a17b - predictions -   conf_champ_place              : 0.1983
[32m2026-06-01 12:45:09 -0700[0m - dagster - [34mINFO[0m - __ASSET_JOB - d3e07bb2-1aa0-4a9b-8445-54392f98a17b - predictions -   conf_champ_place_any_event    : 0.1153
[32m2026-06-01 12:45:09 -0700[0m - dagster - [34mINFO[0m - __ASSET_JOB - d3e07bb2-1aa0-4a9b-8445-54392f98a17b - predictions -   cross_event_avg_place         : 0.0969
[32m2026-06-01 12:45:09 -0700[0m - dagster - [34mINFO[0m - __ASSET_JOB - d3e07bb2-1aa0-4a9b-8445-54392f98a17b - predictions -   pr                            : 0.0848
[32m2026-06-01 12:45:09 -0700[0m - dagster - [34mINFO[0m - __ASSET_JOB - d3e07bb2-1aa0-4a9b-8445-54392f98a17b - predictions -   season_best                   : 0.0771
[32m2026-06-01 12:45:09 -0700[0m - dagster - [34mINFO[0m - __ASSET_JOB - d3e07bb2-1aa0-4a9b-8445-54392f98a17b - predictions -   season_avg                    : 0.0729
[32m2026-06-01 12:45:09 -0700[0m - dagster - [34mINFO[0m - __ASSET_JOB - d3e07bb2-1aa0-4a9b-8445-54392f98a17b - predictions - Ridge coefficients:
[32m2026-06-01 12:45:09 -0700[0m - dagster - [34mINFO[0m - __ASSET_JOB - d3e07bb2-1aa0-4a9b-8445-54392f98a17b - predictions -   season_avg                    : -0.1292
[32m2026-06-01 12:45:09 -0700[0m - dagster - [34mINFO[0m - __ASSET_JOB - d3e07bb2-1aa0-4a9b-8445-54392f98a17b - predictions -   season_best                   : -0.0537
[32m2026-06-01 12:45:09 -0700[0m - dagster - [34mINFO[0m - __ASSET_JOB - d3e07bb2-1aa0-4a9b-8445-54392f98a17b - predictions -   cross_event_avg_place         : 0.0609
[32m2026-06-01 12:45:09 -0700[0m - dagster - [34mINFO[0m - __ASSET_JOB - d3e07bb2-1aa0-4a9b-8445-54392f98a17b - predictions -   conf_champ_place_any_event    : 0.0610
[32m2026-06-01 12:45:09 -0700[0m - dagster - [34mINFO[0m - __ASSET_JOB - d3e07bb2-1aa0-4a9b-8445-54392f98a17b - predictions -   avg_place                     : 0.1856
[32m2026-06-01 12:45:09 -0700[0m - dagster - [34mINFO[0m - __ASSET_JOB - d3e07bb2-1aa0-4a9b-8445-54392f98a17b - predictions -   pr                            : 0.1896
[32m2026-06-01 12:45:09 -0700[0m - dagster - [34mINFO[0m - __ASSET_JOB - d3e07bb2-1aa0-4a9b-8445-54392f98a17b - predictions -   conf_champ_place              : 0.3346
[32m2026-06-01 12:45:09 -0700[0m - dagster - [34mINFO[0m - __ASSET_JOB - d3e07bb2-1aa0-4a9b-8445-54392f98a17b - predictions - Saved 860 predictions → data/predictions/predictions.csv
[32m2026-06-01 12:45:09 -0700[0m - dagster - [34mINFO[0m - __ASSET_JOB - d3e07bb2-1aa0-4a9b-8445-54392f98a17b - predictions - Saved team scores → data/predictions/team_scores.csv
[32m2026-06-01 12:45:09 -0700[0m - dagster - [34mINFO[0m - __ASSET_JOB - d3e07bb2-1aa0-4a9b-8445-54392f98a17b - predictions - ── Top 3 Men ──
[32m2026-06-01 12:45:09 -0700[0m - dagster - [34mINFO[0m - __ASSET_JOB - d3e07bb2-1aa0-4a9b-8445-54392f98a17b - predictions -   1. Oregon — 46 pts
[32m2026-06-01 12:45:09 -0700[0m - dagster - [34mINFO[0m - __ASSET_JOB - d3e07bb2-1aa0-4a9b-8445-54392f98a17b - predictions -   2. Arkansas — 37 pts
[32m2026-06-01 12:45:09 -0700[0m - dagster - [34mINFO[0m - __ASSET_JOB - d3e07bb2-1aa0-4a9b-8445-54392f98a17b - predictions -   3. Louisville — 28 pts
[32m2026-06-01 12:45:09 -0700[0m - dagster - [34mINFO[0m - __ASSET_JOB - d3e07bb2-1aa0-4a9b-8445-54392f98a17b - predictions - ── Top 3 Women ──
[32m2026-06-01 12:45:09 -0700[0m - dagster - [34mINFO[0m - __ASSET_JOB - d3e07bb2-1aa0-4a9b-8445-54392f98a17b - predictions -   1. Princeton — 34 pts
[32m2026-06-01 12:45:09 -0700[0m - dagster - [34mINFO[0m - __ASSET_JOB - d3e07bb2-1aa0-4a9b-8445-54392f98a17b - predictions -   2. USC — 26 pts
[32m2026-06-01 12:45:09 -0700[0m - dagster - [34mINFO[0m - __ASSET_JOB - d3e07bb2-1aa0-4a9b-8445-54392f98a17b - predictions -   3. South Carolina — 26 pts
[32m2026-06-01 12:45:09 -0700[0m - dagster - [34mDEBUG[0m - __ASSET_JOB - d3e07bb2-1aa0-4a9b-8445-54392f98a17b - 81853 - predictions - STEP_OUTPUT - Yielded output "result" of type "DataFrame". (Type check passed).
[32m2026-06-01 12:45:09 -0700[0m - dagster - [34mDEBUG[0m - __ASSET_JOB - d3e07bb2-1aa0-4a9b-8445-54392f98a17b - predictions - Writing file at: /Users/katelynvuong/Desktop/2026-ncaa-tf-predictions/.tmp_dagster_home_17skikmc/storage/predictions using PickledObjectFilesystemIOManager...
[32m2026-06-01 12:45:09 -0700[0m - dagster - [34mDEBUG[0m - __ASSET_JOB - d3e07bb2-1aa0-4a9b-8445-54392f98a17b - 81853 - predictions - ASSET_MATERIALIZATION - Materialized value predictions.
[32m2026-06-01 12:45:09 -0700[0m - dagster - [34mDEBUG[0m - __ASSET_JOB - d3e07bb2-1aa0-4a9b-8445-54392f98a17b - 81853 - predictions - HANDLED_OUTPUT - Handled output "result" using IO manager "io_manager"
[32m2026-06-01 12:45:09 -0700[0m - dagster - [34mDEBUG[0m - __ASSET_JOB - d3e07bb2-1aa0-4a9b-8445-54392f98a17b - 81853 - predictions - STEP_SUCCESS - Finished execution of step "predictions" in 602ms.
