[32m2026-06-01 18:10:41 -0700[0m - dagster - [34mDEBUG[0m - __ASSET_JOB - a822a61c-f7a1-4aed-b8f8-2d7907b94268 - 97027 - LOGS_CAPTURED - Started capturing logs in process (pid: 97027).
[32m2026-06-01 18:10:41 -0700[0m - dagster - [34mDEBUG[0m - __ASSET_JOB - a822a61c-f7a1-4aed-b8f8-2d7907b94268 - 97027 - historical_relay_qualifying - STEP_START - Started execution of step "historical_relay_qualifying".
[32m2026-06-01 18:10:41 -0700[0m - dagster - [34mINFO[0m - __ASSET_JOB - a822a61c-f7a1-4aed-b8f8-2d7907b94268 - historical_relay_qualifying -   2022 east M 4x100: 12 qualifying teams
[32m2026-06-01 18:10:41 -0700[0m - dagster - [34mINFO[0m - __ASSET_JOB - a822a61c-f7a1-4aed-b8f8-2d7907b94268 - historical_relay_qualifying -   2022 east M 4x400: 12 qualifying teams
[32m2026-06-01 18:10:42 -0700[0m - dagster - [34mINFO[0m - __ASSET_JOB - a822a61c-f7a1-4aed-b8f8-2d7907b94268 - historical_relay_qualifying -   2022 east W 4x100: 12 qualifying teams
[32m2026-06-01 18:10:42 -0700[0m - dagster - [34mINFO[0m - __ASSET_JOB - a822a61c-f7a1-4aed-b8f8-2d7907b94268 - historical_relay_qualifying -   2022 east W 4x400: 12 qualifying teams
[32m2026-06-01 18:10:43 -0700[0m - dagster - [34mINFO[0m - __ASSET_JOB - a822a61c-f7a1-4aed-b8f8-2d7907b94268 - historical_relay_qualifying -   2022 west M 4x100: 12 qualifying teams
[32m2026-06-01 18:10:43 -0700[0m - dagster - [34mINFO[0m - __ASSET_JOB - a822a61c-f7a1-4aed-b8f8-2d7907b94268 - historical_relay_qualifying -   2022 west M 4x400: 12 qualifying teams
[32m2026-06-01 18:10:43 -0700[0m - dagster - [34mINFO[0m - __ASSET_JOB - a822a61c-f7a1-4aed-b8f8-2d7907b94268 - historical_relay_qualifying -   2022 west W 4x100: 12 qualifying teams
[32m2026-06-01 18:10:44 -0700[0m - dagster - [34mINFO[0m - __ASSET_JOB - a822a61c-f7a1-4aed-b8f8-2d7907b94268 - historical_relay_qualifying -   2022 west W 4x400: 12 qualifying teams
[32m2026-06-01 18:10:44 -0700[0m - dagster - [34mINFO[0m - __ASSET_JOB - a822a61c-f7a1-4aed-b8f8-2d7907b94268 - historical_relay_qualifying -   2023 east M 4x100: 12 qualifying teams
[32m2026-06-01 18:10:44 -0700[0m - dagster - [34mINFO[0m - __ASSET_JOB - a822a61c-f7a1-4aed-b8f8-2d7907b94268 - historical_relay_qualifying -   2023 east M 4x400: 12 qualifying teams
[32m2026-06-01 18:10:45 -0700[0m - dagster - [34mINFO[0m - __ASSET_JOB - a822a61c-f7a1-4aed-b8f8-2d7907b94268 - historical_relay_qualifying -   2023 east W 4x100: 12 qualifying teams
[32m2026-06-01 18:10:45 -0700[0m - dagster - [34mINFO[0m - __ASSET_JOB - a822a61c-f7a1-4aed-b8f8-2d7907b94268 - historical_relay_qualifying -   2023 east W 4x400: 12 qualifying teams
[32m2026-06-01 18:10:45 -0700[0m - dagster - [34mINFO[0m - __ASSET_JOB - a822a61c-f7a1-4aed-b8f8-2d7907b94268 - historical_relay_qualifying -   2023 west M 4x100: 12 qualifying teams
[32m2026-06-01 18:10:46 -0700[0m - dagster - [34mINFO[0m - __ASSET_JOB - a822a61c-f7a1-4aed-b8f8-2d7907b94268 - historical_relay_qualifying -   2023 west M 4x400: 12 qualifying teams
[32m2026-06-01 18:10:46 -0700[0m - dagster - [34mINFO[0m - __ASSET_JOB - a822a61c-f7a1-4aed-b8f8-2d7907b94268 - historical_relay_qualifying -   2023 west W 4x100: 12 qualifying teams
[32m2026-06-01 18:10:46 -0700[0m - dagster - [34mINFO[0m - __ASSET_JOB - a822a61c-f7a1-4aed-b8f8-2d7907b94268 - historical_relay_qualifying -   2023 west W 4x400: 12 qualifying teams
[32m2026-06-01 18:10:47 -0700[0m - dagster - [34mINFO[0m - __ASSET_JOB - a822a61c-f7a1-4aed-b8f8-2d7907b94268 - historical_relay_qualifying -   2024 east M 4x100: 12 qualifying teams
[32m2026-06-01 18:10:47 -0700[0m - dagster - [34mINFO[0m - __ASSET_JOB - a822a61c-f7a1-4aed-b8f8-2d7907b94268 - historical_relay_qualifying -   2024 east M 4x400: 12 qualifying teams
[32m2026-06-01 18:10:47 -0700[0m - dagster - [34mINFO[0m - __ASSET_JOB - a822a61c-f7a1-4aed-b8f8-2d7907b94268 - historical_relay_qualifying -   2024 east W 4x100: 12 qualifying teams
[32m2026-06-01 18:10:48 -0700[0m - dagster - [34mINFO[0m - __ASSET_JOB - a822a61c-f7a1-4aed-b8f8-2d7907b94268 - historical_relay_qualifying -   2024 east W 4x400: 12 qualifying teams
[32m2026-06-01 18:10:48 -0700[0m - dagster - [34mINFO[0m - __ASSET_JOB - a822a61c-f7a1-4aed-b8f8-2d7907b94268 - historical_relay_qualifying -   2024 west M 4x100: 12 qualifying teams
[32m2026-06-01 18:10:49 -0700[0m - dagster - [34mINFO[0m - __ASSET_JOB - a822a61c-f7a1-4aed-b8f8-2d7907b94268 - historical_relay_qualifying -   2024 west M 4x400: 12 qualifying teams
[32m2026-06-01 18:10:49 -0700[0m - dagster - [34mINFO[0m - __ASSET_JOB - a822a61c-f7a1-4aed-b8f8-2d7907b94268 - historical_relay_qualifying -   2024 west W 4x100: 12 qualifying teams
[32m2026-06-01 18:10:49 -0700[0m - dagster - [34mINFO[0m - __ASSET_JOB - a822a61c-f7a1-4aed-b8f8-2d7907b94268 - historical_relay_qualifying -   2024 west W 4x400: 12 qualifying teams
[32m2026-06-01 18:10:50 -0700[0m - dagster - [34mINFO[0m - __ASSET_JOB - a822a61c-f7a1-4aed-b8f8-2d7907b94268 - historical_relay_qualifying -   2025 east M 4x100: 12 qualifying teams
[32m2026-06-01 18:10:50 -0700[0m - dagster - [34mINFO[0m - __ASSET_JOB - a822a61c-f7a1-4aed-b8f8-2d7907b94268 - historical_relay_qualifying -   2025 east M 4x400: 12 qualifying teams
[32m2026-06-01 18:10:50 -0700[0m - dagster - [34mINFO[0m - __ASSET_JOB - a822a61c-f7a1-4aed-b8f8-2d7907b94268 - historical_relay_qualifying -   2025 east W 4x100: 12 qualifying teams
[32m2026-06-01 18:10:51 -0700[0m - dagster - [34mINFO[0m - __ASSET_JOB - a822a61c-f7a1-4aed-b8f8-2d7907b94268 - historical_relay_qualifying -   2025 east W 4x400: 12 qualifying teams
[32m2026-06-01 18:10:51 -0700[0m - dagster - [34mINFO[0m - __ASSET_JOB - a822a61c-f7a1-4aed-b8f8-2d7907b94268 - historical_relay_qualifying -   2025 west M 4x100: 12 qualifying teams
[32m2026-06-01 18:10:51 -0700[0m - dagster - [34mINFO[0m - __ASSET_JOB - a822a61c-f7a1-4aed-b8f8-2d7907b94268 - historical_relay_qualifying -   2025 west M 4x400: 12 qualifying teams
[32m2026-06-01 18:10:52 -0700[0m - dagster - [34mINFO[0m - __ASSET_JOB - a822a61c-f7a1-4aed-b8f8-2d7907b94268 - historical_relay_qualifying -   2025 west W 4x100: 12 qualifying teams
[32m2026-06-01 18:10:52 -0700[0m - dagster - [34mINFO[0m - __ASSET_JOB - a822a61c-f7a1-4aed-b8f8-2d7907b94268 - historical_relay_qualifying -   2025 west W 4x400: 12 qualifying teams
[32m2026-06-01 18:10:52 -0700[0m - dagster - [34mINFO[0m - __ASSET_JOB - a822a61c-f7a1-4aed-b8f8-2d7907b94268 - historical_relay_qualifying - Saved 384 relay qualifying rows → data/training/historical_relay_qualifying.csv
[32m2026-06-01 18:10:52 -0700[0m - dagster - [34mDEBUG[0m - __ASSET_JOB - a822a61c-f7a1-4aed-b8f8-2d7907b94268 - 97027 - historical_relay_qualifying - STEP_OUTPUT - Yielded output "result" of type "DataFrame". (Type check passed).
[32m2026-06-01 18:10:52 -0700[0m - dagster - [34mDEBUG[0m - __ASSET_JOB - a822a61c-f7a1-4aed-b8f8-2d7907b94268 - historical_relay_qualifying - Writing file at: /Users/katelynvuong/Desktop/2026-ncaa-tf-predictions/.tmp_dagster_home_17skikmc/storage/historical_relay_qualifying using PickledObjectFilesystemIOManager...
[32m2026-06-01 18:10:52 -0700[0m - dagster - [34mDEBUG[0m - __ASSET_JOB - a822a61c-f7a1-4aed-b8f8-2d7907b94268 - 97027 - historical_relay_qualifying - ASSET_MATERIALIZATION - Materialized value historical_relay_qualifying.
[32m2026-06-01 18:10:52 -0700[0m - dagster - [34mDEBUG[0m - __ASSET_JOB - a822a61c-f7a1-4aed-b8f8-2d7907b94268 - 97027 - historical_relay_qualifying - HANDLED_OUTPUT - Handled output "result" using IO manager "io_manager"
[32m2026-06-01 18:10:52 -0700[0m - dagster - [34mDEBUG[0m - __ASSET_JOB - a822a61c-f7a1-4aed-b8f8-2d7907b94268 - 97027 - historical_relay_qualifying - STEP_SUCCESS - Finished execution of step "historical_relay_qualifying" in 11.46s.
