[32m2026-06-01 11:53:39 -0700[0m - dagster - [34mDEBUG[0m - __ASSET_JOB - d50290d9-42e1-4646-a9cd-1ff6c9d0dc43 - 48042 - LOGS_CAPTURED - Started capturing logs in process (pid: 48042).
[32m2026-06-01 11:53:39 -0700[0m - dagster - [34mDEBUG[0m - __ASSET_JOB - d50290d9-42e1-4646-a9cd-1ff6c9d0dc43 - 48042 - features - STEP_START - Started execution of step "features".
[32m2026-06-01 11:53:43 -0700[0m - dagster - [34mINFO[0m - __ASSET_JOB - d50290d9-42e1-4646-a9cd-1ff6c9d0dc43 - features - Filtered results: 60882 rows (mark-based), 63230 rows (place-based)
[32m2026-06-01 11:53:43 -0700[0m - dagster - [34mERROR[0m - [31m__ASSET_JOB - d50290d9-42e1-4646-a9cd-1ff6c9d0dc43 - 48042 - features - STEP_FAILURE - Execution of step "features" failed.

dagster._core.errors.DagsterExecutionStepExecutionError: Error occurred while executing op "features"::

ValueError: cannot reindex on an axis with duplicate labels

Stack Trace:
  File "/Users/katelynvuong/Desktop/2026-ncaa-tf-predictions/.venv/lib/python3.12/site-packages/dagster/_core/execution/plan/utils.py", line 57, in op_execution_error_boundary
    yield
  File "/Users/katelynvuong/Desktop/2026-ncaa-tf-predictions/.venv/lib/python3.12/site-packages/dagster/_utils/__init__.py", line 394, in iterate_with_context
    next_output = next(iterator)
                  ^^^^^^^^^^^^^^
  File "/Users/katelynvuong/Desktop/2026-ncaa-tf-predictions/.venv/lib/python3.12/site-packages/dagster/_core/execution/plan/compute_generator.py", line 135, in _coerce_op_compute_fn_to_iterator
    result = invoke_compute_fn(
             ^^^^^^^^^^^^^^^^^^
  File "/Users/katelynvuong/Desktop/2026-ncaa-tf-predictions/.venv/lib/python3.12/site-packages/dagster/_core/execution/plan/compute_generator.py", line 115, in invoke_compute_fn
    return fn(context, **args_to_pass) if context_arg_provided else fn(**args_to_pass)
                                                                    ^^^^^^^^^^^^^^^^^^
  File "/Users/katelynvuong/Desktop/2026-ncaa-tf-predictions/pipeline/assets/features.py", line 259, in features
    pr  = _pr_feature(prs, event, athlete_ids)
          ^^^^^^^^^^^^^^^^^^^^^^^^^^^^^^^^^^^^
  File "/Users/katelynvuong/Desktop/2026-ncaa-tf-predictions/pipeline/assets/features.py", line 187, in _pr_feature
    sub = prs.set_index("athlete_id")[pr_col].reindex(athlete_ids)
          ^^^^^^^^^^^^^^^^^^^^^^^^^^^^^^^^^^^^^^^^^^^^^^^^^^^^^^^^
  File "/Users/katelynvuong/Desktop/2026-ncaa-tf-predictions/.venv/lib/python3.12/site-packages/pandas/core/series.py", line 5525, in reindex
    return super().reindex(
           ^^^^^^^^^^^^^^^^
  File "/Users/katelynvuong/Desktop/2026-ncaa-tf-predictions/.venv/lib/python3.12/site-packages/pandas/core/generic.py", line 5476, in reindex
    return self._reindex_axes(
           ^^^^^^^^^^^^^^^^^^^
  File "/Users/katelynvuong/Desktop/2026-ncaa-tf-predictions/.venv/lib/python3.12/site-packages/pandas/core/generic.py", line 5498, in _reindex_axes
    new_index, indexer = ax.reindex(
                         ^^^^^^^^^^^
  File "/Users/katelynvuong/Desktop/2026-ncaa-tf-predictions/.venv/lib/python3.12/site-packages/pandas/core/indexes/base.py", line 4253, in reindex
    raise ValueError("cannot reindex on an axis with duplicate labels")
[0m
