[32m2026-06-01 20:32:50 -0700[0m - dagster - [34mDEBUG[0m - __ASSET_JOB - 66f36837-0a9f-4f61-b0f3-f7181e38e2e4 - 87586 - LOGS_CAPTURED - Started capturing logs in process (pid: 87586).
[32m2026-06-01 20:32:50 -0700[0m - dagster - [34mDEBUG[0m - __ASSET_JOB - 66f36837-0a9f-4f61-b0f3-f7181e38e2e4 - 87586 - predictions - STEP_START - Started execution of step "predictions".
[32m2026-06-01 20:32:50 -0700[0m - dagster - [34mINFO[0m - __ASSET_JOB - 66f36837-0a9f-4f61-b0f3-f7181e38e2e4 - predictions - ── 2025 holdout validation ──
[32m2026-06-01 20:32:50 -0700[0m - dagster - [34mINFO[0m - __ASSET_JOB - 66f36837-0a9f-4f61-b0f3-f7181e38e2e4 - predictions -   MAE:                1.404 places
[32m2026-06-01 20:32:50 -0700[0m - dagster - [34mINFO[0m - __ASSET_JOB - 66f36837-0a9f-4f61-b0f3-f7181e38e2e4 - predictions -   RMSE:               1.752 places
[32m2026-06-01 20:32:50 -0700[0m - dagster - [34mINFO[0m - __ASSET_JOB - 66f36837-0a9f-4f61-b0f3-f7181e38e2e4 - predictions -   Spearman (avg):     0.668
[32m2026-06-01 20:32:50 -0700[0m - dagster - [34mINFO[0m - __ASSET_JOB - 66f36837-0a9f-4f61-b0f3-f7181e38e2e4 - predictions -   Top-1 accuracy:     23/40 (57.5%)
[32m2026-06-01 20:32:50 -0700[0m - dagster - [34mINFO[0m - __ASSET_JOB - 66f36837-0a9f-4f61-b0f3-f7181e38e2e4 - predictions -   Top-3 hit rate:     88/120 (73.3%)
[32m2026-06-01 20:32:50 -0700[0m - dagster - [34mINFO[0m - __ASSET_JOB - 66f36837-0a9f-4f61-b0f3-f7181e38e2e4 - predictions -   Team scoring MAE:   2.19 pts
[32m2026-06-01 20:32:50 -0700[0m - dagster - [34mINFO[0m - __ASSET_JOB - 66f36837-0a9f-4f61-b0f3-f7181e38e2e4 - predictions - Final model trained on 1819 rows (6 years)
[32m2026-06-01 20:32:50 -0700[0m - dagster - [34mINFO[0m - __ASSET_JOB - 66f36837-0a9f-4f61-b0f3-f7181e38e2e4 - predictions - Feature importances:
[32m2026-06-01 20:32:50 -0700[0m - dagster - [34mINFO[0m - __ASSET_JOB - 66f36837-0a9f-4f61-b0f3-f7181e38e2e4 - predictions -   avg_place                     : 0.3726
[32m2026-06-01 20:32:50 -0700[0m - dagster - [34mINFO[0m - __ASSET_JOB - 66f36837-0a9f-4f61-b0f3-f7181e38e2e4 - predictions -   conf_champ_place              : 0.1182
[32m2026-06-01 20:32:50 -0700[0m - dagster - [34mINFO[0m - __ASSET_JOB - 66f36837-0a9f-4f61-b0f3-f7181e38e2e4 - predictions -   conf_champ_place_any_event    : 0.1012
[32m2026-06-01 20:32:50 -0700[0m - dagster - [34mINFO[0m - __ASSET_JOB - 66f36837-0a9f-4f61-b0f3-f7181e38e2e4 - predictions -   cross_event_avg_place         : 0.0804
[32m2026-06-01 20:32:50 -0700[0m - dagster - [34mINFO[0m - __ASSET_JOB - 66f36837-0a9f-4f61-b0f3-f7181e38e2e4 - predictions -   pr                            : 0.0761
[32m2026-06-01 20:32:50 -0700[0m - dagster - [34mINFO[0m - __ASSET_JOB - 66f36837-0a9f-4f61-b0f3-f7181e38e2e4 - predictions -   season_best                   : 0.0704
[32m2026-06-01 20:32:50 -0700[0m - dagster - [34mINFO[0m - __ASSET_JOB - 66f36837-0a9f-4f61-b0f3-f7181e38e2e4 - predictions -   season_avg                    : 0.0656
[32m2026-06-01 20:32:50 -0700[0m - dagster - [34mINFO[0m - __ASSET_JOB - 66f36837-0a9f-4f61-b0f3-f7181e38e2e4 - predictions -   relay_qualifying_time         : 0.0440
[32m2026-06-01 20:32:50 -0700[0m - dagster - [34mINFO[0m - __ASSET_JOB - 66f36837-0a9f-4f61-b0f3-f7181e38e2e4 - predictions -   relay_season_best             : 0.0417
[32m2026-06-01 20:32:50 -0700[0m - dagster - [34mINFO[0m - __ASSET_JOB - 66f36837-0a9f-4f61-b0f3-f7181e38e2e4 - predictions -   relay_qualifying_place        : 0.0297
[32m2026-06-01 20:32:51 -0700[0m - dagster - [34mINFO[0m - __ASSET_JOB - 66f36837-0a9f-4f61-b0f3-f7181e38e2e4 - predictions - Saved 956 predictions → data/predictions/predictions.csv
[32m2026-06-01 20:32:51 -0700[0m - dagster - [34mINFO[0m - __ASSET_JOB - 66f36837-0a9f-4f61-b0f3-f7181e38e2e4 - predictions - ── Top 3 Men ──
[32m2026-06-01 20:32:51 -0700[0m - dagster - [34mINFO[0m - __ASSET_JOB - 66f36837-0a9f-4f61-b0f3-f7181e38e2e4 - predictions -   1. Arkansas — 39 pts
[32m2026-06-01 20:32:51 -0700[0m - dagster - [34mINFO[0m - __ASSET_JOB - 66f36837-0a9f-4f61-b0f3-f7181e38e2e4 - predictions -   2. Oregon — 32 pts
[32m2026-06-01 20:32:51 -0700[0m - dagster - [34mINFO[0m - __ASSET_JOB - 66f36837-0a9f-4f61-b0f3-f7181e38e2e4 - predictions -   3. Auburn — 30 pts
[32m2026-06-01 20:32:51 -0700[0m - dagster - [34mINFO[0m - __ASSET_JOB - 66f36837-0a9f-4f61-b0f3-f7181e38e2e4 - predictions - ── Top 3 Women ──
[32m2026-06-01 20:32:51 -0700[0m - dagster - [34mINFO[0m - __ASSET_JOB - 66f36837-0a9f-4f61-b0f3-f7181e38e2e4 - predictions -   1. Georgia — 45 pts
[32m2026-06-01 20:32:51 -0700[0m - dagster - [34mINFO[0m - __ASSET_JOB - 66f36837-0a9f-4f61-b0f3-f7181e38e2e4 - predictions -   2. South Carolina — 37 pts
[32m2026-06-01 20:32:51 -0700[0m - dagster - [34mINFO[0m - __ASSET_JOB - 66f36837-0a9f-4f61-b0f3-f7181e38e2e4 - predictions -   3. USC — 31 pts
[32m2026-06-01 20:32:51 -0700[0m - dagster - [34mDEBUG[0m - __ASSET_JOB - 66f36837-0a9f-4f61-b0f3-f7181e38e2e4 - 87586 - predictions - STEP_OUTPUT - Yielded output "result" of type "DataFrame". (Type check passed).
[32m2026-06-01 20:32:51 -0700[0m - dagster - [34mDEBUG[0m - __ASSET_JOB - 66f36837-0a9f-4f61-b0f3-f7181e38e2e4 - predictions - Writing file at: /Users/katelynvuong/Desktop/2026-ncaa-tf-predictions/.tmp_dagster_home_17skikmc/storage/predictions using PickledObjectFilesystemIOManager...
[32m2026-06-01 20:32:51 -0700[0m - dagster - [34mDEBUG[0m - __ASSET_JOB - 66f36837-0a9f-4f61-b0f3-f7181e38e2e4 - 87586 - predictions - ASSET_MATERIALIZATION - Materialized value predictions.
[32m2026-06-01 20:32:51 -0700[0m - dagster - [34mDEBUG[0m - __ASSET_JOB - 66f36837-0a9f-4f61-b0f3-f7181e38e2e4 - 87586 - predictions - HANDLED_OUTPUT - Handled output "result" using IO manager "io_manager"
[32m2026-06-01 20:32:51 -0700[0m - dagster - [34mDEBUG[0m - __ASSET_JOB - 66f36837-0a9f-4f61-b0f3-f7181e38e2e4 - 87586 - predictions - STEP_SUCCESS - Finished execution of step "predictions" in 760ms.
