[32m2026-06-01 12:34:33 -0700[0m - dagster - [34mDEBUG[0m - __ASSET_JOB - 42ed48e6-71b4-4cd7-b464-49d9371f4474 - 74872 - LOGS_CAPTURED - Started capturing logs in process (pid: 74872).
[32m2026-06-01 12:34:33 -0700[0m - dagster - [34mDEBUG[0m - __ASSET_JOB - 42ed48e6-71b4-4cd7-b464-49d9371f4474 - 74872 - final_athletes - STEP_START - Started execution of step "final_athletes".
[32m2026-06-01 12:34:34 -0700[0m - dagster - [34mINFO[0m - __ASSET_JOB - 42ed48e6-71b4-4cd7-b464-49d9371f4474 - final_athletes - east: 40 event pages found
[32m2026-06-01 12:34:34 -0700[0m - dagster - [34mINFO[0m - __ASSET_JOB - 42ed48e6-71b4-4cd7-b464-49d9371f4474 - final_athletes -   001-2_compiled.htm: 12 qualifiers
[32m2026-06-01 12:34:34 -0700[0m - dagster - [34mINFO[0m - __ASSET_JOB - 42ed48e6-71b4-4cd7-b464-49d9371f4474 - final_athletes -   002-2_compiled.htm: 12 qualifiers
[32m2026-06-01 12:34:35 -0700[0m - dagster - [34mINFO[0m - __ASSET_JOB - 42ed48e6-71b4-4cd7-b464-49d9371f4474 - final_athletes -   003-2_compiled.htm: 12 qualifiers
[32m2026-06-01 12:34:35 -0700[0m - dagster - [34mINFO[0m - __ASSET_JOB - 42ed48e6-71b4-4cd7-b464-49d9371f4474 - final_athletes -   004-2_compiled.htm: 12 qualifiers
[32m2026-06-01 12:34:35 -0700[0m - dagster - [34mINFO[0m - __ASSET_JOB - 42ed48e6-71b4-4cd7-b464-49d9371f4474 - final_athletes -   005-2_compiled.htm: 12 qualifiers
[32m2026-06-01 12:34:36 -0700[0m - dagster - [34mINFO[0m - __ASSET_JOB - 42ed48e6-71b4-4cd7-b464-49d9371f4474 - final_athletes -   006-1_compiled.htm: 12 qualifiers
[32m2026-06-01 12:34:36 -0700[0m - dagster - [34mINFO[0m - __ASSET_JOB - 42ed48e6-71b4-4cd7-b464-49d9371f4474 - final_athletes -   007-1_compiled.htm: 12 qualifiers
[32m2026-06-01 12:34:36 -0700[0m - dagster - [34mINFO[0m - __ASSET_JOB - 42ed48e6-71b4-4cd7-b464-49d9371f4474 - final_athletes -   008-1_compiled.htm: 12 qualifiers
[32m2026-06-01 12:34:36 -0700[0m - dagster - [34mINFO[0m - __ASSET_JOB - 42ed48e6-71b4-4cd7-b464-49d9371f4474 - final_athletes -   009-2_compiled.htm: 12 qualifiers
[32m2026-06-01 12:34:37 -0700[0m - dagster - [34mINFO[0m - __ASSET_JOB - 42ed48e6-71b4-4cd7-b464-49d9371f4474 - final_athletes -   010-2_compiled.htm: 12 qualifiers
[32m2026-06-01 12:34:37 -0700[0m - dagster - [34mINFO[0m - __ASSET_JOB - 42ed48e6-71b4-4cd7-b464-49d9371f4474 - final_athletes -   011-1_compiled.htm: 12 qualifiers
[32m2026-06-01 12:34:37 -0700[0m - dagster - [34mINFO[0m - __ASSET_JOB - 42ed48e6-71b4-4cd7-b464-49d9371f4474 - final_athletes -   012-1_compiled.htm: 12 qualifiers
[32m2026-06-01 12:34:38 -0700[0m - dagster - [34mINFO[0m - __ASSET_JOB - 42ed48e6-71b4-4cd7-b464-49d9371f4474 - final_athletes -   013-1_compiled.htm: 10 qualifiers
[32m2026-06-01 12:34:38 -0700[0m - dagster - [34mINFO[0m - __ASSET_JOB - 42ed48e6-71b4-4cd7-b464-49d9371f4474 - final_athletes -   014-1_compiled.htm: 12 qualifiers
[32m2026-06-01 12:34:38 -0700[0m - dagster - [34mINFO[0m - __ASSET_JOB - 42ed48e6-71b4-4cd7-b464-49d9371f4474 - final_athletes -   015-1_compiled.htm: 12 qualifiers
[32m2026-06-01 12:34:39 -0700[0m - dagster - [34mINFO[0m - __ASSET_JOB - 42ed48e6-71b4-4cd7-b464-49d9371f4474 - final_athletes -   016-1_compiled.htm: 12 qualifiers
[32m2026-06-01 12:34:39 -0700[0m - dagster - [34mINFO[0m - __ASSET_JOB - 42ed48e6-71b4-4cd7-b464-49d9371f4474 - final_athletes -   017-1_compiled.htm: 12 qualifiers
[32m2026-06-01 12:34:39 -0700[0m - dagster - [34mINFO[0m - __ASSET_JOB - 42ed48e6-71b4-4cd7-b464-49d9371f4474 - final_athletes -   018-1_compiled.htm: 12 qualifiers
[32m2026-06-01 12:34:40 -0700[0m - dagster - [34mINFO[0m - __ASSET_JOB - 42ed48e6-71b4-4cd7-b464-49d9371f4474 - final_athletes -   019-1_compiled.htm: 12 qualifiers
[32m2026-06-01 12:34:40 -0700[0m - dagster - [34mINFO[0m - __ASSET_JOB - 42ed48e6-71b4-4cd7-b464-49d9371f4474 - final_athletes -   020-1_compiled.htm: 12 qualifiers
[32m2026-06-01 12:34:41 -0700[0m - dagster - [34mINFO[0m - __ASSET_JOB - 42ed48e6-71b4-4cd7-b464-49d9371f4474 - final_athletes -   021-2_compiled.htm: 12 qualifiers
[32m2026-06-01 12:34:41 -0700[0m - dagster - [34mINFO[0m - __ASSET_JOB - 42ed48e6-71b4-4cd7-b464-49d9371f4474 - final_athletes -   022-2_compiled.htm: 12 qualifiers
[32m2026-06-01 12:34:41 -0700[0m - dagster - [34mINFO[0m - __ASSET_JOB - 42ed48e6-71b4-4cd7-b464-49d9371f4474 - final_athletes -   023-2_compiled.htm: 12 qualifiers
[32m2026-06-01 12:34:41 -0700[0m - dagster - [34mINFO[0m - __ASSET_JOB - 42ed48e6-71b4-4cd7-b464-49d9371f4474 - final_athletes -   024-2_compiled.htm: 12 qualifiers
[32m2026-06-01 12:34:42 -0700[0m - dagster - [34mINFO[0m - __ASSET_JOB - 42ed48e6-71b4-4cd7-b464-49d9371f4474 - final_athletes -   025-2_compiled.htm: 12 qualifiers
[32m2026-06-01 12:34:42 -0700[0m - dagster - [34mINFO[0m - __ASSET_JOB - 42ed48e6-71b4-4cd7-b464-49d9371f4474 - final_athletes -   026-1_compiled.htm: 12 qualifiers
[32m2026-06-01 12:34:42 -0700[0m - dagster - [34mINFO[0m - __ASSET_JOB - 42ed48e6-71b4-4cd7-b464-49d9371f4474 - final_athletes -   027-1_compiled.htm: 12 qualifiers
[32m2026-06-01 12:34:43 -0700[0m - dagster - [34mINFO[0m - __ASSET_JOB - 42ed48e6-71b4-4cd7-b464-49d9371f4474 - final_athletes -   028-1_compiled.htm: 12 qualifiers
[32m2026-06-01 12:34:43 -0700[0m - dagster - [34mINFO[0m - __ASSET_JOB - 42ed48e6-71b4-4cd7-b464-49d9371f4474 - final_athletes -   029-2_compiled.htm: 12 qualifiers
[32m2026-06-01 12:34:43 -0700[0m - dagster - [34mINFO[0m - __ASSET_JOB - 42ed48e6-71b4-4cd7-b464-49d9371f4474 - final_athletes -   030-2_compiled.htm: 12 qualifiers
[32m2026-06-01 12:34:44 -0700[0m - dagster - [34mINFO[0m - __ASSET_JOB - 42ed48e6-71b4-4cd7-b464-49d9371f4474 - final_athletes -   031-1_compiled.htm: 12 qualifiers
[32m2026-06-01 12:34:44 -0700[0m - dagster - [34mINFO[0m - __ASSET_JOB - 42ed48e6-71b4-4cd7-b464-49d9371f4474 - final_athletes -   032-1_compiled.htm: 12 qualifiers
[32m2026-06-01 12:34:45 -0700[0m - dagster - [34mINFO[0m - __ASSET_JOB - 42ed48e6-71b4-4cd7-b464-49d9371f4474 - final_athletes -   033-1_compiled.htm: 12 qualifiers
[32m2026-06-01 12:34:45 -0700[0m - dagster - [34mINFO[0m - __ASSET_JOB - 42ed48e6-71b4-4cd7-b464-49d9371f4474 - final_athletes -   034-1_compiled.htm: 10 qualifiers
[32m2026-06-01 12:34:45 -0700[0m - dagster - [34mINFO[0m - __ASSET_JOB - 42ed48e6-71b4-4cd7-b464-49d9371f4474 - final_athletes -   035-1_compiled.htm: 12 qualifiers
[32m2026-06-01 12:34:46 -0700[0m - dagster - [34mINFO[0m - __ASSET_JOB - 42ed48e6-71b4-4cd7-b464-49d9371f4474 - final_athletes -   036-1_compiled.htm: 12 qualifiers
[32m2026-06-01 12:34:46 -0700[0m - dagster - [34mINFO[0m - __ASSET_JOB - 42ed48e6-71b4-4cd7-b464-49d9371f4474 - final_athletes -   037-1_compiled.htm: 12 qualifiers
[32m2026-06-01 12:34:46 -0700[0m - dagster - [34mINFO[0m - __ASSET_JOB - 42ed48e6-71b4-4cd7-b464-49d9371f4474 - final_athletes -   038-1_compiled.htm: 12 qualifiers
[32m2026-06-01 12:34:47 -0700[0m - dagster - [34mINFO[0m - __ASSET_JOB - 42ed48e6-71b4-4cd7-b464-49d9371f4474 - final_athletes -   039-1_compiled.htm: 12 qualifiers
[32m2026-06-01 12:34:47 -0700[0m - dagster - [34mINFO[0m - __ASSET_JOB - 42ed48e6-71b4-4cd7-b464-49d9371f4474 - final_athletes -   040-1_compiled.htm: 12 qualifiers
[32m2026-06-01 12:34:47 -0700[0m - dagster - [34mINFO[0m - __ASSET_JOB - 42ed48e6-71b4-4cd7-b464-49d9371f4474 - final_athletes - west: 40 event pages found
[32m2026-06-01 12:34:48 -0700[0m - dagster - [34mINFO[0m - __ASSET_JOB - 42ed48e6-71b4-4cd7-b464-49d9371f4474 - final_athletes -   001-2_compiled.htm: 12 qualifiers
[32m2026-06-01 12:34:48 -0700[0m - dagster - [34mINFO[0m - __ASSET_JOB - 42ed48e6-71b4-4cd7-b464-49d9371f4474 - final_athletes -   002-2_compiled.htm: 12 qualifiers
[32m2026-06-01 12:34:48 -0700[0m - dagster - [34mINFO[0m - __ASSET_JOB - 42ed48e6-71b4-4cd7-b464-49d9371f4474 - final_athletes -   003-2_compiled.htm: 12 qualifiers
[32m2026-06-01 12:34:48 -0700[0m - dagster - [34mINFO[0m - __ASSET_JOB - 42ed48e6-71b4-4cd7-b464-49d9371f4474 - final_athletes -   004-2_compiled.htm: 12 qualifiers
[32m2026-06-01 12:34:49 -0700[0m - dagster - [34mINFO[0m - __ASSET_JOB - 42ed48e6-71b4-4cd7-b464-49d9371f4474 - final_athletes -   005-2_compiled.htm: 12 qualifiers
[32m2026-06-01 12:34:49 -0700[0m - dagster - [34mINFO[0m - __ASSET_JOB - 42ed48e6-71b4-4cd7-b464-49d9371f4474 - final_athletes -   006-1_compiled.htm: 12 qualifiers
[32m2026-06-01 12:34:49 -0700[0m - dagster - [34mINFO[0m - __ASSET_JOB - 42ed48e6-71b4-4cd7-b464-49d9371f4474 - final_athletes -   007-1_compiled.htm: 12 qualifiers
[32m2026-06-01 12:34:50 -0700[0m - dagster - [34mINFO[0m - __ASSET_JOB - 42ed48e6-71b4-4cd7-b464-49d9371f4474 - final_athletes -   008-1_compiled.htm: 12 qualifiers
[32m2026-06-01 12:34:50 -0700[0m - dagster - [34mINFO[0m - __ASSET_JOB - 42ed48e6-71b4-4cd7-b464-49d9371f4474 - final_athletes -   009-2_compiled.htm: 12 qualifiers
[32m2026-06-01 12:34:50 -0700[0m - dagster - [34mINFO[0m - __ASSET_JOB - 42ed48e6-71b4-4cd7-b464-49d9371f4474 - final_athletes -   010-2_compiled.htm: 12 qualifiers
[32m2026-06-01 12:34:51 -0700[0m - dagster - [34mINFO[0m - __ASSET_JOB - 42ed48e6-71b4-4cd7-b464-49d9371f4474 - final_athletes -   011-1_compiled.htm: 12 qualifiers
[32m2026-06-01 12:34:51 -0700[0m - dagster - [34mINFO[0m - __ASSET_JOB - 42ed48e6-71b4-4cd7-b464-49d9371f4474 - final_athletes -   012-1_compiled.htm: 12 qualifiers
[32m2026-06-01 12:34:51 -0700[0m - dagster - [34mINFO[0m - __ASSET_JOB - 42ed48e6-71b4-4cd7-b464-49d9371f4474 - final_athletes -   013-1_compiled.htm: 12 qualifiers
[32m2026-06-01 12:34:52 -0700[0m - dagster - [34mINFO[0m - __ASSET_JOB - 42ed48e6-71b4-4cd7-b464-49d9371f4474 - final_athletes -   014-1_compiled.htm: 12 qualifiers
[32m2026-06-01 12:34:52 -0700[0m - dagster - [34mINFO[0m - __ASSET_JOB - 42ed48e6-71b4-4cd7-b464-49d9371f4474 - final_athletes -   015-1_compiled.htm: 12 qualifiers
[32m2026-06-01 12:34:52 -0700[0m - dagster - [34mINFO[0m - __ASSET_JOB - 42ed48e6-71b4-4cd7-b464-49d9371f4474 - final_athletes -   016-1_compiled.htm: 12 qualifiers
[32m2026-06-01 12:34:53 -0700[0m - dagster - [34mINFO[0m - __ASSET_JOB - 42ed48e6-71b4-4cd7-b464-49d9371f4474 - final_athletes -   017-1_compiled.htm: 12 qualifiers
[32m2026-06-01 12:34:53 -0700[0m - dagster - [34mINFO[0m - __ASSET_JOB - 42ed48e6-71b4-4cd7-b464-49d9371f4474 - final_athletes -   018-1_compiled.htm: 12 qualifiers
[32m2026-06-01 12:34:53 -0700[0m - dagster - [34mINFO[0m - __ASSET_JOB - 42ed48e6-71b4-4cd7-b464-49d9371f4474 - final_athletes -   019-1_compiled.htm: 12 qualifiers
[32m2026-06-01 12:34:54 -0700[0m - dagster - [34mINFO[0m - __ASSET_JOB - 42ed48e6-71b4-4cd7-b464-49d9371f4474 - final_athletes -   020-1_compiled.htm: 12 qualifiers
[32m2026-06-01 12:34:54 -0700[0m - dagster - [34mINFO[0m - __ASSET_JOB - 42ed48e6-71b4-4cd7-b464-49d9371f4474 - final_athletes -   021-2_compiled.htm: 12 qualifiers
[32m2026-06-01 12:34:54 -0700[0m - dagster - [34mINFO[0m - __ASSET_JOB - 42ed48e6-71b4-4cd7-b464-49d9371f4474 - final_athletes -   022-2_compiled.htm: 12 qualifiers
[32m2026-06-01 12:34:55 -0700[0m - dagster - [34mINFO[0m - __ASSET_JOB - 42ed48e6-71b4-4cd7-b464-49d9371f4474 - final_athletes -   023-2_compiled.htm: 12 qualifiers
[32m2026-06-01 12:34:55 -0700[0m - dagster - [34mINFO[0m - __ASSET_JOB - 42ed48e6-71b4-4cd7-b464-49d9371f4474 - final_athletes -   024-2_compiled.htm: 12 qualifiers
[32m2026-06-01 12:34:56 -0700[0m - dagster - [34mINFO[0m - __ASSET_JOB - 42ed48e6-71b4-4cd7-b464-49d9371f4474 - final_athletes -   025-2_compiled.htm: 12 qualifiers
[32m2026-06-01 12:34:56 -0700[0m - dagster - [34mINFO[0m - __ASSET_JOB - 42ed48e6-71b4-4cd7-b464-49d9371f4474 - final_athletes -   026-1_compiled.htm: 12 qualifiers
[32m2026-06-01 12:34:56 -0700[0m - dagster - [34mINFO[0m - __ASSET_JOB - 42ed48e6-71b4-4cd7-b464-49d9371f4474 - final_athletes -   027-1_compiled.htm: 12 qualifiers
[32m2026-06-01 12:34:57 -0700[0m - dagster - [34mINFO[0m - __ASSET_JOB - 42ed48e6-71b4-4cd7-b464-49d9371f4474 - final_athletes -   028-1_compiled.htm: 12 qualifiers
[32m2026-06-01 12:34:57 -0700[0m - dagster - [34mINFO[0m - __ASSET_JOB - 42ed48e6-71b4-4cd7-b464-49d9371f4474 - final_athletes -   029-2_compiled.htm: 12 qualifiers
[32m2026-06-01 12:34:57 -0700[0m - dagster - [34mINFO[0m - __ASSET_JOB - 42ed48e6-71b4-4cd7-b464-49d9371f4474 - final_athletes -   030-2_compiled.htm: 12 qualifiers
[32m2026-06-01 12:34:57 -0700[0m - dagster - [34mINFO[0m - __ASSET_JOB - 42ed48e6-71b4-4cd7-b464-49d9371f4474 - final_athletes -   031-1_compiled.htm: 12 qualifiers
[32m2026-06-01 12:34:58 -0700[0m - dagster - [34mINFO[0m - __ASSET_JOB - 42ed48e6-71b4-4cd7-b464-49d9371f4474 - final_athletes -   032-1_compiled.htm: 12 qualifiers
[32m2026-06-01 12:34:58 -0700[0m - dagster - [34mINFO[0m - __ASSET_JOB - 42ed48e6-71b4-4cd7-b464-49d9371f4474 - final_athletes -   033-1_compiled.htm: 12 qualifiers
[32m2026-06-01 12:34:58 -0700[0m - dagster - [34mINFO[0m - __ASSET_JOB - 42ed48e6-71b4-4cd7-b464-49d9371f4474 - final_athletes -   034-1_compiled.htm: 12 qualifiers
[32m2026-06-01 12:34:59 -0700[0m - dagster - [34mINFO[0m - __ASSET_JOB - 42ed48e6-71b4-4cd7-b464-49d9371f4474 - final_athletes -   035-1_compiled.htm: 12 qualifiers
[32m2026-06-01 12:34:59 -0700[0m - dagster - [34mINFO[0m - __ASSET_JOB - 42ed48e6-71b4-4cd7-b464-49d9371f4474 - final_athletes -   036-1_compiled.htm: 12 qualifiers
[32m2026-06-01 12:34:59 -0700[0m - dagster - [34mINFO[0m - __ASSET_JOB - 42ed48e6-71b4-4cd7-b464-49d9371f4474 - final_athletes -   037-1_compiled.htm: 12 qualifiers
[32m2026-06-01 12:35:00 -0700[0m - dagster - [34mINFO[0m - __ASSET_JOB - 42ed48e6-71b4-4cd7-b464-49d9371f4474 - final_athletes -   038-1_compiled.htm: 12 qualifiers
[32m2026-06-01 12:35:00 -0700[0m - dagster - [34mINFO[0m - __ASSET_JOB - 42ed48e6-71b4-4cd7-b464-49d9371f4474 - final_athletes -   039-1_compiled.htm: 12 qualifiers
[32m2026-06-01 12:35:00 -0700[0m - dagster - [34mINFO[0m - __ASSET_JOB - 42ed48e6-71b4-4cd7-b464-49d9371f4474 - final_athletes -   040-1_compiled.htm: 12 qualifiers
[32m2026-06-01 12:35:00 -0700[0m - dagster - [34mINFO[0m - __ASSET_JOB - 42ed48e6-71b4-4cd7-b464-49d9371f4474 - final_athletes - Saved 956 total qualifiers → data/final_athletes.csv
[32m2026-06-01 12:35:00 -0700[0m - dagster - [34mINFO[0m - __ASSET_JOB - 42ed48e6-71b4-4cd7-b464-49d9371f4474 - final_athletes -   Athletes with matched athlete_id: 860
[32m2026-06-01 12:35:00 -0700[0m - dagster - [34mDEBUG[0m - __ASSET_JOB - 42ed48e6-71b4-4cd7-b464-49d9371f4474 - 74872 - final_athletes - STEP_OUTPUT - Yielded output "result" of type "DataFrame". (Type check passed).
[32m2026-06-01 12:35:00 -0700[0m - dagster - [34mDEBUG[0m - __ASSET_JOB - 42ed48e6-71b4-4cd7-b464-49d9371f4474 - final_athletes - Writing file at: /Users/katelynvuong/Desktop/2026-ncaa-tf-predictions/.tmp_dagster_home_17skikmc/storage/final_athletes using PickledObjectFilesystemIOManager...
[32m2026-06-01 12:35:00 -0700[0m - dagster - [34mDEBUG[0m - __ASSET_JOB - 42ed48e6-71b4-4cd7-b464-49d9371f4474 - 74872 - final_athletes - ASSET_MATERIALIZATION - Materialized value final_athletes.
[32m2026-06-01 12:35:00 -0700[0m - dagster - [34mDEBUG[0m - __ASSET_JOB - 42ed48e6-71b4-4cd7-b464-49d9371f4474 - 74872 - final_athletes - HANDLED_OUTPUT - Handled output "result" using IO manager "io_manager"
[32m2026-06-01 12:35:00 -0700[0m - dagster - [34mDEBUG[0m - __ASSET_JOB - 42ed48e6-71b4-4cd7-b464-49d9371f4474 - 74872 - final_athletes - STEP_SUCCESS - Finished execution of step "final_athletes" in 27.45s.
